Archive member included to satisfy reference by file (symbol)

C:\Users\USER\Documents\Workspace\ArduinoCore\328P_16MHz\libArduinoCore.a(HardwareSerial.o)
                              ./main.o (_ZN14HardwareSerial9availableEv)
C:\Users\USER\Documents\Workspace\ArduinoCore\328P_16MHz\libArduinoCore.a(HardwareSerial0.o)
                              ./HomeAutoLight/HomeAutoLight.o (Serial)
C:\Users\USER\Documents\Workspace\ArduinoCore\328P_16MHz\libArduinoCore.a(Print.o)
                              C:\Users\USER\Documents\Workspace\ArduinoCore\328P_16MHz\libArduinoCore.a(HardwareSerial.o) (_ZN5Print5writeEPKhj)
C:\Users\USER\Documents\Workspace\ArduinoCore\328P_16MHz\libArduinoCore.a(WInterrupts.o)
                              ./HomeAutoLight/HomeAutoLight.o (attachInterrupt)
C:\Users\USER\Documents\Workspace\ArduinoCore\328P_16MHz\libArduinoCore.a(abi.o)
                              C:\Users\USER\Documents\Workspace\ArduinoCore\328P_16MHz\libArduinoCore.a(Print.o) (__cxa_pure_virtual)
C:\Users\USER\Documents\Workspace\ArduinoCore\328P_16MHz\libArduinoCore.a(main.o)
                              c:/arduino/hardware/tools/avr/bin/../lib/gcc/avr/4.8.1/../../../../avr/lib/avr5/crtm328p.o (main)
C:\Users\USER\Documents\Workspace\ArduinoCore\328P_16MHz\libArduinoCore.a(wiring.o)
                              ./HomeAutoLight/Time.o (millis)
C:\Users\USER\Documents\Workspace\ArduinoCore\328P_16MHz\libArduinoCore.a(wiring_analog.o)
                              ./HomeAutoLight/HomeAutoLight.o (analogRead)
C:\Users\USER\Documents\Workspace\ArduinoCore\328P_16MHz\libArduinoCore.a(wiring_digital.o)
                              ./HomeAutoLight/HomeAutoLight.o (pinMode)
C:\Users\USER\Documents\Workspace\ArduinoCore\328P_16MHz\libArduinoCore.a(hooks.o)
                              C:\Users\USER\Documents\Workspace\ArduinoCore\328P_16MHz\libArduinoCore.a(wiring.o) (yield)
c:/arduino/hardware/tools/avr/bin/../lib/gcc/avr/4.8.1/avr5\libgcc.a(_divmodhi4.o)
                              ./HomeAutoLight/Time.o (__divmodhi4)
c:/arduino/hardware/tools/avr/bin/../lib/gcc/avr/4.8.1/avr5\libgcc.a(_udivmodsi4.o)
                              ./HomeAutoLight/Time.o (__udivmodsi4)
c:/arduino/hardware/tools/avr/bin/../lib/gcc/avr/4.8.1/avr5\libgcc.a(_exit.o)
                              c:/arduino/hardware/tools/avr/bin/../lib/gcc/avr/4.8.1/../../../../avr/lib/avr5/crtm328p.o (exit)
c:/arduino/hardware/tools/avr/bin/../lib/gcc/avr/4.8.1/avr5\libgcc.a(_copy_data.o)
                              ./HomeAutoLight/HomeAutoLight.o (__do_copy_data)
c:/arduino/hardware/tools/avr/bin/../lib/gcc/avr/4.8.1/avr5\libgcc.a(_clear_bss.o)
                              ./HomeAutoLight/DateStrings.o (__do_clear_bss)
c:/arduino/hardware/tools/avr/bin/../lib/gcc/avr/4.8.1/avr5\libgcc.a(_ctors.o)
                              ./main.o (__do_global_ctors)
c:/arduino/hardware/tools/avr/bin/../lib/gcc/avr/4.8.1/avr5\libgcc.a(_umulhisi3.o)
                              ./HomeAutoLight/Time.o (__umulhisi3)
c:/arduino/hardware/tools/avr/bin/../lib/gcc/avr/4.8.1/avr5\libgcc.a(_muluhisi3.o)
                              ./HomeAutoLight/Time.o (__muluhisi3)
c:/arduino/hardware/tools/avr/bin/../lib/gcc/avr/4.8.1/avr5\libgcc.a(_mulshisi3.o)
                              ./HomeAutoLight/Time.o (__mulshisi3)
c:/arduino/hardware/tools/avr/bin/../lib/gcc/avr/4.8.1/avr5\libgcc.a(_udivmodhi4.o)
                              c:/arduino/hardware/tools/avr/bin/../lib/gcc/avr/4.8.1/avr5\libgcc.a(_divmodhi4.o) (__udivmodhi4)
c:/arduino/hardware/tools/avr/bin/../lib/gcc/avr/4.8.1/avr5\libgcc.a(_tablejump.o)
                              c:/arduino/hardware/tools/avr/bin/../lib/gcc/avr/4.8.1/avr5\libgcc.a(_ctors.o) (__tablejump__)
c:/arduino/hardware/tools/avr/bin/../lib/gcc/avr/4.8.1/../../../../avr/lib/avr5\libm.a(addsf3.o)
                              C:\Users\USER\Documents\Workspace\ArduinoCore\328P_16MHz\libArduinoCore.a(Print.o) (__subsf3)
c:/arduino/hardware/tools/avr/bin/../lib/gcc/avr/4.8.1/../../../../avr/lib/avr5\libm.a(addsf3x.o)
                              c:/arduino/hardware/tools/avr/bin/../lib/gcc/avr/4.8.1/../../../../avr/lib/avr5\libm.a(addsf3.o) (__addsf3x)
c:/arduino/hardware/tools/avr/bin/../lib/gcc/avr/4.8.1/../../../../avr/lib/avr5\libm.a(cmpsf2.o)
                              C:\Users\USER\Documents\Workspace\ArduinoCore\328P_16MHz\libArduinoCore.a(Print.o) (__ltsf2)
c:/arduino/hardware/tools/avr/bin/../lib/gcc/avr/4.8.1/../../../../avr/lib/avr5\libm.a(divsf3.o)
                              C:\Users\USER\Documents\Workspace\ArduinoCore\328P_16MHz\libArduinoCore.a(Print.o) (__divsf3)
c:/arduino/hardware/tools/avr/bin/../lib/gcc/avr/4.8.1/../../../../avr/lib/avr5\libm.a(divsf3x.o)
                              c:/arduino/hardware/tools/avr/bin/../lib/gcc/avr/4.8.1/../../../../avr/lib/avr5\libm.a(divsf3.o) (__divsf3x)
c:/arduino/hardware/tools/avr/bin/../lib/gcc/avr/4.8.1/../../../../avr/lib/avr5\libm.a(fixsfsi.o)
[...]
Memory Configuration

Name             Origin             Length             Attributes
text             0x00000000         0x00020000         xr
data             0x00800060         0x0000ffa0         rw !x
eeprom           0x00810000         0x00010000         rw !x
fuse             0x00820000         0x00000400         rw !x
lock             0x00830000         0x00000400         rw !x
signature        0x00840000         0x00000400         rw !x
*default*        0x00000000         0xffffffff

Linker script and memory map

Address of section .data set to 0x800100
LOAD c:/arduino/hardware/tools/avr/bin/../lib/gcc/avr/4.8.1/../../../../avr/lib/avr5/crtm328p.o
LOAD ./HomeAutoLight/DateStrings.o
LOAD ./HomeAutoLight/HomeAutoLight.o
LOAD ./HomeAutoLight/Time.o
LOAD ./main.o
LOAD C:\Users\USER\Documents\Workspace\ArduinoCore\328P_16MHz\libArduinoCore.a
LOAD c:/arduino/hardware/tools/avr/bin/../lib/gcc/avr/4.8.1/avr5\libgcc.a
LOAD c:/arduino/hardware/tools/avr/bin/../lib/gcc/avr/4.8.1/../../../../avr/lib/avr5\libm.a
START GROUP
LOAD c:/arduino/hardware/tools/avr/bin/../lib/gcc/avr/4.8.1/avr5\libgcc.a
LOAD c:/arduino/hardware/tools/avr/bin/../lib/gcc/avr/4.8.1/../../../../avr/lib/avr5\libm.a
LOAD c:/arduino/hardware/tools/avr/bin/../lib/gcc/avr/4.8.1/../../../../avr/lib/avr5\libc.a
END GROUP

.hash
 *(.hash)

.dynsym
 *(.dynsym)

.dynstr
 *(.dynstr)

.gnu.version
 *(.gnu.version)

.gnu.version_d
 *(.gnu.version_d)

.gnu.version_r
 *(.gnu.version_r)

.rel.init
 *(.rel.init)

.rela.init
 *(.rela.init)

.rel.text
 *(.rel.text)
 *(.rel.text.*)
 *(.rel.gnu.linkonce.t*)

.rela.text
 *(.rela.text)
 *(.rela.text.*)
 *(.rela.gnu.linkonce.t*)

.rel.fini
 *(.rel.fini)

.rela.fini
 *(.rela.fini)

.rel.rodata
 *(.rel.rodata)
 *(.rel.rodata.*)
 *(.rel.gnu.linkonce.r*)

.rela.rodata
 *(.rela.rodata)
 *(.rela.rodata.*)
 *(.rela.gnu.linkonce.r*)

.rel.data
 *(.rel.data)
 *(.rel.data.*)
 *(.rel.gnu.linkonce.d*)

.rela.data
 *(.rela.data)
 *(.rela.data.*)
 *(.rela.gnu.linkonce.d*)

.rel.ctors
 *(.rel.ctors)

.rela.ctors
 *(.rela.ctors)

.rel.dtors
 *(.rel.dtors)

.rela.dtors
 *(.rela.dtors)

.rel.got
 *(.rel.got)

.rela.got
 *(.rela.got)

.rel.bss
 *(.rel.bss)

.rela.bss
 *(.rela.bss)

.rel.plt
 *(.rel.plt)

.rela.plt
 *(.rela.plt)

.text           0x00000000      0xfa0
 *(.vectors)
 .vectors       0x00000000       0x68 c:/arduino/hardware/tools/avr/bin/../lib/gcc/avr/4.8.1/../../../../avr/lib/avr5/crtm328p.o
                0x00000000                __vector_default
                0x00000000                __vectors
 *(.vectors)
 *(.progmem.gcc*)
                0x00000068                . = ALIGN (0x2)
                0x00000068                __trampolines_start = .
 *(.trampolines)
 .trampolines   0x00000068        0x0 linker stubs
 *(.trampolines*)
                0x00000068                __trampolines_end = .
 *(.progmem*)
 .progmem.data.digital_pin_to_timer_PGM
                0x00000068       0x14 C:\Users\USER\Documents\Workspace\ArduinoCore\328P_16MHz\libArduinoCore.a(wiring_digital.o)
                0x00000068                digital_pin_to_timer_PGM
 .progmem.data.digital_pin_to_bit_mask_PGM
                0x0000007c       0x14 C:\Users\USER\Documents\Workspace\ArduinoCore\328P_16MHz\libArduinoCore.a(wiring_digital.o)
                0x0000007c                digital_pin_to_bit_mask_PGM
 .progmem.data.digital_pin_to_port_PGM
                0x00000090       0x14 C:\Users\USER\Documents\Workspace\ArduinoCore\328P_16MHz\libArduinoCore.a(wiring_digital.o)
                0x00000090                digital_pin_to_port_PGM
 .progmem.data.port_to_input_PGM
                0x000000a4        0xa C:\Users\USER\Documents\Workspace\ArduinoCore\328P_16MHz\libArduinoCore.a(wiring_digital.o)
                0x000000a4                port_to_input_PGM
 .progmem.data.port_to_output_PGM
                0x000000ae        0xa C:\Users\USER\Documents\Workspace\ArduinoCore\328P_16MHz\libArduinoCore.a(wiring_digital.o)
                0x000000ae                port_to_output_PGM
 .progmem.data.port_to_mode_PGM
                0x000000b8        0xa C:\Users\USER\Documents\Workspace\ArduinoCore\328P_16MHz\libArduinoCore.a(wiring_digital.o)
                0x000000b8                port_to_mode_PGM
                0x000000c2                . = ALIGN (0x2)
 *(.jumptables)
 *(.jumptables*)
 *(.lowtext)
 *(.lowtext*)
                0x000000c2                __ctors_start = .
 *(.ctors)
 .ctors         0x000000c2        0x2 ./main.o
 .ctors         0x000000c4        0x2 C:\Users\USER\Documents\Workspace\ArduinoCore\328P_16MHz\libArduinoCore.a(HardwareSerial0.o)
                0x000000c6                __ctors_end = .
                0x000000c6                __dtors_start = .
 *(.dtors)
                0x000000c6                __dtors_end = .
 SORT(*)(.ctors)
 SORT(*)(.dtors)
 *(.init0)
 .init0         0x000000c6        0x0 c:/arduino/hardware/tools/avr/bin/../lib/gcc/avr/4.8.1/../../../../avr/lib/avr5/crtm328p.o
                0x000000c6                __init
 *(.init0)
 *(.init1)
 *(.init1)
 *(.init2)
 .init2         0x000000c6        0xc c:/arduino/hardware/tools/avr/bin/../lib/gcc/avr/4.8.1/../../../../avr/lib/avr5/crtm328p.o
 *(.init2)
 *(.init3)
 *(.init3)
 *(.init4)
 .init4         0x000000d2       0x16 c:/arduino/hardware/tools/avr/bin/../lib/gcc/avr/4.8.1/avr5\libgcc.a(_copy_data.o)
                0x000000d2                __do_copy_data
 .init4         0x000000e8       0x10 c:/arduino/hardware/tools/avr/bin/../lib/gcc/avr/4.8.1/avr5\libgcc.a(_clear_bss.o)
                0x000000e8                __do_clear_bss
 *(.init4)
 *(.init5)
 *(.init5)
 *(.init6)
 .init6         0x000000f8       0x14 c:/arduino/hardware/tools/avr/bin/../lib/gcc/avr/4.8.1/avr5\libgcc.a(_ctors.o)
                0x000000f8                __do_global_ctors
 *(.init6)
 *(.init7)
 *(.init7)
 *(.init8)
 *(.init8)
 *(.init9)
 .init9         0x0000010c        0x4 c:/arduino/hardware/tools/avr/bin/../lib/gcc/avr/4.8.1/../../../../avr/lib/avr5/crtm328p.o
 *(.init9)
 *(.text)
 .text          0x00000110        0x2 c:/arduino/hardware/tools/avr/bin/../lib/gcc/avr/4.8.1/../../../../avr/lib/avr5/crtm328p.o
                0x00000110                __vector_22
                0x00000110                __vector_24
                0x00000110                __vector_12
                0x00000110                __bad_interrupt
                0x00000110                __vector_6
                0x00000110                __vector_3
                0x00000110                __vector_23
                0x00000110                __vector_25
                0x00000110                __vector_11
                0x00000110                __vector_13
                0x00000110                __vector_17
                0x00000110                __vector_7
                0x00000110                __vector_5
                0x00000110                __vector_4
                0x00000110                __vector_9
                0x00000110                __vector_21
                0x00000110                __vector_15
                0x00000110                __vector_8
                0x00000110                __vector_14
                0x00000110                __vector_10
                0x00000110                __vector_20
                0x00000112                . = ALIGN (0x2)
 *(.text.*)
 .text.wakeUpNow
                0x00000112       0x16 ./HomeAutoLight/HomeAutoLight.o
                0x00000112                wakeUpNow
 .text._ZN9CCDSensorC2Eii
                0x00000128       0x5c ./HomeAutoLight/HomeAutoLight.o
                0x00000128                _ZN9CCDSensorC1Eii
                0x00000128                _ZN9CCDSensorC2Eii
 .text._ZN9CCDSensor18get_anal_light_valEv
                0x00000184       0x1c ./HomeAutoLight/HomeAutoLight.o
                0x00000184                _ZN9CCDSensor18get_anal_light_valEv
 .text._ZN9CCDSensor19get_digit_light_valEv
                0x000001a0       0x14 ./HomeAutoLight/HomeAutoLight.o
                0x000001a0                _ZN9CCDSensor19get_digit_light_valEv
 .text._ZN9CCDSensor11print_ValueEv
                0x000001b4       0x92 ./HomeAutoLight/HomeAutoLight.o
                0x000001b4                _ZN9CCDSensor11print_ValueEv
 .text._ZN9CCDSensor20check_state_go_sleepEv
                0x00000246       0x82 ./HomeAutoLight/HomeAutoLight.o
                0x00000246                _ZN9CCDSensor20check_state_go_sleepEv
 .text._ZN9SleepModeC2Ei
                0x000002c8        0xc ./HomeAutoLight/HomeAutoLight.o
                0x000002c8                _ZN9SleepModeC1Ei
                0x000002c8                _ZN9SleepModeC2Ei
 .text._ZN9SleepMode8sleepNowEv
                0x000002d4       0x32 ./HomeAutoLight/HomeAutoLight.o
                0x000002d4                _ZN9SleepMode8sleepNowEv
 .text.loop     0x00000306      0x116 ./main.o
                0x00000306                loop
 .text.startup._GLOBAL__sub_I_date_buffer
                0x0000041c       0x18 ./main.o
 .text.setup    0x00000434       0x8e ./main.o
                0x00000434                setup
 .text._ZN14HardwareSerial9availableEv
                0x000004c2       0x16 C:\Users\USER\Documents\Workspace\ArduinoCore\328P_16MHz\libArduinoCore.a(HardwareSerial.o)
                0x000004c2                _ZN14HardwareSerial9availableEv
 .text._ZN14HardwareSerial4peekEv
                0x000004d8       0x1c C:\Users\USER\Documents\Workspace\ArduinoCore\328P_16MHz\libArduinoCore.a(HardwareSerial.o)
                0x000004d8                _ZN14HardwareSerial4peekEv
 .text._ZN14HardwareSerial4readEv
                0x000004f4       0x28 C:\Users\USER\Documents\Workspace\ArduinoCore\328P_16MHz\libArduinoCore.a(HardwareSerial.o)
                0x000004f4                _ZN14HardwareSerial4readEv
 .text._Z14serialEventRunv
                0x0000051c       0x1a C:\Users\USER\Documents\Workspace\ArduinoCore\328P_16MHz\libArduinoCore.a(HardwareSerial.o)
                0x0000051c                _Z14serialEventRunv
 .text._ZN14HardwareSerial17_tx_udr_empty_irqEv
                0x00000536       0x42 C:\Users\USER\Documents\Workspace\ArduinoCore\328P_16MHz\libArduinoCore.a(HardwareSerial.o)
                0x00000536                _ZN14HardwareSerial17_tx_udr_empty_irqEv
 .text._ZN14HardwareSerial5flushEv
                0x00000578       0x42 C:\Users\USER\Documents\Workspace\ArduinoCore\328P_16MHz\libArduinoCore.a(HardwareSerial.o)
                0x00000578                _ZN14HardwareSerial5flushEv
 .text._ZN14HardwareSerial5writeEh
                0x000005ba       0xc8 C:\Users\USER\Documents\Workspace\ArduinoCore\328P_16MHz\libArduinoCore.a(HardwareSerial.o)
                0x000005ba                _ZN14HardwareSerial5writeEh
 .text._ZN14HardwareSerial5beginEmh
                0x00000682       0xc0 C:\Users\USER\Documents\Workspace\ArduinoCore\328P_16MHz\libArduinoCore.a(HardwareSerial.o)
                0x00000682                _ZN14HardwareSerial5beginEmh
 .text.__vector_18
                0x00000742       0x64 C:\Users\USER\Documents\Workspace\ArduinoCore\328P_16MHz\libArduinoCore.a(HardwareSerial0.o)
                0x00000742                __vector_18
 .text.__vector_19
                0x000007a6       0x4a C:\Users\USER\Documents\Workspace\ArduinoCore\328P_16MHz\libArduinoCore.a(HardwareSerial0.o)
                0x000007a6                __vector_19
 .text._Z17Serial0_availablev
                0x000007f0       0x12 C:\Users\USER\Documents\Workspace\ArduinoCore\328P_16MHz\libArduinoCore.a(HardwareSerial0.o)
                0x000007f0                _Z17Serial0_availablev
 .text.startup._GLOBAL__sub_I___vector_18
                0x00000802       0x86 C:\Users\USER\Documents\Workspace\ArduinoCore\328P_16MHz\libArduinoCore.a(HardwareSerial0.o)
 .text._ZN5Print5writeEPKhj
                0x00000888       0x50 C:\Users\USER\Documents\Workspace\ArduinoCore\328P_16MHz\libArduinoCore.a(Print.o)
                0x00000888                _ZN5Print5writeEPKhj
 .text._ZN5Print5writeEPKc
                0x000008d8       0x2c C:\Users\USER\Documents\Workspace\ArduinoCore\328P_16MHz\libArduinoCore.a(Print.o)
                0x000008d8                _ZN5Print5writeEPKc
 .text._ZN5Print5printEPKc
                0x00000904        0x2 C:\Users\USER\Documents\Workspace\ArduinoCore\328P_16MHz\libArduinoCore.a(Print.o)
                0x00000904                _ZN5Print5printEPKc
 .text._ZN5Print5printEc
                0x00000906        0xe C:\Users\USER\Documents\Workspace\ArduinoCore\328P_16MHz\libArduinoCore.a(Print.o)
                0x00000906                _ZN5Print5printEc
 .text._ZN5Print7printlnEv
                0x00000914       0x24 C:\Users\USER\Documents\Workspace\ArduinoCore\328P_16MHz\libArduinoCore.a(Print.o)
                0x00000914                _ZN5Print7printlnEv
 .text._ZN5Print7printlnEPKc
                0x00000938       0x20 C:\Users\USER\Documents\Workspace\ArduinoCore\328P_16MHz\libArduinoCore.a(Print.o)
                0x00000938                _ZN5Print7printlnEPKc
 .text._ZN5Print11printNumberEmh
                0x00000958       0xae C:\Users\USER\Documents\Workspace\ArduinoCore\328P_16MHz\libArduinoCore.a(Print.o)
                0x00000958                _ZN5Print11printNumberEmh
 .text._ZN5Print5printEli
                0x00000a06       0x8e C:\Users\USER\Documents\Workspace\ArduinoCore\328P_16MHz\libArduinoCore.a(Print.o)
                0x00000a06                _ZN5Print5printEli
 .text._ZN5Print5printEii
                0x00000a94        0xe C:\Users\USER\Documents\Workspace\ArduinoCore\328P_16MHz\libArduinoCore.a(Print.o)
                0x00000a94                _ZN5Print5printEii
 .text._ZN5Print7printlnEii
                0x00000aa2       0x2c C:\Users\USER\Documents\Workspace\ArduinoCore\328P_16MHz\libArduinoCore.a(Print.o)
                0x00000aa2                _ZN5Print7printlnEii
 .text.attachInterrupt
                0x00000ace       0x40 C:\Users\USER\Documents\Workspace\ArduinoCore\328P_16MHz\libArduinoCore.a(WInterrupts.o)
                0x00000ace                attachInterrupt
 .text.detachInterrupt
                0x00000b0e       0x20 C:\Users\USER\Documents\Workspace\ArduinoCore\328P_16MHz\libArduinoCore.a(WInterrupts.o)
                0x00000b0e                detachInterrupt
 .text.__vector_1
                0x00000b2e       0x5a C:\Users\USER\Documents\Workspace\ArduinoCore\328P_16MHz\libArduinoCore.a(WInterrupts.o)
                0x00000b2e                __vector_1
 .text.__vector_2
                0x00000b88       0x5a C:\Users\USER\Documents\Workspace\ArduinoCore\328P_16MHz\libArduinoCore.a(WInterrupts.o)
                0x00000b88                __vector_2
 .text.initVariant
                0x00000be2        0x2 C:\Users\USER\Documents\Workspace\ArduinoCore\328P_16MHz\libArduinoCore.a(main.o)
                0x00000be2                initVariant
 .text.startup.main
                0x00000be4       0x14 C:\Users\USER\Documents\Workspace\ArduinoCore\328P_16MHz\libArduinoCore.a(main.o)
                0x00000be4                main
 .text.__vector_16
                0x00000bf8       0x94 C:\Users\USER\Documents\Workspace\ArduinoCore\328P_16MHz\libArduinoCore.a(wiring.o)
                0x00000bf8                __vector_16
 .text.micros   0x00000c8c       0x46 C:\Users\USER\Documents\Workspace\ArduinoCore\328P_16MHz\libArduinoCore.a(wiring.o)
                0x00000c8c                micros
 .text.delay    0x00000cd2       0x4a C:\Users\USER\Documents\Workspace\ArduinoCore\328P_16MHz\libArduinoCore.a(wiring.o)
                0x00000cd2                delay
 .text.init     0x00000d1c       0x76 C:\Users\USER\Documents\Workspace\ArduinoCore\328P_16MHz\libArduinoCore.a(wiring.o)
                0x00000d1c                init
 .text.analogRead
                0x00000d92       0x3a C:\Users\USER\Documents\Workspace\ArduinoCore\328P_16MHz\libArduinoCore.a(wiring_analog.o)
                0x00000d92                analogRead
 .text.turnOffPWM
                0x00000dcc       0x52 C:\Users\USER\Documents\Workspace\ArduinoCore\328P_16MHz\libArduinoCore.a(wiring_digital.o)
 .text.pinMode  0x00000e1e       0x72 C:\Users\USER\Documents\Workspace\ArduinoCore\328P_16MHz\libArduinoCore.a(wiring_digital.o)
                0x00000e1e                pinMode
 .text.digitalWrite
                0x00000e90       0x6a C:\Users\USER\Documents\Workspace\ArduinoCore\328P_16MHz\libArduinoCore.a(wiring_digital.o)
                0x00000e90                digitalWrite
 .text.digitalRead
                0x00000efa       0x50 C:\Users\USER\Documents\Workspace\ArduinoCore\328P_16MHz\libArduinoCore.a(wiring_digital.o)
                0x00000efa                digitalRead
 .text.__empty  0x00000f4a        0x2 C:\Users\USER\Documents\Workspace\ArduinoCore\328P_16MHz\libArduinoCore.a(hooks.o)
                0x00000f4a                yield
 .text.libgcc.div
                0x00000f4c       0x44 c:/arduino/hardware/tools/avr/bin/../lib/gcc/avr/4.8.1/avr5\libgcc.a(_udivmodsi4.o)
                0x00000f4c                __udivmodsi4
 .text.libgcc   0x00000f90        0xc c:/arduino/hardware/tools/avr/bin/../lib/gcc/avr/4.8.1/avr5\libgcc.a(_tablejump.o)
                0x00000f90                __tablejump2__
                0x00000f94                __tablejump__
                0x00000f9c                . = ALIGN (0x2)
 *(.fini9)
 .fini9         0x00000f9c        0x0 c:/arduino/hardware/tools/avr/bin/../lib/gcc/avr/4.8.1/avr5\libgcc.a(_exit.o)
                0x00000f9c                _exit
                0x00000f9c                exit
 *(.fini9)
 *(.fini8)
 *(.fini8)
 *(.fini7)
 *(.fini7)
 *(.fini6)
 *(.fini6)
 *(.fini5)
 *(.fini5)
 *(.fini4)
 *(.fini4)
 *(.fini3)
 *(.fini3)
 *(.fini2)
 *(.fini2)
 *(.fini1)
 *(.fini1)
 *(.fini0)
 .fini0         0x00000f9c        0x4 c:/arduino/hardware/tools/avr/bin/../lib/gcc/avr/4.8.1/avr5\libgcc.a(_exit.o)
 *(.fini0)
                0x00000fa0                _etext = .

.data           0x00800100       0xd2 load address 0x00000fa0
                0x00800100                PROVIDE (__data_start, .)
 *(.data)
 .data          0x00800100        0x0 c:/arduino/hardware/tools/avr/bin/../lib/gcc/avr/4.8.1/../../../../avr/lib/avr5/crtm328p.o
 .data          0x00800100        0x0 ./HomeAutoLight/DateStrings.o
 .data          0x00800100        0x0 ./HomeAutoLight/HomeAutoLight.o
 .data          0x00800100        0x0 ./HomeAutoLight/Time.o
 .data          0x00800100        0x0 ./main.o
 .data          0x00800100        0x0 C:\Users\USER\Documents\Workspace\ArduinoCore\328P_16MHz\libArduinoCore.a(HardwareSerial.o)
 .data          0x00800100        0x0 C:\Users\USER\Documents\Workspace\ArduinoCore\328P_16MHz\libArduinoCore.a(HardwareSerial0.o)
 .data          0x00800100        0x0 C:\Users\USER\Documents\Workspace\ArduinoCore\328P_16MHz\libArduinoCore.a(Print.o)
 .data          0x00800100        0x0 C:\Users\USER\Documents\Workspace\ArduinoCore\328P_16MHz\libArduinoCore.a(WInterrupts.o)
 .data          0x00800100        0x0 C:\Users\USER\Documents\Workspace\ArduinoCore\328P_16MHz\libArduinoCore.a(abi.o)
 .data          0x00800100        0x0 C:\Users\USER\Documents\Workspace\ArduinoCore\328P_16MHz\libArduinoCore.a(main.o)
 .data          0x00800100        0x0 C:\Users\USER\Documents\Workspace\ArduinoCore\328P_16MHz\libArduinoCore.a(wiring.o)
 .data          0x00800100        0x0 C:\Users\USER\Documents\Workspace\ArduinoCore\328P_16MHz\libArduinoCore.a(wiring_analog.o)
 .data          0x00800100        0x0 C:\Users\USER\Documents\Workspace\ArduinoCore\328P_16MHz\libArduinoCore.a(wiring_digital.o)
 .data          0x00800100        0x0 C:\Users\USER\Documents\Workspace\ArduinoCore\328P_16MHz\libArduinoCore.a(hooks.o)
 .data          0x00800100        0x0 c:/arduino/hardware/tools/avr/bin/../lib/gcc/avr/4.8.1/avr5\libgcc.a(_divmodhi4.o)
 .data          0x00800100        0x0 c:/arduino/hardware/tools/avr/bin/../lib/gcc/avr/4.8.1/avr5\libgcc.a(_udivmodsi4.o)
 .data          0x00800100        0x0 c:/arduino/hardware/tools/avr/bin/../lib/gcc/avr/4.8.1/avr5\libgcc.a(_exit.o)
 .data          0x00800100        0x0 c:/arduino/hardware/tools/avr/bin/../lib/gcc/avr/4.8.1/avr5\libgcc.a(_copy_data.o)
 .data          0x00800100        0x0 c:/arduino/hardware/tools/avr/bin/../lib/gcc/avr/4.8.1/avr5\libgcc.a(_clear_bss.o)
 .data          0x00800100        0x0 c:/arduino/hardware/tools/avr/bin/../lib/gcc/avr/4.8.1/avr5\libgcc.a(_ctors.o)
 .data          0x00800100        0x0 c:/arduino/hardware/tools/avr/bin/../lib/gcc/avr/4.8.1/avr5\libgcc.a(_umulhisi3.o)
 .data          0x00800100        0x0 c:/arduino/hardware/tools/avr/bin/../lib/gcc/avr/4.8.1/avr5\libgcc.a(_muluhisi3.o)
 .data          0x00800100        0x0 c:/arduino/hardware/tools/avr/bin/../lib/gcc/avr/4.8.1/avr5\libgcc.a(_mulshisi3.o)
 .data          0x00800100        0x0 c:/arduino/hardware/tools/avr/bin/../lib/gcc/avr/4.8.1/avr5\libgcc.a(_udivmodhi4.o)
 .data          0x00800100        0x0 c:/arduino/hardware/tools/avr/bin/../lib/gcc/avr/4.8.1/avr5\libgcc.a(_tablejump.o)
 .data          0x00800100        0x0 c:/arduino/hardware/tools/avr/bin/../lib/gcc/avr/4.8.1/../../../../avr/lib/avr5\libm.a(addsf3.o)
 .data          0x00800100        0x0 c:/arduino/hardware/tools/avr/bin/../lib/gcc/avr/4.8.1/../../../../avr/lib/avr5\libm.a(addsf3x.o)
 .data          0x00800100        0x0 c:/arduino/hardware/tools/avr/bin/../lib/gcc/avr/4.8.1/../../../../avr/lib/avr5\libm.a(cmpsf2.o)
 .data          0x00800100        0x0 c:/arduino/hardware/tools/avr/bin/../lib/gcc/avr/4.8.1/../../../../avr/lib/avr5\libm.a(divsf3.o)
 .data          0x00800100        0x0 c:/arduino/hardware/tools/avr/bin/../lib/gcc/avr/4.8.1/../../../../avr/lib/avr5\libm.a(divsf3x.o)
 .data          0x00800100        0x0 c:/arduino/hardware/tools/avr/bin/../lib/gcc/avr/4.8.1/../../../../avr/lib/avr5\libm.a(fixsfsi.o)
 .data          0x00800100        0x0 c:/arduino/hardware/tools/avr/bin/../lib/gcc/avr/4.8.1/../../../../avr/lib/avr5\libm.a(fixunssfsi.o)
 .data          0x00800100        0x0 c:/arduino/hardware/tools/avr/bin/../lib/gcc/avr/4.8.1/../../../../avr/lib/avr5\libm.a(floatsisf.o)
 .data          0x00800100        0x0 c:/arduino/hardware/tools/avr/bin/../lib/gcc/avr/4.8.1/../../../../avr/lib/avr5\libm.a(fp_cmp.o)
 .data          0x00800100        0x0 c:/arduino/hardware/tools/avr/bin/../lib/gcc/avr/4.8.1/../../../../avr/lib/avr5\libm.a(fp_inf.o)
 .data          0x00800100        0x0 c:/arduino/hardware/tools/avr/bin/../lib/gcc/avr/4.8.1/../../../../avr/lib/avr5\libm.a(fp_nan.o)
 .data          0x00800100        0x0 c:/arduino/hardware/tools/avr/bin/../lib/gcc/avr/4.8.1/../../../../avr/lib/avr5\libm.a(fp_pscA.o)
 .data          0x00800100        0x0 c:/arduino/hardware/tools/avr/bin/../lib/gcc/avr/4.8.1/../../../../avr/lib/avr5\libm.a(fp_pscB.o)
 .data          0x00800100        0x0 c:/arduino/hardware/tools/avr/bin/../lib/gcc/avr/4.8.1/../../../../avr/lib/avr5\libm.a(fp_round.o)
 .data          0x00800100        0x0 c:/arduino/hardware/tools/avr/bin/../lib/gcc/avr/4.8.1/../../../../avr/lib/avr5\libm.a(fp_split3.o)
 .data          0x00800100        0x0 c:/arduino/hardware/tools/avr/bin/../lib/gcc/avr/4.8.1/../../../../avr/lib/avr5\libm.a(fp_zero.o)
 .data          0x00800100        0x0 c:/arduino/hardware/tools/avr/bin/../lib/gcc/avr/4.8.1/../../../../avr/lib/avr5\libm.a(gesf2.o)
 .data          0x00800100        0x0 c:/arduino/hardware/tools/avr/bin/../lib/gcc/avr/4.8.1/../../../../avr/lib/avr5\libm.a(mulsf3.o)
 .data          0x00800100        0x0 c:/arduino/hardware/tools/avr/bin/../lib/gcc/avr/4.8.1/../../../../avr/lib/avr5\libm.a(mulsf3x.o)
 .data          0x00800100        0x0 c:/arduino/hardware/tools/avr/bin/../lib/gcc/avr/4.8.1/../../../../avr/lib/avr5\libm.a(unordsf2.o)
 .data          0x00800100        0x0 c:/arduino/hardware/tools/avr/bin/../lib/gcc/avr/4.8.1/../../../../avr/lib/avr5\libc.a(abort.o)
 .data          0x00800100        0x0 c:/arduino/hardware/tools/avr/bin/../lib/gcc/avr/4.8.1/../../../../avr/lib/avr5\libc.a(strcpy_P.o)
 *(.data*)
 .data.analog_reference
                0x00800100        0x1 C:\Users\USER\Documents\Workspace\ArduinoCore\328P_16MHz\libArduinoCore.a(wiring_analog.o)
                0x00800100                analog_reference
 *(.rodata)
 *(.rodata*)
 .rodata.str1.1
                0x00800101       0x8e ./HomeAutoLight/HomeAutoLight.o
 .rodata.str1.1
                0x0080018f       0x32 ./main.o
 .rodata._ZTV14HardwareSerial
                0x008001c1       0x10 C:\Users\USER\Documents\Workspace\ArduinoCore\328P_16MHz\libArduinoCore.a(HardwareSerial.o)
                0x008001c1                _ZTV14HardwareSerial
 *(.gnu.linkonce.d*)
                0x008001d2                . = ALIGN (0x2)
 *fill*         0x008001d1        0x1 
                0x008001d2                _edata = .
                0x008001d2                PROVIDE (__data_end, .)

.bss            0x008001d2       0xc6
                0x008001d2                PROVIDE (__bss_start, .)
 *(.bss)
 *(.bss*)
 .bss.Sleep     0x008001d2        0x4 ./main.o
                0x008001d2                Sleep
 .bss.Sensor    0x008001d6        0xe ./main.o
                0x008001d6                Sensor
 .bss.date_buffer
                0x008001e4        0xa ./main.o
                0x008001e4                date_buffer
 .bss.Serial    0x008001ee       0x9d C:\Users\USER\Documents\Workspace\ArduinoCore\328P_16MHz\libArduinoCore.a(HardwareSerial0.o)
                0x008001ee                Serial
 .bss.intFunc   0x0080028b        0x4 C:\Users\USER\Documents\Workspace\ArduinoCore\328P_16MHz\libArduinoCore.a(WInterrupts.o)
 .bss.timer0_fract
                0x0080028f        0x1 C:\Users\USER\Documents\Workspace\ArduinoCore\328P_16MHz\libArduinoCore.a(wiring.o)
 .bss.timer0_millis
                0x00800290        0x4 C:\Users\USER\Documents\Workspace\ArduinoCore\328P_16MHz\libArduinoCore.a(wiring.o)
                0x00800290                timer0_millis
 .bss.timer0_overflow_count
                0x00800294        0x4 C:\Users\USER\Documents\Workspace\ArduinoCore\328P_16MHz\libArduinoCore.a(wiring.o)
                0x00800294                timer0_overflow_count
 *(COMMON)
                0x00800298                PROVIDE (__bss_end, .)
                0x00000fa0                __data_load_start = LOADADDR (.data)
                0x00001072                __data_load_end = (__data_load_start + SIZEOF (.data))

.noinit         0x00800298        0x0
                0x00800298                PROVIDE (__noinit_start, .)
 *(.noinit*)
                0x00800298                PROVIDE (__noinit_end, .)
                0x00800298                _end = .
                0x00800298                PROVIDE (__heap_start, .)

.eeprom         0x00810000        0x0
 *(.eeprom*)
                0x00810000                __eeprom_end = .

.fuse
 *(.fuse)
 *(.lfuse)
 *(.hfuse)
 *(.efuse)

.lock
 *(.lock*)

.signature
 *(.signature*)

.stab
 *(.stab)

.stabstr
 *(.stabstr)

.stab.excl
 *(.stab.excl)

.stab.exclstr
 *(.stab.exclstr)

.stab.index
 *(.stab.index)

.stab.indexstr
 *(.stab.indexstr)

.comment        0x00000000       0x11
 *(.comment)
 .comment       0x00000000       0x11 ./HomeAutoLight/DateStrings.o
                                 0x12 (size before relaxing)
 .comment       0x00000011       0x12 ./HomeAutoLight/HomeAutoLight.o
 .comment       0x00000011       0x12 ./HomeAutoLight/Time.o
 .comment       0x00000011       0x12 ./main.o
 .comment       0x00000011       0x12 C:\Users\USER\Documents\Workspace\ArduinoCore\328P_16MHz\libArduinoCore.a(HardwareSerial.o)
 .comment       0x00000011       0x12 C:\Users\USER\Documents\Workspace\ArduinoCore\328P_16MHz\libArduinoCore.a(HardwareSerial0.o)
 .comment       0x00000011       0x12 C:\Users\USER\Documents\Workspace\ArduinoCore\328P_16MHz\libArduinoCore.a(Print.o)
 .comment       0x00000011       0x12 C:\Users\USER\Documents\Workspace\ArduinoCore\328P_16MHz\libArduinoCore.a(WInterrupts.o)
 .comment       0x00000011       0x12 C:\Users\USER\Documents\Workspace\ArduinoCore\328P_16MHz\libArduinoCore.a(abi.o)
 .comment       0x00000011       0x12 C:\Users\USER\Documents\Workspace\ArduinoCore\328P_16MHz\libArduinoCore.a(main.o)
 .comment       0x00000011       0x12 C:\Users\USER\Documents\Workspace\ArduinoCore\328P_16MHz\libArduinoCore.a(wiring.o)
 .comment       0x00000011       0x12 C:\Users\USER\Documents\Workspace\ArduinoCore\328P_16MHz\libArduinoCore.a(wiring_analog.o)
 .comment       0x00000011       0x12 C:\Users\USER\Documents\Workspace\ArduinoCore\328P_16MHz\libArduinoCore.a(wiring_digital.o)
 .comment       0x00000011       0x12 C:\Users\USER\Documents\Workspace\ArduinoCore\328P_16MHz\libArduinoCore.a(hooks.o)

.note.gnu.build-id
 *(.note.gnu.build-id)

.debug
 *(.debug)

.line
 *(.line)

.debug_srcinfo
 *(.debug_srcinfo)

.debug_sfnames
 *(.debug_sfnames)

.debug_aranges
 *(.debug_aranges)

.debug_pubnames
 *(.debug_pubnames)

.debug_info
 *(.debug_info .gnu.linkonce.wi.*)

.debug_abbrev
 *(.debug_abbrev)

.debug_line
 *(.debug_line .debug_line.* .debug_line_end)

.debug_frame
 *(.debug_frame)

.debug_str
 *(.debug_str)

.debug_loc
 *(.debug_loc)

.debug_macinfo
 *(.debug_macinfo)

.debug_weaknames
 *(.debug_weaknames)

.debug_funcnames
 *(.debug_funcnames)

.debug_typenames
 *(.debug_typenames)

.debug_varnames
 *(.debug_varnames)

.debug_pubtypes
 *(.debug_pubtypes)

.debug_ranges
 *(.debug_ranges)

.debug_macro
 *(.debug_macro)
OUTPUT(Light_Project.elf elf32-avr)
LOAD linker stubs

Cross Reference Table

Symbol                                            File
Sensor                                            ./main.o
Serial                                            C:\Users\USER\Documents\Workspace\ArduinoCore\328P_16MHz\libArduinoCore.a(HardwareSerial0.o)
                                                  ./main.o
                                                  ./HomeAutoLight/HomeAutoLight.o
Sleep                                             ./main.o
_Z10adjustTimel                                   ./HomeAutoLight/Time.o
_Z10timeStatusv                                   ./HomeAutoLight/Time.o
_Z11dayShortStrh                                  ./HomeAutoLight/DateStrings.o
_Z11serialEventv                                  C:\Users\USER\Documents\Workspace\ArduinoCore\328P_16MHz\libArduinoCore.a(HardwareSerial.o)
_Z12hourFormat12m                                 ./HomeAutoLight/Time.o
_Z12hourFormat12v                                 ./HomeAutoLight/Time.o
_Z12refreshCachem                                 ./HomeAutoLight/Time.o
_Z13monthShortStrh                                ./HomeAutoLight/DateStrings.o
_Z14serialEventRunv                               C:\Users\USER\Documents\Workspace\ArduinoCore\328P_16MHz\libArduinoCore.a(HardwareSerial.o)
                                                  C:\Users\USER\Documents\Workspace\ArduinoCore\328P_16MHz\libArduinoCore.a(main.o)
_Z15setSyncIntervalm                              ./HomeAutoLight/Time.o
_Z15setSyncProviderPFmvE                          ./HomeAutoLight/Time.o
_Z17Serial0_availablev                            C:\Users\USER\Documents\Workspace\ArduinoCore\328P_16MHz\libArduinoCore.a(HardwareSerial0.o)
                                                  C:\Users\USER\Documents\Workspace\ArduinoCore\328P_16MHz\libArduinoCore.a(HardwareSerial.o)
_Z3daym                                           ./HomeAutoLight/Time.o
_Z3dayv                                           ./HomeAutoLight/Time.o
_Z3nowv                                           ./HomeAutoLight/Time.o
_Z4hourm                                          ./HomeAutoLight/Time.o
_Z4hourv                                          ./HomeAutoLight/Time.o
_Z4isAMm                                          ./HomeAutoLight/Time.o
_Z4isAMv                                          ./HomeAutoLight/Time.o
_Z4isPMm                                          ./HomeAutoLight/Time.o
_Z4isPMv                                          ./HomeAutoLight/Time.o
_Z4yearm                                          ./HomeAutoLight/Time.o
_Z4yearv                                          ./HomeAutoLight/Time.o
_Z5monthm                                         ./HomeAutoLight/Time.o
_Z5monthv                                         ./HomeAutoLight/Time.o
_Z6dayStrh                                        ./HomeAutoLight/DateStrings.o
_Z6minutem                                        ./HomeAutoLight/Time.o
_Z6minutev                                        ./HomeAutoLight/Time.o
_Z6secondm                                        ./HomeAutoLight/Time.o
_Z6secondv                                        ./HomeAutoLight/Time.o
_Z7setTimeiiiiii                                  ./HomeAutoLight/Time.o
_Z7setTimem                                       ./HomeAutoLight/Time.o
_Z7weekdaym                                       ./HomeAutoLight/Time.o
_Z7weekdayv                                       ./HomeAutoLight/Time.o
_Z8makeTimeR12tmElements_t                        ./HomeAutoLight/Time.o
_Z8monthStrh                                      ./HomeAutoLight/DateStrings.o
_Z9breakTimemR12tmElements_t                      ./HomeAutoLight/Time.o
_ZN14HardwareSerial17_tx_udr_empty_irqEv          C:\Users\USER\Documents\Workspace\ArduinoCore\328P_16MHz\libArduinoCore.a(HardwareSerial.o)
                                                  C:\Users\USER\Documents\Workspace\ArduinoCore\328P_16MHz\libArduinoCore.a(HardwareSerial0.o)
_ZN14HardwareSerial17availableForWriteEv          C:\Users\USER\Documents\Workspace\ArduinoCore\328P_16MHz\libArduinoCore.a(HardwareSerial.o)
_ZN14HardwareSerial3endEv                         C:\Users\USER\Documents\Workspace\ArduinoCore\328P_16MHz\libArduinoCore.a(HardwareSerial.o)
_ZN14HardwareSerial4peekEv                        C:\Users\USER\Documents\Workspace\ArduinoCore\328P_16MHz\libArduinoCore.a(HardwareSerial.o)
_ZN14HardwareSerial4readEv                        C:\Users\USER\Documents\Workspace\ArduinoCore\328P_16MHz\libArduinoCore.a(HardwareSerial.o)
                                                  ./main.o
_ZN14HardwareSerial5beginEmh                      C:\Users\USER\Documents\Workspace\ArduinoCore\328P_16MHz\libArduinoCore.a(HardwareSerial.o)
                                                  ./main.o
                                                  ./HomeAutoLight/HomeAutoLight.o
_ZN14HardwareSerial5flushEv                       C:\Users\USER\Documents\Workspace\ArduinoCore\328P_16MHz\libArduinoCore.a(HardwareSerial.o)
_ZN14HardwareSerial5writeEh                       C:\Users\USER\Documents\Workspace\ArduinoCore\328P_16MHz\libArduinoCore.a(HardwareSerial.o)
_ZN14HardwareSerial9availableEv                   C:\Users\USER\Documents\Workspace\ArduinoCore\328P_16MHz\libArduinoCore.a(HardwareSerial.o)
                                                  C:\Users\USER\Documents\Workspace\ArduinoCore\328P_16MHz\libArduinoCore.a(HardwareSerial0.o)
                                                  ./main.o
_ZN5Print10printFloatEdh                          C:\Users\USER\Documents\Workspace\ArduinoCore\328P_16MHz\libArduinoCore.a(Print.o)
_ZN5Print11printNumberEmh                         C:\Users\USER\Documents\Workspace\ArduinoCore\328P_16MHz\libArduinoCore.a(Print.o)
_ZN5Print5printEPK19__FlashStringHelper           C:\Users\USER\Documents\Workspace\ArduinoCore\328P_16MHz\libArduinoCore.a(Print.o)
_ZN5Print5printEPKc                               C:\Users\USER\Documents\Workspace\ArduinoCore\328P_16MHz\libArduinoCore.a(Print.o)
                                                  ./main.o
                                                  ./HomeAutoLight/HomeAutoLight.o
_ZN5Print5printERK6String                         C:\Users\USER\Documents\Workspace\ArduinoCore\328P_16MHz\libArduinoCore.a(Print.o)
_ZN5Print5printERK9Printable                      C:\Users\USER\Documents\Workspace\ArduinoCore\328P_16MHz\libArduinoCore.a(Print.o)
_ZN5Print5printEc                                 C:\Users\USER\Documents\Workspace\ArduinoCore\328P_16MHz\libArduinoCore.a(Print.o)
_ZN5Print5printEdi                                C:\Users\USER\Documents\Workspace\ArduinoCore\328P_16MHz\libArduinoCore.a(Print.o)
_ZN5Print5printEhi                                C:\Users\USER\Documents\Workspace\ArduinoCore\328P_16MHz\libArduinoCore.a(Print.o)
_ZN5Print5printEii                                C:\Users\USER\Documents\Workspace\ArduinoCore\328P_16MHz\libArduinoCore.a(Print.o)
                                                  ./HomeAutoLight/HomeAutoLight.o
_ZN5Print5printEji                                C:\Users\USER\Documents\Workspace\ArduinoCore\328P_16MHz\libArduinoCore.a(Print.o)
_ZN5Print5printEli                                C:\Users\USER\Documents\Workspace\ArduinoCore\328P_16MHz\libArduinoCore.a(Print.o)
_ZN5Print5printEmi                                C:\Users\USER\Documents\Workspace\ArduinoCore\328P_16MHz\libArduinoCore.a(Print.o)
_ZN5Print5writeEPKc                               C:\Users\USER\Documents\Workspace\ArduinoCore\328P_16MHz\libArduinoCore.a(Print.o)
_ZN5Print5writeEPKhj                              C:\Users\USER\Documents\Workspace\ArduinoCore\328P_16MHz\libArduinoCore.a(Print.o)
                                                  C:\Users\USER\Documents\Workspace\ArduinoCore\328P_16MHz\libArduinoCore.a(HardwareSerial.o)
_ZN5Print7printlnEPK19__FlashStringHelper         C:\Users\USER\Documents\Workspace\ArduinoCore\328P_16MHz\libArduinoCore.a(Print.o)
_ZN5Print7printlnEPKc                             C:\Users\USER\Documents\Workspace\ArduinoCore\328P_16MHz\libArduinoCore.a(Print.o)
                                                  ./main.o
                                                  ./HomeAutoLight/HomeAutoLight.o
_ZN5Print7printlnERK6String                       C:\Users\USER\Documents\Workspace\ArduinoCore\328P_16MHz\libArduinoCore.a(Print.o)
_ZN5Print7printlnERK9Printable                    C:\Users\USER\Documents\Workspace\ArduinoCore\328P_16MHz\libArduinoCore.a(Print.o)
_ZN5Print7printlnEc                               C:\Users\USER\Documents\Workspace\ArduinoCore\328P_16MHz\libArduinoCore.a(Print.o)
_ZN5Print7printlnEdi                              C:\Users\USER\Documents\Workspace\ArduinoCore\328P_16MHz\libArduinoCore.a(Print.o)
_ZN5Print7printlnEhi                              C:\Users\USER\Documents\Workspace\ArduinoCore\328P_16MHz\libArduinoCore.a(Print.o)
_ZN5Print7printlnEii                              C:\Users\USER\Documents\Workspace\ArduinoCore\328P_16MHz\libArduinoCore.a(Print.o)
                                                  ./main.o
                                                  ./HomeAutoLight/HomeAutoLight.o
_ZN5Print7printlnEji                              C:\Users\USER\Documents\Workspace\ArduinoCore\328P_16MHz\libArduinoCore.a(Print.o)
_ZN5Print7printlnEli                              C:\Users\USER\Documents\Workspace\ArduinoCore\328P_16MHz\libArduinoCore.a(Print.o)
_ZN5Print7printlnEmi                              C:\Users\USER\Documents\Workspace\ArduinoCore\328P_16MHz\libArduinoCore.a(Print.o)
_ZN5Print7printlnEv                               C:\Users\USER\Documents\Workspace\ArduinoCore\328P_16MHz\libArduinoCore.a(Print.o)
                                                  ./HomeAutoLight/HomeAutoLight.o
_ZN9CCDSensor11print_ValueEv                      ./HomeAutoLight/HomeAutoLight.o
                                                  ./main.o
_ZN9CCDSensor18get_anal_light_valEv               ./HomeAutoLight/HomeAutoLight.o
_ZN9CCDSensor19get_digit_light_valEv              ./HomeAutoLight/HomeAutoLight.o
_ZN9CCDSensor20check_state_go_sleepEv             ./HomeAutoLight/HomeAutoLight.o
                                                  ./main.o
_ZN9CCDSensorC1Eii                                ./HomeAutoLight/HomeAutoLight.o
                                                  ./main.o
_ZN9CCDSensorC2Eii                                ./HomeAutoLight/HomeAutoLight.o
_ZN9SleepMode8sleepNowEv                          ./HomeAutoLight/HomeAutoLight.o
                                                  ./main.o
_ZN9SleepModeC1Ei                                 ./HomeAutoLight/HomeAutoLight.o
                                                  ./main.o
_ZN9SleepModeC2Ei                                 ./HomeAutoLight/HomeAutoLight.o
_ZTV14HardwareSerial                              C:\Users\USER\Documents\Workspace\ArduinoCore\328P_16MHz\libArduinoCore.a(HardwareSerial.o)
                                                  C:\Users\USER\Documents\Workspace\ArduinoCore\328P_16MHz\libArduinoCore.a(HardwareSerial0.o)
_ZTV5Print                                        C:\Users\USER\Documents\Workspace\ArduinoCore\328P_16MHz\libArduinoCore.a(Print.o)
__addsf3                                          c:/arduino/hardware/tools/avr/bin/../lib/gcc/avr/4.8.1/../../../../avr/lib/avr5\libm.a(addsf3.o)
                                                  C:\Users\USER\Documents\Workspace\ArduinoCore\328P_16MHz\libArduinoCore.a(Print.o)
__addsf3x                                         c:/arduino/hardware/tools/avr/bin/../lib/gcc/avr/4.8.1/../../../../avr/lib/avr5\libm.a(addsf3x.o)
                                                  c:/arduino/hardware/tools/avr/bin/../lib/gcc/avr/4.8.1/../../../../avr/lib/avr5\libm.a(addsf3.o)
__bad_interrupt                                   c:/arduino/hardware/tools/avr/bin/../lib/gcc/avr/4.8.1/../../../../avr/lib/avr5/crtm328p.o
__bss_end                                         c:/arduino/hardware/tools/avr/bin/../lib/gcc/avr/4.8.1/avr5\libgcc.a(_clear_bss.o)
__bss_start                                       c:/arduino/hardware/tools/avr/bin/../lib/gcc/avr/4.8.1/avr5\libgcc.a(_clear_bss.o)
__cmpsf2                                          c:/arduino/hardware/tools/avr/bin/../lib/gcc/avr/4.8.1/../../../../avr/lib/avr5\libm.a(cmpsf2.o)
__ctors_end                                       c:/arduino/hardware/tools/avr/bin/../lib/gcc/avr/4.8.1/avr5\libgcc.a(_ctors.o)
__ctors_start                                     c:/arduino/hardware/tools/avr/bin/../lib/gcc/avr/4.8.1/avr5\libgcc.a(_ctors.o)
__cxa_deleted_virtual                             C:\Users\USER\Documents\Workspace\ArduinoCore\328P_16MHz\libArduinoCore.a(abi.o)
__cxa_pure_virtual                                C:\Users\USER\Documents\Workspace\ArduinoCore\328P_16MHz\libArduinoCore.a(abi.o)
                                                  C:\Users\USER\Documents\Workspace\ArduinoCore\328P_16MHz\libArduinoCore.a(Print.o)
__data_end                                        c:/arduino/hardware/tools/avr/bin/../lib/gcc/avr/4.8.1/avr5\libgcc.a(_copy_data.o)
__data_load_start                                 c:/arduino/hardware/tools/avr/bin/../lib/gcc/avr/4.8.1/avr5\libgcc.a(_copy_data.o)
__data_start                                      c:/arduino/hardware/tools/avr/bin/../lib/gcc/avr/4.8.1/avr5\libgcc.a(_copy_data.o)
__divmodhi4                                       c:/arduino/hardware/tools/avr/bin/../lib/gcc/avr/4.8.1/avr5\libgcc.a(_divmodhi4.o)
                                                  ./HomeAutoLight/Time.o
__divsf3                                          c:/arduino/hardware/tools/avr/bin/../lib/gcc/avr/4.8.1/../../../../avr/lib/avr5\libm.a(divsf3.o)
                                                  C:\Users\USER\Documents\Workspace\ArduinoCore\328P_16MHz\libArduinoCore.a(Print.o)
__divsf3_pse                                      c:/arduino/hardware/tools/avr/bin/../lib/gcc/avr/4.8.1/../../../../avr/lib/avr5\libm.a(divsf3x.o)
__divsf3x                                         c:/arduino/hardware/tools/avr/bin/../lib/gcc/avr/4.8.1/../../../../avr/lib/avr5\libm.a(divsf3x.o)
                                                  c:/arduino/hardware/tools/avr/bin/../lib/gcc/avr/4.8.1/../../../../avr/lib/avr5\libm.a(divsf3.o)
__do_clear_bss                                    c:/arduino/hardware/tools/avr/bin/../lib/gcc/avr/4.8.1/avr5\libgcc.a(_clear_bss.o)
                                                  C:\Users\USER\Documents\Workspace\ArduinoCore\328P_16MHz\libArduinoCore.a(wiring.o)
                                                  C:\Users\USER\Documents\Workspace\ArduinoCore\328P_16MHz\libArduinoCore.a(WInterrupts.o)
                                                  C:\Users\USER\Documents\Workspace\ArduinoCore\328P_16MHz\libArduinoCore.a(HardwareSerial0.o)
                                                  ./main.o
                                                  ./HomeAutoLight/Time.o
                                                  ./HomeAutoLight/DateStrings.o
__do_copy_data                                    c:/arduino/hardware/tools/avr/bin/../lib/gcc/avr/4.8.1/avr5\libgcc.a(_copy_data.o)
                                                  C:\Users\USER\Documents\Workspace\ArduinoCore\328P_16MHz\libArduinoCore.a(wiring_analog.o)
                                                  C:\Users\USER\Documents\Workspace\ArduinoCore\328P_16MHz\libArduinoCore.a(Print.o)
                                                  C:\Users\USER\Documents\Workspace\ArduinoCore\328P_16MHz\libArduinoCore.a(HardwareSerial.o)
                                                  ./main.o
                                                  ./HomeAutoLight/Time.o
                                                  ./HomeAutoLight/HomeAutoLight.o
__do_global_ctors                                 c:/arduino/hardware/tools/avr/bin/../lib/gcc/avr/4.8.1/avr5\libgcc.a(_ctors.o)
                                                  C:\Users\USER\Documents\Workspace\ArduinoCore\328P_16MHz\libArduinoCore.a(HardwareSerial0.o)
                                                  ./main.o
__eqsf2                                           c:/arduino/hardware/tools/avr/bin/../lib/gcc/avr/4.8.1/../../../../avr/lib/avr5\libm.a(cmpsf2.o)
__fixsfsi                                         c:/arduino/hardware/tools/avr/bin/../lib/gcc/avr/4.8.1/../../../../avr/lib/avr5\libm.a(fixsfsi.o)
                                                  C:\Users\USER\Documents\Workspace\ArduinoCore\328P_16MHz\libArduinoCore.a(Print.o)
__fixunssfsi                                      c:/arduino/hardware/tools/avr/bin/../lib/gcc/avr/4.8.1/../../../../avr/lib/avr5\libm.a(fixunssfsi.o)
                                                  c:/arduino/hardware/tools/avr/bin/../lib/gcc/avr/4.8.1/../../../../avr/lib/avr5\libm.a(fixsfsi.o)
                                                  C:\Users\USER\Documents\Workspace\ArduinoCore\328P_16MHz\libArduinoCore.a(Print.o)
__floatsisf                                       c:/arduino/hardware/tools/avr/bin/../lib/gcc/avr/4.8.1/../../../../avr/lib/avr5\libm.a(floatsisf.o)
                                                  C:\Users\USER\Documents\Workspace\ArduinoCore\328P_16MHz\libArduinoCore.a(Print.o)
__floatunsisf                                     c:/arduino/hardware/tools/avr/bin/../lib/gcc/avr/4.8.1/../../../../avr/lib/avr5\libm.a(floatsisf.o)
                                                  C:\Users\USER\Documents\Workspace\ArduinoCore\328P_16MHz\libArduinoCore.a(Print.o)
__fp_cmp                                          c:/arduino/hardware/tools/avr/bin/../lib/gcc/avr/4.8.1/../../../../avr/lib/avr5\libm.a(fp_cmp.o)
                                                  c:/arduino/hardware/tools/avr/bin/../lib/gcc/avr/4.8.1/../../../../avr/lib/avr5\libm.a(unordsf2.o)
                                                  c:/arduino/hardware/tools/avr/bin/../lib/gcc/avr/4.8.1/../../../../avr/lib/avr5\libm.a(gesf2.o)
                                                  c:/arduino/hardware/tools/avr/bin/../lib/gcc/avr/4.8.1/../../../../avr/lib/avr5\libm.a(cmpsf2.o)
__fp_inf                                          c:/arduino/hardware/tools/avr/bin/../lib/gcc/avr/4.8.1/../../../../avr/lib/avr5\libm.a(fp_inf.o)
                                                  c:/arduino/hardware/tools/avr/bin/../lib/gcc/avr/4.8.1/../../../../avr/lib/avr5\libm.a(mulsf3x.o)
                                                  c:/arduino/hardware/tools/avr/bin/../lib/gcc/avr/4.8.1/../../../../avr/lib/avr5\libm.a(divsf3x.o)
                                                  c:/arduino/hardware/tools/avr/bin/../lib/gcc/avr/4.8.1/../../../../avr/lib/avr5\libm.a(addsf3x.o)
__fp_nan                                          c:/arduino/hardware/tools/avr/bin/../lib/gcc/avr/4.8.1/../../../../avr/lib/avr5\libm.a(fp_nan.o)
                                                  c:/arduino/hardware/tools/avr/bin/../lib/gcc/avr/4.8.1/../../../../avr/lib/avr5\libm.a(mulsf3x.o)
                                                  c:/arduino/hardware/tools/avr/bin/../lib/gcc/avr/4.8.1/../../../../avr/lib/avr5\libm.a(divsf3x.o)
                                                  c:/arduino/hardware/tools/avr/bin/../lib/gcc/avr/4.8.1/../../../../avr/lib/avr5\libm.a(addsf3x.o)
__fp_pscA                                         c:/arduino/hardware/tools/avr/bin/../lib/gcc/avr/4.8.1/../../../../avr/lib/avr5\libm.a(fp_pscA.o)
                                                  c:/arduino/hardware/tools/avr/bin/../lib/gcc/avr/4.8.1/../../../../avr/lib/avr5\libm.a(mulsf3x.o)
                                                  c:/arduino/hardware/tools/avr/bin/../lib/gcc/avr/4.8.1/../../../../avr/lib/avr5\libm.a(divsf3x.o)
                                                  c:/arduino/hardware/tools/avr/bin/../lib/gcc/avr/4.8.1/../../../../avr/lib/avr5\libm.a(addsf3x.o)
__fp_pscB                                         c:/arduino/hardware/tools/avr/bin/../lib/gcc/avr/4.8.1/../../../../avr/lib/avr5\libm.a(fp_pscB.o)
                                                  c:/arduino/hardware/tools/avr/bin/../lib/gcc/avr/4.8.1/../../../../avr/lib/avr5\libm.a(mulsf3x.o)
                                                  c:/arduino/hardware/tools/avr/bin/../lib/gcc/avr/4.8.1/../../../../avr/lib/avr5\libm.a(divsf3x.o)
                                                  c:/arduino/hardware/tools/avr/bin/../lib/gcc/avr/4.8.1/../../../../avr/lib/avr5\libm.a(addsf3x.o)
__fp_round                                        c:/arduino/hardware/tools/avr/bin/../lib/gcc/avr/4.8.1/../../../../avr/lib/avr5\libm.a(fp_round.o)
                                                  c:/arduino/hardware/tools/avr/bin/../lib/gcc/avr/4.8.1/../../../../avr/lib/avr5\libm.a(mulsf3.o)
                                                  c:/arduino/hardware/tools/avr/bin/../lib/gcc/avr/4.8.1/../../../../avr/lib/avr5\libm.a(divsf3.o)
                                                  c:/arduino/hardware/tools/avr/bin/../lib/gcc/avr/4.8.1/../../../../avr/lib/avr5\libm.a(addsf3.o)
__fp_split3                                       c:/arduino/hardware/tools/avr/bin/../lib/gcc/avr/4.8.1/../../../../avr/lib/avr5\libm.a(fp_split3.o)
                                                  c:/arduino/hardware/tools/avr/bin/../lib/gcc/avr/4.8.1/../../../../avr/lib/avr5\libm.a(mulsf3x.o)
                                                  c:/arduino/hardware/tools/avr/bin/../lib/gcc/avr/4.8.1/../../../../avr/lib/avr5\libm.a(divsf3x.o)
                                                  c:/arduino/hardware/tools/avr/bin/../lib/gcc/avr/4.8.1/../../../../avr/lib/avr5\libm.a(addsf3x.o)
__fp_splitA                                       c:/arduino/hardware/tools/avr/bin/../lib/gcc/avr/4.8.1/../../../../avr/lib/avr5\libm.a(fp_split3.o)
                                                  c:/arduino/hardware/tools/avr/bin/../lib/gcc/avr/4.8.1/../../../../avr/lib/avr5\libm.a(fixunssfsi.o)
__fp_szero                                        c:/arduino/hardware/tools/avr/bin/../lib/gcc/avr/4.8.1/../../../../avr/lib/avr5\libm.a(fp_zero.o)
                                                  c:/arduino/hardware/tools/avr/bin/../lib/gcc/avr/4.8.1/../../../../avr/lib/avr5\libm.a(mulsf3x.o)
                                                  c:/arduino/hardware/tools/avr/bin/../lib/gcc/avr/4.8.1/../../../../avr/lib/avr5\libm.a(fixsfsi.o)
                                                  c:/arduino/hardware/tools/avr/bin/../lib/gcc/avr/4.8.1/../../../../avr/lib/avr5\libm.a(divsf3x.o)
__fp_zero                                         c:/arduino/hardware/tools/avr/bin/../lib/gcc/avr/4.8.1/../../../../avr/lib/avr5\libm.a(fp_zero.o)
                                                  c:/arduino/hardware/tools/avr/bin/../lib/gcc/avr/4.8.1/../../../../avr/lib/avr5\libm.a(fixunssfsi.o)
                                                  c:/arduino/hardware/tools/avr/bin/../lib/gcc/avr/4.8.1/../../../../avr/lib/avr5\libm.a(addsf3x.o)
__gesf2                                           c:/arduino/hardware/tools/avr/bin/../lib/gcc/avr/4.8.1/../../../../avr/lib/avr5\libm.a(gesf2.o)
__gtsf2                                           c:/arduino/hardware/tools/avr/bin/../lib/gcc/avr/4.8.1/../../../../avr/lib/avr5\libm.a(gesf2.o)
                                                  C:\Users\USER\Documents\Workspace\ArduinoCore\328P_16MHz\libArduinoCore.a(Print.o)
__heap_end                                        c:/arduino/hardware/tools/avr/bin/../lib/gcc/avr/4.8.1/../../../../avr/lib/avr5/crtm328p.o
__init                                            c:/arduino/hardware/tools/avr/bin/../lib/gcc/avr/4.8.1/../../../../avr/lib/avr5/crtm328p.o
__lesf2                                           c:/arduino/hardware/tools/avr/bin/../lib/gcc/avr/4.8.1/../../../../avr/lib/avr5\libm.a(cmpsf2.o)
                                                  C:\Users\USER\Documents\Workspace\ArduinoCore\328P_16MHz\libArduinoCore.a(Print.o)
__ltsf2                                           c:/arduino/hardware/tools/avr/bin/../lib/gcc/avr/4.8.1/../../../../avr/lib/avr5\libm.a(cmpsf2.o)
                                                  C:\Users\USER\Documents\Workspace\ArduinoCore\328P_16MHz\libArduinoCore.a(Print.o)
__mulohisi3                                       c:/arduino/hardware/tools/avr/bin/../lib/gcc/avr/4.8.1/avr5\libgcc.a(_mulshisi3.o)
__mulsf3                                          c:/arduino/hardware/tools/avr/bin/../lib/gcc/avr/4.8.1/../../../../avr/lib/avr5\libm.a(mulsf3.o)
                                                  C:\Users\USER\Documents\Workspace\ArduinoCore\328P_16MHz\libArduinoCore.a(Print.o)
__mulsf3_pse                                      c:/arduino/hardware/tools/avr/bin/../lib/gcc/avr/4.8.1/../../../../avr/lib/avr5\libm.a(mulsf3x.o)
__mulsf3x                                         c:/arduino/hardware/tools/avr/bin/../lib/gcc/avr/4.8.1/../../../../avr/lib/avr5\libm.a(mulsf3x.o)
                                                  c:/arduino/hardware/tools/avr/bin/../lib/gcc/avr/4.8.1/../../../../avr/lib/avr5\libm.a(mulsf3.o)
__mulshisi3                                       c:/arduino/hardware/tools/avr/bin/../lib/gcc/avr/4.8.1/avr5\libgcc.a(_mulshisi3.o)
                                                  ./HomeAutoLight/Time.o
__muluhisi3                                       c:/arduino/hardware/tools/avr/bin/../lib/gcc/avr/4.8.1/avr5\libgcc.a(_muluhisi3.o)
                                                  c:/arduino/hardware/tools/avr/bin/../lib/gcc/avr/4.8.1/avr5\libgcc.a(_mulshisi3.o)
                                                  ./HomeAutoLight/Time.o
__nesf2                                           c:/arduino/hardware/tools/avr/bin/../lib/gcc/avr/4.8.1/../../../../avr/lib/avr5\libm.a(cmpsf2.o)
__stack                                           c:/arduino/hardware/tools/avr/bin/../lib/gcc/avr/4.8.1/../../../../avr/lib/avr5/crtm328p.o
__subsf3                                          c:/arduino/hardware/tools/avr/bin/../lib/gcc/avr/4.8.1/../../../../avr/lib/avr5\libm.a(addsf3.o)
                                                  C:\Users\USER\Documents\Workspace\ArduinoCore\328P_16MHz\libArduinoCore.a(Print.o)
__tablejump2__                                    c:/arduino/hardware/tools/avr/bin/../lib/gcc/avr/4.8.1/avr5\libgcc.a(_tablejump.o)
__tablejump__                                     c:/arduino/hardware/tools/avr/bin/../lib/gcc/avr/4.8.1/avr5\libgcc.a(_tablejump.o)
                                                  c:/arduino/hardware/tools/avr/bin/../lib/gcc/avr/4.8.1/avr5\libgcc.a(_ctors.o)
__udivmodhi4                                      c:/arduino/hardware/tools/avr/bin/../lib/gcc/avr/4.8.1/avr5\libgcc.a(_udivmodhi4.o)
                                                  c:/arduino/hardware/tools/avr/bin/../lib/gcc/avr/4.8.1/avr5\libgcc.a(_divmodhi4.o)
__udivmodsi4                                      c:/arduino/hardware/tools/avr/bin/../lib/gcc/avr/4.8.1/avr5\libgcc.a(_udivmodsi4.o)
                                                  C:\Users\USER\Documents\Workspace\ArduinoCore\328P_16MHz\libArduinoCore.a(Print.o)
                                                  C:\Users\USER\Documents\Workspace\ArduinoCore\328P_16MHz\libArduinoCore.a(HardwareSerial.o)
                                                  ./HomeAutoLight/Time.o
__umulhisi3                                       c:/arduino/hardware/tools/avr/bin/../lib/gcc/avr/4.8.1/avr5\libgcc.a(_umulhisi3.o)
                                                  c:/arduino/hardware/tools/avr/bin/../lib/gcc/avr/4.8.1/avr5\libgcc.a(_muluhisi3.o)
                                                  ./HomeAutoLight/Time.o
__unordsf2                                        c:/arduino/hardware/tools/avr/bin/../lib/gcc/avr/4.8.1/../../../../avr/lib/avr5\libm.a(unordsf2.o)
                                                  C:\Users\USER\Documents\Workspace\ArduinoCore\328P_16MHz\libArduinoCore.a(Print.o)
__vector_1                                        C:\Users\USER\Documents\Workspace\ArduinoCore\328P_16MHz\libArduinoCore.a(WInterrupts.o)
                                                  c:/arduino/hardware/tools/avr/bin/../lib/gcc/avr/4.8.1/../../../../avr/lib/avr5/crtm328p.o
__vector_10                                       c:/arduino/hardware/tools/avr/bin/../lib/gcc/avr/4.8.1/../../../../avr/lib/avr5/crtm328p.o
__vector_11                                       c:/arduino/hardware/tools/avr/bin/../lib/gcc/avr/4.8.1/../../../../avr/lib/avr5/crtm328p.o
__vector_12                                       c:/arduino/hardware/tools/avr/bin/../lib/gcc/avr/4.8.1/../../../../avr/lib/avr5/crtm328p.o
__vector_13                                       c:/arduino/hardware/tools/avr/bin/../lib/gcc/avr/4.8.1/../../../../avr/lib/avr5/crtm328p.o
__vector_14                                       c:/arduino/hardware/tools/avr/bin/../lib/gcc/avr/4.8.1/../../../../avr/lib/avr5/crtm328p.o
__vector_15                                       c:/arduino/hardware/tools/avr/bin/../lib/gcc/avr/4.8.1/../../../../avr/lib/avr5/crtm328p.o
__vector_16                                       C:\Users\USER\Documents\Workspace\ArduinoCore\328P_16MHz\libArduinoCore.a(wiring.o)
                                                  c:/arduino/hardware/tools/avr/bin/../lib/gcc/avr/4.8.1/../../../../avr/lib/avr5/crtm328p.o
__vector_17                                       c:/arduino/hardware/tools/avr/bin/../lib/gcc/avr/4.8.1/../../../../avr/lib/avr5/crtm328p.o
__vector_18                                       C:\Users\USER\Documents\Workspace\ArduinoCore\328P_16MHz\libArduinoCore.a(HardwareSerial0.o)
                                                  c:/arduino/hardware/tools/avr/bin/../lib/gcc/avr/4.8.1/../../../../avr/lib/avr5/crtm328p.o
__vector_19                                       C:\Users\USER\Documents\Workspace\ArduinoCore\328P_16MHz\libArduinoCore.a(HardwareSerial0.o)
                                                  c:/arduino/hardware/tools/avr/bin/../lib/gcc/avr/4.8.1/../../../../avr/lib/avr5/crtm328p.o
__vector_2                                        C:\Users\USER\Documents\Workspace\ArduinoCore\328P_16MHz\libArduinoCore.a(WInterrupts.o)
                                                  c:/arduino/hardware/tools/avr/bin/../lib/gcc/avr/4.8.1/../../../../avr/lib/avr5/crtm328p.o
__vector_20                                       c:/arduino/hardware/tools/avr/bin/../lib/gcc/avr/4.8.1/../../../../avr/lib/avr5/crtm328p.o
__vector_21                                       c:/arduino/hardware/tools/avr/bin/../lib/gcc/avr/4.8.1/../../../../avr/lib/avr5/crtm328p.o
__vector_22                                       c:/arduino/hardware/tools/avr/bin/../lib/gcc/avr/4.8.1/../../../../avr/lib/avr5/crtm328p.o
__vector_23                                       c:/arduino/hardware/tools/avr/bin/../lib/gcc/avr/4.8.1/../../../../avr/lib/avr5/crtm328p.o
__vector_24                                       c:/arduino/hardware/tools/avr/bin/../lib/gcc/avr/4.8.1/../../../../avr/lib/avr5/crtm328p.o
__vector_25                                       c:/arduino/hardware/tools/avr/bin/../lib/gcc/avr/4.8.1/../../../../avr/lib/avr5/crtm328p.o
__vector_3                                        c:/arduino/hardware/tools/avr/bin/../lib/gcc/avr/4.8.1/../../../../avr/lib/avr5/crtm328p.o
__vector_4                                        c:/arduino/hardware/tools/avr/bin/../lib/gcc/avr/4.8.1/../../../../avr/lib/avr5/crtm328p.o
__vector_5                                        c:/arduino/hardware/tools/avr/bin/../lib/gcc/avr/4.8.1/../../../../avr/lib/avr5/crtm328p.o
__vector_6                                        c:/arduino/hardware/tools/avr/bin/../lib/gcc/avr/4.8.1/../../../../avr/lib/avr5/crtm328p.o
__vector_7                                        c:/arduino/hardware/tools/avr/bin/../lib/gcc/avr/4.8.1/../../../../avr/lib/avr5/crtm328p.o
__vector_8                                        c:/arduino/hardware/tools/avr/bin/../lib/gcc/avr/4.8.1/../../../../avr/lib/avr5/crtm328p.o
__vector_9                                        c:/arduino/hardware/tools/avr/bin/../lib/gcc/avr/4.8.1/../../../../avr/lib/avr5/crtm328p.o
__vector_default                                  c:/arduino/hardware/tools/avr/bin/../lib/gcc/avr/4.8.1/../../../../avr/lib/avr5/crtm328p.o
__vectors                                         c:/arduino/hardware/tools/avr/bin/../lib/gcc/avr/4.8.1/../../../../avr/lib/avr5/crtm328p.o
_div                                              c:/arduino/hardware/tools/avr/bin/../lib/gcc/avr/4.8.1/avr5\libgcc.a(_divmodhi4.o)
_exit                                             c:/arduino/hardware/tools/avr/bin/../lib/gcc/avr/4.8.1/avr5\libgcc.a(_exit.o)
                                                  c:/arduino/hardware/tools/avr/bin/../lib/gcc/avr/4.8.1/../../../../avr/lib/avr5\libc.a(abort.o)
abort                                             c:/arduino/hardware/tools/avr/bin/../lib/gcc/avr/4.8.1/../../../../avr/lib/avr5\libc.a(abort.o)
                                                  C:\Users\USER\Documents\Workspace\ArduinoCore\328P_16MHz\libArduinoCore.a(abi.o)
analogRead                                        C:\Users\USER\Documents\Workspace\ArduinoCore\328P_16MHz\libArduinoCore.a(wiring_analog.o)
                                                  ./HomeAutoLight/HomeAutoLight.o
analogReference                                   C:\Users\USER\Documents\Workspace\ArduinoCore\328P_16MHz\libArduinoCore.a(wiring_analog.o)
analogWrite                                       C:\Users\USER\Documents\Workspace\ArduinoCore\328P_16MHz\libArduinoCore.a(wiring_analog.o)
analog_reference                                  C:\Users\USER\Documents\Workspace\ArduinoCore\328P_16MHz\libArduinoCore.a(wiring_analog.o)
atexit                                            C:\Users\USER\Documents\Workspace\ArduinoCore\328P_16MHz\libArduinoCore.a(main.o)
attachInterrupt                                   C:\Users\USER\Documents\Workspace\ArduinoCore\328P_16MHz\libArduinoCore.a(WInterrupts.o)
                                                  ./HomeAutoLight/HomeAutoLight.o
date_buffer                                       ./main.o
delay                                             C:\Users\USER\Documents\Workspace\ArduinoCore\328P_16MHz\libArduinoCore.a(wiring.o)
                                                  ./main.o
                                                  ./HomeAutoLight/HomeAutoLight.o
delayMicroseconds                                 C:\Users\USER\Documents\Workspace\ArduinoCore\328P_16MHz\libArduinoCore.a(wiring.o)
detachInterrupt                                   C:\Users\USER\Documents\Workspace\ArduinoCore\328P_16MHz\libArduinoCore.a(WInterrupts.o)
                                                  ./HomeAutoLight/HomeAutoLight.o
digitalRead                                       C:\Users\USER\Documents\Workspace\ArduinoCore\328P_16MHz\libArduinoCore.a(wiring_digital.o)
                                                  ./HomeAutoLight/HomeAutoLight.o
digitalWrite                                      C:\Users\USER\Documents\Workspace\ArduinoCore\328P_16MHz\libArduinoCore.a(wiring_digital.o)
                                                  C:\Users\USER\Documents\Workspace\ArduinoCore\328P_16MHz\libArduinoCore.a(wiring_analog.o)
                                                  ./main.o
                                                  ./HomeAutoLight/HomeAutoLight.o
digital_pin_to_bit_mask_PGM                       C:\Users\USER\Documents\Workspace\ArduinoCore\328P_16MHz\libArduinoCore.a(wiring_digital.o)
digital_pin_to_port_PGM                           C:\Users\USER\Documents\Workspace\ArduinoCore\328P_16MHz\libArduinoCore.a(wiring_digital.o)
digital_pin_to_timer_PGM                          C:\Users\USER\Documents\Workspace\ArduinoCore\328P_16MHz\libArduinoCore.a(wiring_digital.o)
                                                  C:\Users\USER\Documents\Workspace\ArduinoCore\328P_16MHz\libArduinoCore.a(wiring_analog.o)
exit                                              c:/arduino/hardware/tools/avr/bin/../lib/gcc/avr/4.8.1/avr5\libgcc.a(_exit.o)
                                                  c:/arduino/hardware/tools/avr/bin/../lib/gcc/avr/4.8.1/../../../../avr/lib/avr5/crtm328p.o
getTimePtr                                        ./HomeAutoLight/Time.o
init                                              C:\Users\USER\Documents\Workspace\ArduinoCore\328P_16MHz\libArduinoCore.a(wiring.o)
                                                  C:\Users\USER\Documents\Workspace\ArduinoCore\328P_16MHz\libArduinoCore.a(main.o)
initVariant                                       C:\Users\USER\Documents\Workspace\ArduinoCore\328P_16MHz\libArduinoCore.a(main.o)
input_recog_flag                                  ./main.o
loop                                              ./main.o
                                    