Archive member included to satisfy reference by file (symbol)

C:\Users\USER\Documents\Workspace\ArduinoCore\328P_16MHz\libArduinoCore.a(HardwareSerial.o)
                              ./lib_src/HomeAutoLight/HomeAutoLight.o (_ZN14HardwareSerial9availableEv)
C:\Users\USER\Documents\Workspace\ArduinoCore\328P_16MHz\libArduinoCore.a(HardwareSerial0.o)
                              ./lib_src/HomeAutoLight/HomeAutoLight.o (Serial)
C:\Users\USER\Documents\Workspace\ArduinoCore\328P_16MHz\libArduinoCore.a(Print.o)
                              ./lib_src/SoftwareSerial/SoftwareSerial.o (_ZN5Print5writeEPKhj)
C:\Users\USER\Documents\Workspace\ArduinoCore\328P_16MHz\libArduinoCore.a(WInterrupts.o)
                              ./lib_src/RCSwitch/RCSwitch.o (attachInterrupt)
C:\Users\USER\Documents\Workspace\ArduinoCore\328P_16MHz\libArduinoCore.a(abi.o)
                              ./lib_src/SoftwareSerial/SoftwareSerial.o (__cxa_pure_virtual)
C:\Users\USER\Documents\Workspace\ArduinoCore\328P_16MHz\libArduinoCore.a(main.o)
                              c:/arduino/hardware/tools/avr/bin/../lib/gcc/avr/4.8.1/../../../../avr/lib/avr5/crtm328p.o (main)
C:\Users\USER\Documents\Workspace\ArduinoCore\328P_16MHz\libArduinoCore.a(wiring.o)
                              ./lib_src/Time/Time.o (millis)
C:\Users\USER\Documents\Workspace\ArduinoCore\328P_16MHz\libArduinoCore.a(wiring_analog.o)
                              ./lib_src/HomeAutoLight/HomeAutoLight.o (analogRead)
C:\Users\USER\Documents\Workspace\ArduinoCore\328P_16MHz\libArduinoCore.a(wiring_digital.o)
                              ./lib_src/SoftwareSerial/SoftwareSerial.o (pinMode)
C:\Users\USER\Documents\Workspace\ArduinoCore\328P_16MHz\libArduinoCore.a(wiring_pulse.o)
                              ./lib_src/HomeAutoLight/HomeAutoLight.o (pulseIn)
C:\Users\USER\Documents\Workspace\ArduinoCore\328P_16MHz\libArduinoCore.a(hooks.o)
                              C:\Users\USER\Documents\Workspace\ArduinoCore\328P_16MHz\libArduinoCore.a(wiring.o) (yield)
c:/arduino/hardware/tools/avr/bin/../lib/gcc/avr/4.8.1/avr5\libgcc.a(_divmodhi4.o)
                              ./lib_src/Time/Time.o (__divmodhi4)
c:/arduino/hardware/tools/avr/bin/../lib/gcc/avr/4.8.1/avr5\libgcc.a(_udivmodsi4.o)
                              ./lib_src/Time/Time.o (__udivmodsi4)
c:/arduino/hardware/tools/avr/bin/../lib/gcc/avr/4.8.1/avr5\libgcc.a(_exit.o)
                              c:/arduino/hardware/tools/avr/bin/../lib/gcc/avr/4.8.1/../../../../avr/lib/avr5/crtm328p.o (exit)
c:/arduino/hardware/tools/avr/bin/../lib/gcc/avr/4.8.1/avr5\libgcc.a(_tablejump.o)
                              ./lib_src/RCSwitch/RCSwitch.o (__tablejump2__)
c:/arduino/hardware/tools/avr/bin/../lib/gcc/avr/4.8.1/avr5\libgcc.a(_copy_data.o)
                              ./lib_src/Time/Time.o (__do_copy_data)
c:/arduino/hardware/tools/avr/bin/../lib/gcc/avr/4.8.1/avr5\libgcc.a(_clear_bss.o)
                              ./lib_src/Time/DateStrings.o (__do_clear_bss)
c:/arduino/hardware/tools/avr/bin/../lib/gcc/avr/4.8.1/avr5\libgcc.a(_ctors.o)
                              ./main.o (__do_global_ctors)
c:/arduino/hardware/tools/avr/bin/../lib/gcc/avr/4.8.1/avr5\libgcc.a(_umulhisi3.o)
                              ./lib_src/Time/Time.o (__umulhisi3)
c:/arduino/hardware/tools/avr/bin/../lib/gcc/avr/4.8.1/avr5\libgcc.a(_usmulhisi3.o)
                              ./lib_src/RCSwitch/RCSwitch.o (__usmulhisi3)
c:/arduino/hardware/tools/avr/bin/../lib/gcc/avr/4.8.1/avr5\libgcc.a(_muluhisi3.o)
                              ./lib_src/Time/Time.o (__muluhisi3)
c:/arduino/hardware/tools/avr/bin/../lib/gcc/avr/4.8.1/avr5\libgcc.a(_mulshisi3.o)
                              ./lib_src/Time/Time.o (__mulshisi3)
c:/arduino/hardware/tools/avr/bin/../lib/gcc/avr/4.8.1/avr5\libgcc.a(_udivmodhi4.o)
                              c:/arduino/hardware/tools/avr/bin/../lib/gcc/avr/4.8.1/avr5\libgcc.a(_divmodhi4.o) (__udivmodhi4)
c:/arduino/hardware/tools/avr/bin/../lib/gcc/avr/4.8.1/../../../../avr/lib/avr5\libm.a(addsf3.o)
                              C:\Users\USER\Documents\Workspace\ArduinoCore\328P_16MHz\libArduinoCore.a(Print.o) (__subsf3)
c:/arduino/hardware/tools/avr/bin/../lib/gcc/avr/4.8.1/../../../../avr/lib/avr5\libm.a(addsf3x.o)
                              c:/arduino/hardware/tools/avr/bin/../lib/gcc/avr/4.8.1/../../../../avr/lib/avr5\libm.a(addsf3.o) (__addsf3x)
c:/arduino/hardware/tools/avr/bin/../lib/gcc/avr/4.8.1/../../../../avr/lib/avr5\libm.a(cmpsf2.o)
                              C:\Users\USER\Documents\Workspace\ArduinoCore\328P_16MHz\libArduinoCore.a(Print.o) (__ltsf2)
c:/arduino/hardware/tools/avr/bin/../lib/gcc/avr/4.8.1/../../../../avr/lib/avr5\libm.a(divsf3.o)
                              ./lib_src/HomeAutoLight/HomeAutoLight.o (__divsf3)
c:/arduino/hardware/tools/avr/bin/../lib/gcc/avr/4.8.1/../../../../avr/lib/avr5\libm.a(divsf3x.o)
[...]
Memory Configuration

Name             Origin             Length             Attributes
text             0x00000000         0x00020000         xr
data             0x00800060         0x0000ffa0         rw !x
eeprom           0x00810000         0x00010000         rw !x
fuse             0x00820000         0x00000400         rw !x
lock             0x00830000         0x00000400         rw !x
signature        0x00840000         0x00000400         rw !x
*default*        0x00000000         0xffffffff

Linker script and memory map

Address of section .data set to 0x800100
LOAD c:/arduino/hardware/tools/avr/bin/../lib/gcc/avr/4.8.1/../../../../avr/lib/avr5/crtm328p.o
LOAD ./lib_src/Time/DateStrings.o
LOAD ./lib_src/Time/Time.o
LOAD ./lib_src/SoftwareSerial/SoftwareSerial.o
LOAD ./lib_src/RCSwitch/RCSwitch.o
LOAD ./lib_src/HomeAutoLight/HomeAutoLight.o
LOAD ./main.o
LOAD C:\Users\USER\Documents\Workspace\ArduinoCore\328P_16MHz\libArduinoCore.a
LOAD c:/arduino/hardware/tools/avr/bin/../lib/gcc/avr/4.8.1/avr5\libgcc.a
LOAD c:/arduino/hardware/tools/avr/bin/../lib/gcc/avr/4.8.1/../../../../avr/lib/avr5\libm.a
START GROUP
LOAD c:/arduino/hardware/tools/avr/bin/../lib/gcc/avr/4.8.1/avr5\libgcc.a
LOAD c:/arduino/hardware/tools/avr/bin/../lib/gcc/avr/4.8.1/../../../../avr/lib/avr5\libm.a
LOAD c:/arduino/hardware/tools/avr/bin/../lib/gcc/avr/4.8.1/../../../../avr/lib/avr5\libc.a
END GROUP

.hash
 *(.hash)

.dynsym
 *(.dynsym)

.dynstr
 *(.dynstr)

.gnu.version
 *(.gnu.version)

.gnu.version_d
 *(.gnu.version_d)

.gnu.version_r
 *(.gnu.version_r)

.rel.init
 *(.rel.init)

.rela.init
 *(.rela.init)

.rel.text
 *(.rel.text)
 *(.rel.text.*)
 *(.rel.gnu.linkonce.t*)

.rela.text
 *(.rela.text)
 *(.rela.text.*)
 *(.rela.gnu.linkonce.t*)

.rel.fini
 *(.rel.fini)

.rela.fini
 *(.rela.fini)

.rel.rodata
 *(.rel.rodata)
 *(.rel.rodata.*)
 *(.rel.gnu.linkonce.r*)

.rela.rodata
 *(.rela.rodata)
 *(.rela.rodata.*)
 *(.rela.gnu.linkonce.r*)

.rel.data
 *(.rel.data)
 *(.rel.data.*)
 *(.rel.gnu.linkonce.d*)

.rela.data
 *(.rela.data)
 *(.rela.data.*)
 *(.rela.gnu.linkonce.d*)

.rel.ctors
 *(.rel.ctors)

.rela.ctors
 *(.rela.ctors)

.rel.dtors
 *(.rel.dtors)

.rela.dtors
 *(.rela.dtors)

.rel.got
 *(.rel.got)

.rela.got
 *(.rela.got)

.rel.bss
 *(.rel.bss)

.rela.bss
 *(.rela.bss)

.rel.plt
 *(.rel.plt)

.rela.plt
 *(.rela.plt)

.text           0x00000000      0xd2c
 *(.vectors)
 .vectors       0x00000000       0x68 c:/arduino/hardware/tools/avr/bin/../lib/gcc/avr/4.8.1/../../../../avr/lib/avr5/crtm328p.o
                0x00000000                __vector_default
                0x00000000                __vectors
 *(.vectors)
 *(.progmem.gcc*)
                0x00000068                . = ALIGN (0x2)
                0x00000068                __trampolines_start = .
 *(.trampolines)
 .trampolines   0x00000068        0x0 linker stubs
 *(.trampolines*)
                0x00000068                __trampolines_end = .
 *(.progmem*)
 .progmem.data.digital_pin_to_timer_PGM
                0x00000068       0x14 C:\Users\USER\Documents\Workspace\ArduinoCore\328P_16MHz\libArduinoCore.a(wiring_digital.o)
                0x00000068                digital_pin_to_timer_PGM
 .progmem.data.digital_pin_to_bit_mask_PGM
                0x0000007c       0x14 C:\Users\USER\Documents\Workspace\ArduinoCore\328P_16MHz\libArduinoCore.a(wiring_digital.o)
                0x0000007c                digital_pin_to_bit_mask_PGM
 .progmem.data.digital_pin_to_port_PGM
                0x00000090       0x14 C:\Users\USER\Documents\Workspace\ArduinoCore\328P_16MHz\libArduinoCore.a(wiring_digital.o)
                0x00000090                digital_pin_to_port_PGM
 .progmem.data.port_to_output_PGM
                0x000000a4        0xa C:\Users\USER\Documents\Workspace\ArduinoCore\328P_16MHz\libArduinoCore.a(wiring_digital.o)
                0x000000a4                port_to_output_PGM
 .progmem.data.port_to_mode_PGM
                0x000000ae        0xa C:\Users\USER\Documents\Workspace\ArduinoCore\328P_16MHz\libArduinoCore.a(wiring_digital.o)
                0x000000ae                port_to_mode_PGM
                0x000000b8                . = ALIGN (0x2)
 *(.jumptables)
 *(.jumptables*)
 *(.lowtext)
 *(.lowtext*)
                0x000000b8                __ctors_start = .
 *(.ctors)
 .ctors         0x000000b8        0x2 ./main.o
 .ctors         0x000000ba        0x2 C:\Users\USER\Documents\Workspace\ArduinoCore\328P_16MHz\libArduinoCore.a(HardwareSerial0.o)
                0x000000bc                __ctors_end = .
                0x000000bc                __dtors_start = .
 *(.dtors)
                0x000000bc                __dtors_end = .
 SORT(*)(.ctors)
 SORT(*)(.dtors)
 *(.init0)
 .init0         0x000000bc        0x0 c:/arduino/hardware/tools/avr/bin/../lib/gcc/avr/4.8.1/../../../../avr/lib/avr5/crtm328p.o
                0x000000bc                __init
 *(.init0)
 *(.init1)
 *(.init1)
 *(.init2)
 .init2         0x000000bc        0xc c:/arduino/hardware/tools/avr/bin/../lib/gcc/avr/4.8.1/../../../../avr/lib/avr5/crtm328p.o
 *(.init2)
 *(.init3)
 *(.init3)
 *(.init4)
 .init4         0x000000c8       0x16 c:/arduino/hardware/tools/avr/bin/../lib/gcc/avr/4.8.1/avr5\libgcc.a(_copy_data.o)
                0x000000c8                __do_copy_data
 .init4         0x000000de       0x10 c:/arduino/hardware/tools/avr/bin/../lib/gcc/avr/4.8.1/avr5\libgcc.a(_clear_bss.o)
                0x000000de                __do_clear_bss
 *(.init4)
 *(.init5)
 *(.init5)
 *(.init6)
 .init6         0x000000ee       0x14 c:/arduino/hardware/tools/avr/bin/../lib/gcc/avr/4.8.1/avr5\libgcc.a(_ctors.o)
                0x000000ee                __do_global_ctors
 *(.init6)
 *(.init7)
 *(.init7)
 *(.init8)
 *(.init8)
 *(.init9)
 .init9         0x00000102        0x4 c:/arduino/hardware/tools/avr/bin/../lib/gcc/avr/4.8.1/../../../../avr/lib/avr5/crtm328p.o
 *(.init9)
 *(.text)
 .text          0x00000106        0x2 c:/arduino/hardware/tools/avr/bin/../lib/gcc/avr/4.8.1/../../../../avr/lib/avr5/crtm328p.o
                0x00000106                __vector_22
                0x00000106                __vector_24
                0x00000106                __vector_12
                0x00000106                __bad_interrupt
                0x00000106                __vector_6
                0x00000106                __vector_23
                0x00000106                __vector_25
                0x00000106                __vector_11
                0x00000106                __vector_13
                0x00000106                __vector_17
                0x00000106                __vector_7
                0x00000106                __vector_9
                0x00000106                __vector_21
                0x00000106                __vector_15
                0x00000106                __vector_8
                0x00000106                __vector_14
                0x00000106                __vector_10
                0x00000106                __vector_20
                0x00000108                . = ALIGN (0x2)
 *(.text.*)
 .text.__vector_3
                0x00000108       0xfc ./lib_src/SoftwareSerial/SoftwareSerial.o
                0x00000108                __vector_5
                0x00000108                __vector_4
                0x00000108                __vector_3
 .text._ZN6LedOutC2Ev
                0x00000204       0x18 ./lib_src/HomeAutoLight/HomeAutoLight.o
                0x00000204                _ZN6LedOutC1Ev
                0x00000204                _ZN6LedOutC2Ev
 .text._ZN6LedOut5flashEii
                0x0000021c       0x7c ./lib_src/HomeAutoLight/HomeAutoLight.o
                0x0000021c                _ZN6LedOut5flashEii
 .text._ZN9CCDSensorC2Eii
                0x00000298       0x68 ./lib_src/HomeAutoLight/HomeAutoLight.o
                0x00000298                _ZN9CCDSensorC1Eii
                0x00000298                _ZN9CCDSensorC2Eii
 .text._ZN9CCDSensor20check_state_go_sleepEv
                0x00000300       0xd0 ./lib_src/HomeAutoLight/HomeAutoLight.o
                0x00000300                _ZN9CCDSensor20check_state_go_sleepEv
 .text._ZN9CCDSensor27AutoLight_Power_Saving_MainEv
                0x000003d0       0x82 ./lib_src/HomeAutoLight/HomeAutoLight.o
                0x000003d0                _ZN9CCDSensor27AutoLight_Power_Saving_MainEv
 .text.setup    0x00000452       0x10 ./main.o
                0x00000452                setup
 .text.loop     0x00000462        0x6 ./main.o
                0x00000462                loop
 .text.startup._GLOBAL__sub_I_Sensor
                0x00000468        0xe ./main.o
 .text._ZN14HardwareSerial9availableEv
                0x00000476       0x16 C:\Users\USER\Documents\Workspace\ArduinoCore\328P_16MHz\libArduinoCore.a(HardwareSerial.o)
                0x00000476                _ZN14HardwareSerial9availableEv
 .text._ZN14HardwareSerial4peekEv
                0x0000048c       0x1c C:\Users\USER\Documents\Workspace\ArduinoCore\328P_16MHz\libArduinoCore.a(HardwareSerial.o)
                0x0000048c                _ZN14HardwareSerial4peekEv
 .text._ZN14HardwareSerial4readEv
                0x000004a8       0x28 C:\Users\USER\Documents\Workspace\ArduinoCore\328P_16MHz\libArduinoCore.a(HardwareSerial.o)
                0x000004a8                _ZN14HardwareSerial4readEv
 .text._Z14serialEventRunv
                0x000004d0       0x1a C:\Users\USER\Documents\Workspace\ArduinoCore\328P_16MHz\libArduinoCore.a(HardwareSerial.o)
                0x000004d0                _Z14serialEventRunv
 .text._ZN14HardwareSerial17_tx_udr_empty_irqEv
                0x000004ea       0x42 C:\Users\USER\Documents\Workspace\ArduinoCore\328P_16MHz\libArduinoCore.a(HardwareSerial.o)
                0x000004ea                _ZN14HardwareSerial17_tx_udr_empty_irqEv
 .text._ZN14HardwareSerial5flushEv
                0x0000052c       0x42 C:\Users\USER\Documents\Workspace\ArduinoCore\328P_16MHz\libArduinoCore.a(HardwareSerial.o)
                0x0000052c                _ZN14HardwareSerial5flushEv
 .text._ZN14HardwareSerial5writeEh
                0x0000056e       0xc8 C:\Users\USER\Documents\Workspace\ArduinoCore\328P_16MHz\libArduinoCore.a(HardwareSerial.o)
                0x0000056e                _ZN14HardwareSerial5writeEh
 .text._ZN14HardwareSerial5beginEmh
                0x00000636       0xc0 C:\Users\USER\Documents\Workspace\ArduinoCore\328P_16MHz\libArduinoCore.a(HardwareSerial.o)
                0x00000636                _ZN14HardwareSerial5beginEmh
 .text.__vector_18
                0x000006f6       0x64 C:\Users\USER\Documents\Workspace\ArduinoCore\328P_16MHz\libArduinoCore.a(HardwareSerial0.o)
                0x000006f6                __vector_18
 .text.__vector_19
                0x0000075a       0x4a C:\Users\USER\Documents\Workspace\ArduinoCore\328P_16MHz\libArduinoCore.a(HardwareSerial0.o)
                0x0000075a                __vector_19
 .text._Z17Serial0_availablev
                0x000007a4       0x12 C:\Users\USER\Documents\Workspace\ArduinoCore\328P_16MHz\libArduinoCore.a(HardwareSerial0.o)
                0x000007a4                _Z17Serial0_availablev
 .text.startup._GLOBAL__sub_I___vector_18
                0x000007b6       0x86 C:\Users\USER\Documents\Workspace\ArduinoCore\328P_16MHz\libArduinoCore.a(HardwareSerial0.o)
 .text._ZN5Print5writeEPKhj
                0x0000083c       0x50 C:\Users\USER\Documents\Workspace\ArduinoCore\328P_16MHz\libArduinoCore.a(Print.o)
                0x0000083c                _ZN5Print5writeEPKhj
 .text._ZN5Print5writeEPKc
                0x0000088c       0x2c C:\Users\USER\Documents\Workspace\ArduinoCore\328P_16MHz\libArduinoCore.a(Print.o)
                0x0000088c                _ZN5Print5writeEPKc
 .text._ZN5Print5printEc
                0x000008b8        0xe C:\Users\USER\Documents\Workspace\ArduinoCore\328P_16MHz\libArduinoCore.a(Print.o)
                0x000008b8                _ZN5Print5printEc
 .text._ZN5Print7printlnEv
                0x000008c6       0x24 C:\Users\USER\Documents\Workspace\ArduinoCore\328P_16MHz\libArduinoCore.a(Print.o)
                0x000008c6                _ZN5Print7printlnEv
 .text._ZN5Print7printlnEPKc
                0x000008ea       0x20 C:\Users\USER\Documents\Workspace\ArduinoCore\328P_16MHz\libArduinoCore.a(Print.o)
                0x000008ea                _ZN5Print7printlnEPKc
 .text.__vector_1
                0x0000090a       0x5a C:\Users\USER\Documents\Workspace\ArduinoCore\328P_16MHz\libArduinoCore.a(WInterrupts.o)
                0x0000090a                __vector_1
 .text.__vector_2
                0x00000964       0x5a C:\Users\USER\Documents\Workspace\ArduinoCore\328P_16MHz\libArduinoCore.a(WInterrupts.o)
                0x00000964                __vector_2
 .text.initVariant
                0x000009be        0x2 C:\Users\USER\Documents\Workspace\ArduinoCore\328P_16MHz\libArduinoCore.a(main.o)
                0x000009be                initVariant
 .text.startup.main
                0x000009c0       0x14 C:\Users\USER\Documents\Workspace\ArduinoCore\328P_16MHz\libArduinoCore.a(main.o)
                0x000009c0                main
 .text.__vector_16
                0x000009d4       0x94 C:\Users\USER\Documents\Workspace\ArduinoCore\328P_16MHz\libArduinoCore.a(wiring.o)
                0x000009d4                __vector_16
 .text.micros   0x00000a68       0x46 C:\Users\USER\Documents\Workspace\ArduinoCore\328P_16MHz\libArduinoCore.a(wiring.o)
                0x00000a68                micros
 .text.delay    0x00000aae       0x4a C:\Users\USER\Documents\Workspace\ArduinoCore\328P_16MHz\libArduinoCore.a(wiring.o)
                0x00000aae                delay
 .text.init     0x00000af8       0x76 C:\Users\USER\Documents\Workspace\ArduinoCore\328P_16MHz\libArduinoCore.a(wiring.o)
                0x00000af8                init
 .text.analogRead
                0x00000b6e       0x3a C:\Users\USER\Documents\Workspace\ArduinoCore\328P_16MHz\libArduinoCore.a(wiring_analog.o)
                0x00000b6e                analogRead
 .text.turnOffPWM
                0x00000ba8       0x52 C:\Users\USER\Documents\Workspace\ArduinoCore\328P_16MHz\libArduinoCore.a(wiring_digital.o)
 .text.pinMode  0x00000bfa       0x72 C:\Users\USER\Documents\Workspace\ArduinoCore\328P_16MHz\libArduinoCore.a(wiring_digital.o)
                0x00000bfa                pinMode
 .text.digitalWrite
                0x00000c6c       0x6a C:\Users\USER\Documents\Workspace\ArduinoCore\328P_16MHz\libArduinoCore.a(wiring_digital.o)
                0x00000c6c                digitalWrite
 .text.__empty  0x00000cd6        0x2 C:\Users\USER\Documents\Workspace\ArduinoCore\328P_16MHz\libArduinoCore.a(hooks.o)
                0x00000cd6                yield
 .text.libgcc.div
                0x00000cd8       0x44 c:/arduino/hardware/tools/avr/bin/../lib/gcc/avr/4.8.1/avr5\libgcc.a(_udivmodsi4.o)
                0x00000cd8                __udivmodsi4
 .text.libgcc   0x00000d1c        0xc c:/arduino/hardware/tools/avr/bin/../lib/gcc/avr/4.8.1/avr5\libgcc.a(_tablejump.o)
                0x00000d1c                __tablejump2__
                0x00000d20                __tablejump__
                0x00000d28                . = ALIGN (0x2)
 *(.fini9)
 .fini9         0x00000d28        0x0 c:/arduino/hardware/tools/avr/bin/../lib/gcc/avr/4.8.1/avr5\libgcc.a(_exit.o)
                0x00000d28                _exit
                0x00000d28                exit
 *(.fini9)
 *(.fini8)
 *(.fini8)
 *(.fini7)
 *(.fini7)
 *(.fini6)
 *(.fini6)
 *(.fini5)
 *(.fini5)
 *(.fini4)
 *(.fini4)
 *(.fini3)
 *(.fini3)
 *(.fini2)
 *(.fini2)
 *(.fini1)
 *(.fini1)
 *(.fini0)
 .fini0         0x00000d28        0x4 c:/arduino/hardware/tools/avr/bin/../lib/gcc/avr/4.8.1/avr5\libgcc.a(_exit.o)
 *(.fini0)
                0x00000d2c                _etext = .

.data           0x00800100      0x194 load address 0x00000d2c
                0x00800100                PROVIDE (__data_start, .)
 *(.data)
 .data          0x00800100        0x0 c:/arduino/hardware/tools/avr/bin/../lib/gcc/avr/4.8.1/../../../../avr/lib/avr5/crtm328p.o
 .data          0x00800100        0x0 ./lib_src/Time/DateStrings.o
 .data          0x00800100        0x0 ./lib_src/Time/Time.o
 .data          0x00800100        0x0 ./lib_src/SoftwareSerial/SoftwareSerial.o
 .data          0x00800100        0x0 ./lib_src/RCSwitch/RCSwitch.o
 .data          0x00800100        0x0 ./lib_src/HomeAutoLight/HomeAutoLight.o
 .data          0x00800100        0x0 ./main.o
 .data          0x00800100        0x0 C:\Users\USER\Documents\Workspace\ArduinoCore\328P_16MHz\libArduinoCore.a(HardwareSerial.o)
 .data          0x00800100        0x0 C:\Users\USER\Documents\Workspace\ArduinoCore\328P_16MHz\libArduinoCore.a(HardwareSerial0.o)
 .data          0x00800100        0x0 C:\Users\USER\Documents\Workspace\ArduinoCore\328P_16MHz\libArduinoCore.a(Print.o)
 .data          0x00800100        0x0 C:\Users\USER\Documents\Workspace\ArduinoCore\328P_16MHz\libArduinoCore.a(WInterrupts.o)
 .data          0x00800100        0x0 C:\Users\USER\Documents\Workspace\ArduinoCore\328P_16MHz\libArduinoCore.a(abi.o)
 .data          0x00800100        0x0 C:\Users\USER\Documents\Workspace\ArduinoCore\328P_16MHz\libArduinoCore.a(main.o)
 .data          0x00800100        0x0 C:\Users\USER\Documents\Workspace\ArduinoCore\328P_16MHz\libArduinoCore.a(wiring.o)
 .data          0x00800100        0x0 C:\Users\USER\Documents\Workspace\ArduinoCore\328P_16MHz\libArduinoCore.a(wiring_analog.o)
 .data          0x00800100        0x0 C:\Users\USER\Documents\Workspace\ArduinoCore\328P_16MHz\libArduinoCore.a(wiring_digital.o)
 .data          0x00800100        0x0 C:\Users\USER\Documents\Workspace\ArduinoCore\328P_16MHz\libArduinoCore.a(wiring_pulse.o)
 .data          0x00800100        0x0 C:\Users\USER\Documents\Workspace\ArduinoCore\328P_16MHz\libArduinoCore.a(hooks.o)
 .data          0x00800100        0x0 c:/arduino/hardware/tools/avr/bin/../lib/gcc/avr/4.8.1/avr5\libgcc.a(_divmodhi4.o)
 .data          0x00800100        0x0 c:/arduino/hardware/tools/avr/bin/../lib/gcc/avr/4.8.1/avr5\libgcc.a(_udivmodsi4.o)
 .data          0x00800100        0x0 c:/arduino/hardware/tools/avr/bin/../lib/gcc/avr/4.8.1/avr5\libgcc.a(_exit.o)
 .data          0x00800100        0x0 c:/arduino/hardware/tools/avr/bin/../lib/gcc/avr/4.8.1/avr5\libgcc.a(_tablejump.o)
 .data          0x00800100        0x0 c:/arduino/hardware/tools/avr/bin/../lib/gcc/avr/4.8.1/avr5\libgcc.a(_copy_data.o)
 .data          0x00800100        0x0 c:/arduino/hardware/tools/avr/bin/../lib/gcc/avr/4.8.1/avr5\libgcc.a(_clear_bss.o)
 .data          0x00800100        0x0 c:/arduino/hardware/tools/avr/bin/../lib/gcc/avr/4.8.1/avr5\libgcc.a(_ctors.o)
 .data          0x00800100        0x0 c:/arduino/hardware/tools/avr/bin/../lib/gcc/avr/4.8.1/avr5\libgcc.a(_umulhisi3.o)
 .data          0x00800100        0x0 c:/arduino/hardware/tools/avr/bin/../lib/gcc/avr/4.8.1/avr5\libgcc.a(_usmulhisi3.o)
 .data          0x00800100        0x0 c:/arduino/hardware/tools/avr/bin/../lib/gcc/avr/4.8.1/avr5\libgcc.a(_muluhisi3.o)
 .data          0x00800100        0x0 c:/arduino/hardware/tools/avr/bin/../lib/gcc/avr/4.8.1/avr5\libgcc.a(_mulshisi3.o)
 .data          0x00800100        0x0 c:/arduino/hardware/tools/avr/bin/../lib/gcc/avr/4.8.1/avr5\libgcc.a(_udivmodhi4.o)
 .data          0x00800100        0x0 c:/arduino/hardware/tools/avr/bin/../lib/gcc/avr/4.8.1/../../../../avr/lib/avr5\libm.a(addsf3.o)
 .data          0x00800100        0x0 c:/arduino/hardware/tools/avr/bin/../lib/gcc/avr/4.8.1/../../../../avr/lib/avr5\libm.a(addsf3x.o)
 .data          0x00800100        0x0 c:/arduino/hardware/tools/avr/bin/../lib/gcc/avr/4.8.1/../../../../avr/lib/avr5\libm.a(cmpsf2.o)
 .data          0x00800100        0x0 c:/arduino/hardware/tools/avr/bin/../lib/gcc/avr/4.8.1/../../../../avr/lib/avr5\libm.a(divsf3.o)
 .data          0x00800100        0x0 c:/arduino/hardware/tools/avr/bin/../lib/gcc/avr/4.8.1/../../../../avr/lib/avr5\libm.a(divsf3x.o)
 .data          0x00800100        0x0 c:/arduino/hardware/tools/avr/bin/../lib/gcc/avr/4.8.1/../../../../avr/lib/avr5\libm.a(fixsfsi.o)
 .data          0x00800100        0x0 c:/arduino/hardware/tools/avr/bin/../lib/gcc/avr/4.8.1/../../../../avr/lib/avr5\libm.a(fixunssfsi.o)
 .data          0x00800100        0x0 c:/arduino/hardware/tools/avr/bin/../lib/gcc/avr/4.8.1/../../../../avr/lib/avr5\libm.a(floatsisf.o)
 .data          0x00800100        0x0 c:/arduino/hardware/tools/avr/bin/../lib/gcc/avr/4.8.1/../../../../avr/lib/avr5\libm.a(fp_cmp.o)
 .data          0x00800100        0x0 c:/arduino/hardware/tools/avr/bin/../lib/gcc/avr/4.8.1/../../../../avr/lib/avr5\libm.a(fp_inf.o)
 .data          0x00800100        0x0 c:/arduino/hardware/tools/avr/bin/../lib/gcc/avr/4.8.1/../../../../avr/lib/avr5\libm.a(fp_nan.o)
 .data          0x00800100        0x0 c:/arduino/hardware/tools/avr/bin/../lib/gcc/avr/4.8.1/../../../../avr/lib/avr5\libm.a(fp_pscA.o)
 .data          0x00800100        0x0 c:/arduino/hardware/tools/avr/bin/../lib/gcc/avr/4.8.1/../../../../avr/lib/avr5\libm.a(fp_pscB.o)
 .data          0x00800100        0x0 c:/arduino/hardware/tools/avr/bin/../lib/gcc/avr/4.8.1/../../../../avr/lib/avr5\libm.a(fp_round.o)
 .data          0x00800100        0x0 c:/arduino/hardware/tools/avr/bin/../lib/gcc/avr/4.8.1/../../../../avr/lib/avr5\libm.a(fp_split3.o)
 .data          0x00800100        0x0 c:/arduino/hardware/tools/avr/bin/../lib/gcc/avr/4.8.1/../../../../avr/lib/avr5\libm.a(fp_zero.o)
 .data          0x00800100        0x0 c:/arduino/hardware/tools/avr/bin/../lib/gcc/avr/4.8.1/../../../../avr/lib/avr5\libm.a(gesf2.o)
 .data          0x00800100        0x0 c:/arduino/hardware/tools/avr/bin/../lib/gcc/avr/4.8.1/../../../../avr/lib/avr5\libm.a(mulsf3.o)
 .data          0x00800100        0x0 c:/arduino/hardware/tools/avr/bin/../lib/gcc/avr/4.8.1/../../../../avr/lib/avr5\libm.a(mulsf3x.o)
 .data          0x00800100        0x0 c:/arduino/hardware/tools/avr/bin/../lib/gcc/avr/4.8.1/../../../../avr/lib/avr5\libm.a(unordsf2.o)
 .data          0x00800100        0x0 c:/arduino/hardware/tools/avr/bin/../lib/gcc/avr/4.8.1/../../../../avr/lib/avr5\libc.a(abort.o)
 .data          0x00800100        0x0 c:/arduino/hardware/tools/avr/bin/../lib/gcc/avr/4.8.1/../../../../avr/lib/avr5\libc.a(strcpy_P.o)
 *(.data*)
 .data.analog_reference
                0x00800100        0x1 C:\Users\USER\Documents\Workspace\ArduinoCore\328P_16MHz\libArduinoCore.a(wiring_analog.o)
                0x00800100                analog_reference
 *(.rodata)
 *(.rodata*)
 .rodata.str1.1
                0x00800101      0x182 ./lib_src/HomeAutoLight/HomeAutoLight.o
                                0x184 (size before relaxing)
 .rodata._ZTV14HardwareSerial
                0x00800283       0x10 C:\Users\USER\Documents\Workspace\ArduinoCore\328P_16MHz\libArduinoCore.a(HardwareSerial.o)
                0x00800283                _ZTV14HardwareSerial
 *(.gnu.linkonce.d*)
                0x00800294                . = ALIGN (0x2)
 *fill*         0x00800293        0x1 
                0x00800294                _edata = .
                0x00800294                PROVIDE (__data_end, .)

.bss            0x00800294      0x101
                0x00800294                PROVIDE (__bss_start, .)
 *(.bss)
 *(.bss*)
 .bss._ZN14SoftwareSerial20_receive_buffer_headE
                0x00800294        0x1 ./lib_src/SoftwareSerial/SoftwareSerial.o
                0x00800294                _ZN14SoftwareSerial20_receive_buffer_headE
 .bss._ZN14SoftwareSerial20_receive_buffer_tailE
                0x00800295        0x1 ./lib_src/SoftwareSerial/SoftwareSerial.o
                0x00800295                _ZN14SoftwareSerial20_receive_buffer_tailE
 .bss._ZN14SoftwareSerial15_receive_bufferE
                0x00800296       0x40 ./lib_src/SoftwareSerial/SoftwareSerial.o
                0x00800296                _ZN14SoftwareSerial15_receive_bufferE
 .bss._ZN14SoftwareSerial13active_objectE
                0x008002d6        0x2 ./lib_src/SoftwareSerial/SoftwareSerial.o
                0x008002d6                _ZN14SoftwareSerial13active_objectE
 .bss.Sensor    0x008002d8       0x13 ./main.o
                0x008002d8                Sensor
 .bss.Serial    0x008002eb       0x9d C:\Users\USER\Documents\Workspace\ArduinoCore\328P_16MHz\libArduinoCore.a(HardwareSerial0.o)
                0x008002eb                Serial
 .bss.intFunc   0x00800388        0x4 C:\Users\USER\Documents\Workspace\ArduinoCore\328P_16MHz\libArduinoCore.a(WInterrupts.o)
 .bss.timer0_fract
                0x0080038c        0x1 C:\Users\USER\Documents\Workspace\ArduinoCore\328P_16MHz\libArduinoCore.a(wiring.o)
 .bss.timer0_millis
                0x0080038d        0x4 C:\Users\USER\Documents\Workspace\ArduinoCore\328P_16MHz\libArduinoCore.a(wiring.o)
                0x0080038d                timer0_millis
 .bss.timer0_overflow_count
                0x00800391        0x4 C:\Users\USER\Documents\Workspace\ArduinoCore\328P_16MHz\libArduinoCore.a(wiring.o)
                0x00800391                timer0_overflow_count
 *(COMMON)
                0x00800395                PROVIDE (__bss_end, .)
                0x00000d2c                __data_load_start = LOADADDR (.data)
                0x00000ec0                __data_load_end = (__data_load_start + SIZEOF (.data))

.noinit         0x00800395        0x0
                0x00800395                PROVIDE (__noinit_start, .)
 *(.noinit*)
                0x00800395                PROVIDE (__noinit_end, .)
                0x00800395                _end = .
                0x00800395                PROVIDE (__heap_start, .)

.eeprom         0x00810000        0x0
 *(.eeprom*)
                0x00810000                __eeprom_end = .

.fuse
 *(.fuse)
 *(.lfuse)
 *(.hfuse)
 *(.efuse)

.lock
 *(.lock*)

.signature
 *(.signature*)

.stab
 *(.stab)

.stabstr
 *(.stabstr)

.stab.excl
 *(.stab.excl)

.stab.exclstr
 *(.stab.exclstr)

.stab.index
 *(.stab.index)

.stab.indexstr
 *(.stab.indexstr)

.comment        0x00000000       0x11
 *(.comment)
 .comment       0x00000000       0x11 ./lib_src/Time/DateStrings.o
                                 0x12 (size before relaxing)
 .comment       0x00000011       0x12 ./lib_src/Time/Time.o
 .comment       0x00000011       0x12 ./lib_src/SoftwareSerial/SoftwareSerial.o
 .comment       0x00000011       0x12 ./lib_src/RCSwitch/RCSwitch.o
 .comment       0x00000011       0x12 ./lib_src/HomeAutoLight/HomeAutoLight.o
 .comment       0x00000011       0x12 ./main.o
 .comment       0x00000011       0x12 C:\Users\USER\Documents\Workspace\ArduinoCore\328P_16MHz\libArduinoCore.a(HardwareSerial.o)
 .comment       0x00000011       0x12 C:\Users\USER\Documents\Workspace\ArduinoCore\328P_16MHz\libArduinoCore.a(HardwareSerial0.o)
 .comment       0x00000011       0x12 C:\Users\USER\Documents\Workspace\ArduinoCore\328P_16MHz\libArduinoCore.a(Print.o)
 .comment       0x00000011       0x12 C:\Users\USER\Documents\Workspace\ArduinoCore\328P_16MHz\libArduinoCore.a(WInterrupts.o)
 .comment       0x00000011       0x12 C:\Users\USER\Documents\Workspace\ArduinoCore\328P_16MHz\libArduinoCore.a(abi.o)
 .comment       0x00000011       0x12 C:\Users\USER\Documents\Workspace\ArduinoCore\328P_16MHz\libArduinoCore.a(main.o)
 .comment       0x00000011       0x12 C:\Users\USER\Documents\Workspace\ArduinoCore\328P_16MHz\libArduinoCore.a(wiring.o)
 .comment       0x00000011       0x12 C:\Users\USER\Documents\Workspace\ArduinoCore\328P_16MHz\libArduinoCore.a(wiring_analog.o)
 .comment       0x00000011       0x12 C:\Users\USER\Documents\Workspace\ArduinoCore\328P_16MHz\libArduinoCore.a(wiring_digital.o)
 .comment       0x00000011       0x12 C:\Users\USER\Documents\Workspace\ArduinoCore\328P_16MHz\libArduinoCore.a(wiring_pulse.o)
 .comment       0x00000011       0x12 C:\Users\USER\Documents\Workspace\ArduinoCore\328P_16MHz\libArduinoCore.a(hooks.o)

.note.gnu.build-id
 *(.note.gnu.build-id)

.debug
 *(.debug)

.line
 *(.line)

.debug_srcinfo
 *(.debug_srcinfo)

.debug_sfnames
 *(.debug_sfnames)

.debug_aranges
 *(.debug_aranges)

.debug_pubnames
 *(.debug_pubnames)

.debug_info
 *(.debug_info .gnu.linkonce.wi.*)

.debug_abbrev
 *(.debug_abbrev)

.debug_line
 *(.debug_line .debug_line.* .debug_line_end)

.debug_frame
 *(.debug_frame)

.debug_str
 *(.debug_str)

.debug_loc
 *(.debug_loc)

.debug_macinfo
 *(.debug_macinfo)

.debug_weaknames
 *(.debug_weaknames)

.debug_funcnames
 *(.debug_funcnames)

.debug_typenames
 *(.debug_typenames)

.debug_varnames
 *(.debug_varnames)

.debug_pubtypes
 *(.debug_pubtypes)

.debug_ranges
 *(.debug_ranges)

.debug_macro
 *(.debug_macro)
OUTPUT(Light_Project.elf elf32-avr)
LOAD linker stubs

Cross Reference Table

Symbol                                            File
Get_Time_Data                                     ./lib_src/HomeAutoLight/HomeAutoLight.o
Sensor                                            ./main.o
Serial                                            C:\Users\USER\Documents\Workspace\ArduinoCore\328P_16MHz\libArduinoCore.a(HardwareSerial0.o)
                                                  ./main.o
                                                  ./lib_src/HomeAutoLight/HomeAutoLight.o
_Z10adjustTimel                                   ./lib_src/Time/Time.o
_Z10timeStatusv                                   ./lib_src/Time/Time.o
_Z11dayShortStrh                                  ./lib_src/Time/DateStrings.o
_Z11serialEventv                                  C:\Users\USER\Documents\Workspace\ArduinoCore\328P_16MHz\libArduinoCore.a(HardwareSerial.o)
_Z12hourFormat12m                                 ./lib_src/Time/Time.o
_Z12hourFormat12v                                 ./lib_src/Time/Time.o
_Z12refreshCachem                                 ./lib_src/Time/Time.o
_Z13monthShortStrh                                ./lib_src/Time/DateStrings.o
_Z14serialEventRunv                               C:\Users\USER\Documents\Workspace\ArduinoCore\328P_16MHz\libArduinoCore.a(HardwareSerial.o)
                                                  C:\Users\USER\Documents\Workspace\ArduinoCore\328P_16MHz\libArduinoCore.a(main.o)
_Z15setSyncIntervalm                              ./lib_src/Time/Time.o
_Z15setSyncProviderPFmvE                          ./lib_src/Time/Time.o
_Z17Serial0_availablev                            C:\Users\USER\Documents\Workspace\ArduinoCore\328P_16MHz\libArduinoCore.a(HardwareSerial0.o)
                                                  C:\Users\USER\Documents\Workspace\ArduinoCore\328P_16MHz\libArduinoCore.a(HardwareSerial.o)
_Z3daym                                           ./lib_src/Time/Time.o
_Z3dayv                                           ./lib_src/Time/Time.o
_Z3nowv                                           ./lib_src/Time/Time.o
_Z4hourm                                          ./lib_src/Time/Time.o
_Z4hourv                                          ./lib_src/Time/Time.o
_Z4isAMm                                          ./lib_src/Time/Time.o
_Z4isAMv                                          ./lib_src/Time/Time.o
_Z4isPMm                                          ./lib_src/Time/Time.o
_Z4isPMv                                          ./lib_src/Time/Time.o
_Z4yearm                                          ./lib_src/Time/Time.o
_Z4yearv                                          ./lib_src/Time/Time.o
_Z5monthm                                         ./lib_src/Time/Time.o
_Z5monthv                                         ./lib_src/Time/Time.o
_Z6dayStrh                                        ./lib_src/Time/DateStrings.o
_Z6minutem                                        ./lib_src/Time/Time.o
_Z6minutev                                        ./lib_src/Time/Time.o
_Z6secondm                                        ./lib_src/Time/Time.o
_Z6secondv                                        ./lib_src/Time/Time.o
_Z7setTimeiiiiii                                  ./lib_src/Time/Time.o
_Z7setTimem                                       ./lib_src/Time/Time.o
_Z7weekdaym                                       ./lib_src/Time/Time.o
_Z7weekdayv                                       ./lib_src/Time/Time.o
_Z8makeTimeR12tmElements_t                        ./lib_src/Time/Time.o
_Z8monthStrh                                      ./lib_src/Time/DateStrings.o
_Z9breakTimemR12tmElements_t                      ./lib_src/Time/Time.o
_ZN10RCfunction11Send_SignalEc                    ./lib_src/HomeAutoLight/HomeAutoLight.o
_ZN10RCfunction13Recive_SiganlEv                  ./lib_src/HomeAutoLight/HomeAutoLight.o
_ZN10RCfunctionC1Ev                               ./lib_src/HomeAutoLight/HomeAutoLight.o
_ZN10RCfunctionC2Ev                               ./lib_src/HomeAutoLight/HomeAutoLight.o
_ZN14HardwareSerial17_tx_udr_empty_irqEv          C:\Users\USER\Documents\Workspace\ArduinoCore\328P_16MHz\libArduinoCore.a(HardwareSerial.o)
                                                  C:\Users\USER\Documents\Workspace\ArduinoCore\328P_16MHz\libArduinoCore.a(HardwareSerial0.o)
_ZN14HardwareSerial17availableForWriteEv          C:\Users\USER\Documents\Workspace\ArduinoCore\328P_16MHz\libArduinoCore.a(HardwareSerial.o)
_ZN14HardwareSerial3endEv                         C:\Users\USER\Documents\Workspace\ArduinoCore\328P_16MHz\libArduinoCore.a(HardwareSerial.o)
_ZN14HardwareSerial4peekEv                        C:\Users\USER\Documents\Workspace\ArduinoCore\328P_16MHz\libArduinoCore.a(HardwareSerial.o)
_ZN14HardwareSerial4readEv                        C:\Users\USER\Documents\Workspace\ArduinoCore\328P_16MHz\libArduinoCore.a(HardwareSerial.o)
                                                  ./lib_src/HomeAutoLight/HomeAutoLight.o
_ZN14HardwareSerial5beginEmh                      C:\Users\USER\Documents\Workspace\ArduinoCore\328P_16MHz\libArduinoCore.a(HardwareSerial.o)
                                                  ./main.o
                                                  ./lib_src/HomeAutoLight/HomeAutoLight.o
_ZN14HardwareSerial5flushEv                       C:\Users\USER\Documents\Workspace\ArduinoCore\328P_16MHz\libArduinoCore.a(HardwareSerial.o)
_ZN14HardwareSerial5writeEh                       C:\Users\USER\Documents\Workspace\ArduinoCore\328P_16MHz\libArduinoCore.a(HardwareSerial.o)
_ZN14HardwareSerial9availableEv                   C:\Users\USER\Documents\Workspace\ArduinoCore\328P_16MHz\libArduinoCore.a(HardwareSerial.o)
                                                  C:\Users\USER\Documents\Workspace\ArduinoCore\328P_16MHz\libArduinoCore.a(HardwareSerial0.o)
                                                  ./lib_src/HomeAutoLight/HomeAutoLight.o
_ZN14SoftwareSerial11rx_pin_readEv                ./lib_src/SoftwareSerial/SoftwareSerial.o
_ZN14SoftwareSerial11setRxIntMskEb                ./lib_src/SoftwareSerial/SoftwareSerial.o
_ZN14SoftwareSerial12subtract_capEjj              ./lib_src/SoftwareSerial/SoftwareSerial.o
_ZN14SoftwareSerial13active_objectE               ./lib_src/SoftwareSerial/SoftwareSerial.o
_ZN14SoftwareSerial13stopListeningEv              ./lib_src/SoftwareSerial/SoftwareSerial.o
_ZN14SoftwareSerial15_receive_bufferE             ./lib_src/SoftwareSerial/SoftwareSerial.o
_ZN14SoftwareSerial20_receive_buffer_headE        ./lib_src/SoftwareSerial/SoftwareSerial.o
_ZN14SoftwareSerial20_receive_buffer_tailE        ./lib_src/SoftwareSerial/SoftwareSerial.o
_ZN14SoftwareSerial3endEv                         ./lib_src/SoftwareSerial/SoftwareSerial.o
_ZN14SoftwareSerial4peekEv                        ./lib_src/SoftwareSerial/SoftwareSerial.o
_ZN14SoftwareSerial4readEv                        ./lib_src/SoftwareSerial/SoftwareSerial.o
_ZN14SoftwareSerial4recvEv                        ./lib_src/SoftwareSerial/SoftwareSerial.o
_ZN14SoftwareSerial5beginEl                       ./lib_src/SoftwareSerial/SoftwareSerial.o
_ZN14SoftwareSerial5flushEv                       ./lib_src/SoftwareSerial/SoftwareSerial.o
_ZN14SoftwareSerial5setRXEh                       ./lib_src/SoftwareSerial/SoftwareSerial.o
_ZN14SoftwareSerial5setTXEh                       ./lib_src/SoftwareSerial/SoftwareSerial.o
_ZN14SoftwareSerial5writeEh                       ./lib_src/SoftwareSerial/SoftwareSerial.o
_ZN14SoftwareSerial6listenEv                      ./lib_src/SoftwareSerial/SoftwareSerial.o
_ZN14SoftwareSerial9availableEv                   ./lib_src/SoftwareSerial/SoftwareSerial.o
_ZN14SoftwareSerialC1Ehhb                         ./lib_src/SoftwareSerial/SoftwareSerial.o
_ZN14SoftwareSerialC2Ehhb                         ./lib_src/SoftwareSerial/SoftwareSerial.o
_ZN14SoftwareSerialD1Ev                           ./lib_src/SoftwareSerial/SoftwareSerial.o
_ZN14SoftwareSerialD2Ev                           ./lib_src/SoftwareSerial/SoftwareSerial.o
_ZN15Distance_Sensor21HC_SR04_decode_signalEv     ./lib_src/HomeAutoLight/HomeAutoLight.o
_ZN15Distance_Sensor23HC_SR04_generate_signalEv   ./lib_src/HomeAutoLight/HomeAutoLight.o
_ZN15Distance_SensorC1Ev                          ./lib_src/HomeAutoLight/HomeAutoLight.o
_ZN15Distance_SensorC2Ev                          ./lib_src/HomeAutoLight/HomeAutoLight.o
_ZN4HALS14Autolight_BodyEv                        ./lib_src/HomeAutoLight/HomeAutoLight.o
_ZN4HALS16Autolight_SenderEv                      ./lib_src/HomeAutoLight/HomeAutoLight.o
_ZN5Print10printFloatEdh                          C:\Users\USER\Documents\Workspace\ArduinoCore\328P_16MHz\libArduinoCore.a(Print.o)
_ZN5Print11printNumberEmh                         C:\Users\USER\Documents\Workspace\ArduinoCore\328P_16MHz\libArduinoCore.a(Print.o)
_ZN5Print5printEPK19__FlashStringHelper           C:\Users\USER\Documents\Workspace\ArduinoCore\328P_16MHz\libArduinoCore.a(Print.o)
_ZN5Print5printEPKc                               C:\Users\USER\Documents\Workspace\ArduinoCore\328P_16MHz\libArduinoCore.a(Print.o)
                                                  ./lib_src/HomeAutoLight/HomeAutoLight.o
_ZN5Print5printERK6String                         C:\Users\USER\Documents\Workspace\ArduinoCore\328P_16MHz\libArduinoCore.a(Print.o)
_ZN5Print5printERK9Printable                      C:\Users\USER\Documents\Workspace\ArduinoCore\328P_16MHz\libArduinoCore.a(Print.o)
_ZN5Print5printEc                                 C:\Users\USER\Documents\Workspace\ArduinoCore\328P_16MHz\libArduinoCore.a(Print.o)
_ZN5Print5printEdi                                C:\Users\USER\Documents\Workspace\ArduinoCore\328P_16MHz\libArduinoCore.a(Print.o)
_ZN5Print5printEhi                                C:\Users\USER\Documents\Workspace\ArduinoCore\328P_16MHz\libArduinoCore.a(Print.o)
_ZN5Print5printEii                                C:\Users\USER\Documents\Workspace\ArduinoCore\328P_16MHz\libArduinoCore.a(Print.o)
                                                  ./lib_src/HomeAutoLight/HomeAutoLight.o
_ZN5Print5printEji                                C:\Users\USER\Documents\Workspace\ArduinoCore\328P_16MHz\libArduinoCore.a(Print.o)
                                                  ./lib_src/HomeAutoLight/HomeAutoLight.o
_ZN5Print5printEli                                C:\Users\USER\Documents\Workspace\ArduinoCore\328P_16MHz\libArduinoCore.a(Print.o)
_ZN5Print5printEmi                                C:\Users\USER\Documents\Workspace\ArduinoCore\328P_16MHz\libArduinoCore.a(Print.o)
                                                  ./lib_src/HomeAutoLight/HomeAutoLight.o
_ZN5Print5writeEPKc                               C:\Users\USER\Documents\Workspace\ArduinoCore\328P_16MHz\libArduinoCore.a(Print.o)
_ZN5Print5writeEPKhj                              C:\Users\USER\Documents\Workspace\ArduinoCore\328P_16MHz\libArduinoCore.a(Print.o)
                                                  C:\Users\USER\Documents\Workspace\ArduinoCore\328P_16MHz\libArduinoCore.a(HardwareSerial.o)
                                                  ./lib_src/SoftwareSerial/SoftwareSerial.o
_ZN5Print7printlnEPK19__FlashStringHelper         C:\Users\USER\Documents\Workspace\ArduinoCore\328P_16MHz\libArduinoCore.a(Print.o)
_ZN5Print7printlnEPKc                             C:\Users\USER\Documents\Workspace\ArduinoCore\328P_16MHz\libArduinoCore.a(Print.o)
                                                  ./lib_src/HomeAutoLight/HomeAutoLight.o
_ZN5Print7printlnERK6String                       C:\Users\USER\Documents\Workspace\ArduinoCore\328P_16MHz\libArduinoCore.a(Print.o)
_ZN5Print7printlnERK9Printable                    C:\Users\USER\Documents\Workspace\ArduinoCore\328P_16MHz\libArduinoCore.a(Print.o)
_ZN5Print7printlnEc                               C:\Users\USER\Documents\Workspace\ArduinoCore\328P_16MHz\libArduinoCore.a(Print.o)
_ZN5Print7printlnEdi                              C:\Users\USER\Documents\Workspace\ArduinoCore\328P_16MHz\libArduinoCore.a(Print.o)
_ZN5Print7printlnEhi                              C:\Users\USER\Documents\Workspace\ArduinoCore\328P_16MHz\libArduinoCore.a(Print.o)
_ZN5Print7printlnEii                              C:\Users\USER\Documents\Workspace\ArduinoCore\328P_16MHz\libArduinoCore.a(Print.o)
                                                  ./lib_src/HomeAutoLight/HomeAutoLight.o
_ZN5Print7printlnEji                              C:\Users\USER\Documents\Workspace\ArduinoCore\328P_16MHz\libArduinoCore.a(Print.o)
                                                  ./lib_src/HomeAutoLight/HomeAutoLight.o
_ZN5Print7printlnEli                              C:\Users\USER\Documents\Workspace\ArduinoCore\328P_16MHz\libArduinoCore.a(Print.o)
_ZN5Print7printlnEmi                              C:\Users\USER\Documents\Workspace\ArduinoCore\328P_16MHz\libArduinoCore.a(Print.o)
_ZN5Print7printlnEv                               C:\Users\USER\Documents\Workspace\ArduinoCore\328P_16MHz\libArduinoCore.a(Print.o)
                                                  ./lib_src/HomeAutoLight/HomeAutoLight.o
_ZN6LedOut5flashEii                               ./lib_src/HomeAutoLight/HomeAutoLight.o
_ZN6LedOutC1Ev                                    ./lib_src/HomeAutoLight/HomeAutoLight.o
_ZN6LedOutC2Ev                                    ./lib_src/HomeAutoLight/HomeAutoLight.o
_ZN8RCSwitch11setProtocolEi                       ./lib_src/RCSwitch/RCSwitch.o
_ZN8RCSwitch11setProtocolEii                      ./lib_src/RCSwitch/RCSwitch.o
_ZN8RCSwitch12getCodeWordAEPcS0_b                 ./lib_src/RCSwitch/RCSwitch.o
_ZN8RCSwitch12getCodeWordBEiib                    ./lib_src/RCSwitch/RCSwitch.o
_ZN8RCSwitch12getCodeWordCEciib                   ./lib_src/RCSwitch/RCSwitch.o
_ZN8RCSwitch12getCodeWordDEcib                    ./lib_src/RCSwitch/RCSwitch.o
_ZN8RCSwitch12sendTriStateEPc                     ./lib_src/RCSwitch/RCSwitch.o
_ZN8RCSwitch13enableReceiveEi                     ./lib_src/RCSwitch/RCSwitch.o
_ZN8RCSwitch13enableReceiveEv                     ./lib_src/RCSwitch/RCSwitch.o
_ZN8RCSwitch14disableReceiveEv                    ./lib_src/RCSwitch/RCSwitch.o
_ZN8RCSwitch14enableTransmitEi                    ./lib_src/RCSwitch/RCSwitch.o
                                                  ./lib_src/HomeAutoLight/HomeAutoLight.o
_ZN8RCSwitch14nReceivedDelayE                     ./lib_src/RCSwitch/RCSwitch.o
_ZN8RCSwitch14nReceivedValueE                     ./lib_src/RCSwitch/RCSwitch.o
_ZN8RCSwitch14resetAvailableEv                    ./lib_src/RCSwitch/RCSwitch.o
                                                  ./lib_src/HomeAutoLight/HomeAutoLight.o
_ZN8RCSwitch14setPulseLengthEi                    ./lib_src/RCSwitch/RCSwitch.o
_ZN8RCSwitch15disableTransmitEv                   ./lib_src/RCSwitch/RCSwitch.o
_ZN8RCSwitch15handleInterruptEv                   ./lib_src/RCSwitch/RCSwitch.o
_ZN8RCSwitch16dec2binWcharfillEmjc                ./lib_src/RCSwitch/RCSwitch.o
_ZN8RCSwitch16dec2binWzerofillEmj                 ./lib_src/RCSwitch/RCSwitch.o
_ZN8RCSwitch16getReceivedDelayEv                  ./lib_src/RCSwitch/RCSwitch.o
_ZN8RCSwitch16getReceivedValueEv                  ./lib_src/RCSwitch/RCSwitch.o
                                                  ./lib_src/HomeAutoLight/HomeAutoLight.o
_ZN8RCSwitch16receiveProtocol1Ej                  ./lib_src/RCSwitch/RCSwitch.o
_ZN8RCSwitch16receiveProtocol2Ej                  ./lib_src/RCSwitch/RCSwitch.o
_ZN8RCSwitch16receiveProtocol3Ej                  ./lib_src/RCSwitch/RCSwitch.o
_ZN8RCSwitch17nReceiveToleranceE                  ./lib_src/RCSwitch/RCSwitch.o
_ZN8RCSwitch17nReceivedProtocolE                  ./lib_src/RCSwitch/RCSwitch.o
_ZN8RCSwitch17setRepeatTransmitEi                 ./lib_src/RCSwitch/RCSwitch.o
                                                  ./lib_src/HomeAutoLight/HomeAutoLight.o
_ZN8RCSwitch18getReceivedRawdataEv                ./lib_src/RCSwitch/RCSwitch.o
_ZN8RCSwitch18nReceivedBitlengthE                 ./lib_src/RCSwitch/RCSwitch.o
_ZN8RCSwitch19getReceivedProtocolEv               ./lib_src/RCSwitch/RCSwitch.o
                                                  ./lib_src/HomeAutoLight/HomeAutoLight.o
_ZN8RCSwitch19setReceiveToleranceEi               ./lib_src/RCSwitch/RCSwitch.o
_ZN8RCSwitch20getReceivedBitlengthEv              ./lib_src/RCSwitch/RCSwitch.o
                                                  ./lib_src/HomeAutoLight/HomeAutoLight.o
_ZN8RCSwitch4sendEPc                              ./lib_src/RCSwitch/RCSwitch.o
_ZN8RCSwitch4sendEmj                              ./lib_src/RCSwitch/RCSwitch.o
                                                  ./lib_src/HomeAutoLight/HomeAutoLight.o
_ZN8RCSwitch5send0Ev                              ./lib_src/RCSwitch/RCSwitch.o
_ZN8RCSwitch5send1Ev                              ./lib_src/RCSwitch/RCSwitch.o
_ZN8RCSwitch6sendT0Ev                             ./lib_src/RCSwitch/RCSwitch.o
_ZN8RCSwitch6sendT1Ev                             ./lib_src/RCSwitch/RCSwitch.o
_ZN8RCSwitch6sendTFEv                             ./lib_src/RCSwitch/RCSwitch.o
_ZN8RCSwitch7timingsE                             ./lib_src/RCSwitch/RCSwitch.o
_ZN8RCSwitch8sendSyncEv                           ./lib_src/RCSwitch/RCSwitch.o
_ZN8RCSwitch8switchOnEPcS0_                       ./lib_src/RCSwitch/RCSwitch.o
_ZN8RCSwitch8switchOnEPci                         ./lib_src/RCSwitch/RCSwitch.o
_ZN8RCSwitch8switchOnEci                          ./lib_src/RCSwitch/RCSwitch.o
_ZN8RCSwitch8switchOnEcii                         ./lib_src/RCSwitch/RCSwitch.o
_ZN8RCSwitch8switchOnEii                          ./lib_src/RCSwitch/RCSwitch.o
_ZN8RCSwitch8transmitEii                          ./lib_src/RCSwitch/RCSwitch.o
_ZN8RCSwitch9availableEv                          ./lib_src/RCSwitch/RCSwitch.o
                                                  ./lib_src/HomeAutoLight/HomeAutoLight.o
_ZN8RCSwitch9switchOffEPcS0_                      ./lib_src/RCSwitch/RCSwitch.o
_ZN8RCSwitch9switchOffEPci                        ./lib_src/RCSwitch/RCSwitch.o
_ZN8RCSwitch9switchOffEci                         ./lib_src/RCSwitch/RCSwitch.o
_ZN8RCSwitch9switchOffEcii                        ./lib_src/RCSwitch/RCSwitch.o
_ZN8RCSwitch9switchOffEii                         ./lib_src/RCSwitch/RCSwitch.o
_ZN8RCSwitchC1Ev                                  ./lib_src/RCSwitch/RCSwitch.o
                                                  ./lib_src/HomeAutoLight/HomeAutoLight.o
_ZN8RCSwitchC2Ev                                  ./lib_src/RCSwitch/RCSwitch.o
_ZN9CCDSensor11print_ValueEv                      ./lib_src/HomeAutoLight/HomeAutoLight.o
_ZN9CCDSensor18get_anal_light_valEv               ./lib_src/HomeAutoLight/HomeAutoLight.o
_ZN9CCDSensor19get_digit_light_valEv              ./lib_src/HomeAutoLight/HomeAutoLight.o
_ZN9CCDSensor20check_state_go_sleepEv             ./lib_src/HomeAutoLight/HomeAutoLight.o
_ZN9CCDSensor27AutoLight_Power_Saving_MainEv      ./lib_src/HomeAutoLight/HomeAutoLight.o
                                                  ./main.o
_ZN9CCDSensorC1Eii                                ./lib_src/HomeAutoLight/HomeAutoLight.o
                                                  ./main.o
_ZN9CCDSensorC2Eii                                ./lib_src/HomeAutoLight/HomeAutoLight.o
_ZN9SleepMode8sleepNowEv                          ./lib_src/HomeAutoLight/HomeAutoLight.o
_ZN9SleepModeC1Ev                                 ./lib_src/HomeAutoLight/HomeAutoLight.o
_ZN9SleepModeC2Ev                                 ./lib_src/HomeAutoLight/HomeAutoLight.o
_ZTV14HardwareSerial                              C:\Users\USER\Documents\Workspace\ArduinoCore\328P_16MHz\libArduinoCore.a(HardwareSerial.o)
                                                  C:\Users\USER\Documents\Workspace\ArduinoCore\328P_16MHz\libArduinoCore.a(HardwareSerial0.o)
_ZTV14SoftwareSerial                              ./lib_src/SoftwareSerial/SoftwareSerial.o
_ZTV5Print                                        C:\Users\USER\Documents\Workspace\ArduinoCore\328P_16MHz\libArduinoCore.a(Print.o)
_ZTV6Stream                                       ./lib_src/SoftwareSerial/SoftwareSerial.o
__addsf3                                          c:/arduino/hardware/tools/avr/bin/../lib/gcc/avr/4.8.1/../../../../avr/lib/avr5\libm.a(addsf3.o)
                                                  C:\Users\USER\Documents\Workspace\ArduinoCore\328P_16MHz\libArduinoCore.a(Print.o)
__addsf3x                                         c:/arduino/hardware/tools/avr/bin/../lib/gcc/avr/4.8.1/../../../../avr/lib/avr5\libm.a(addsf3x.o)
                                                  c:/arduino/hardware/tools/avr/bin/../lib/gcc/avr/4.8.1/../../../../avr/lib/avr5\libm.a(addsf3.o)
__bad_interrupt                                   c:/arduino/hardware/tools/avr/bin/../lib/gcc/avr/4.8.1/../../../../avr/lib/avr5/crtm328p.o
__bss_end                                         c:/arduino/hardware/tools/avr/bin/../lib/gcc/avr/4.8.1/avr5\libgcc.a(_clear_bss.o)
__bss_start                                       c:/arduino/hardware/tools/avr/bin/../lib/gcc/avr/4.8.1/avr5\libgcc.a(_clear_bss.o)
__cmpsf2                                          c:/arduino/hardware/tools/avr/bin/../lib/gcc/avr/4.8.1/../../../../avr/lib/avr5\libm.a(cmpsf2.o)
__ctors_end                                       c:/arduino/hardware/tools/avr/bin/../lib/gcc/avr/4.8.1/avr5\libgcc.a(_ctors.o)
__ctors_start                                     c:/arduino/hardware/tools/avr/bin/../lib/gcc/avr/4.8.1/avr5\libgcc.a(_ctors.o)
__cxa_deleted_virtual                             C:\Users\USER\Documents\Workspace\ArduinoCore\328P_16MHz\libArduinoCore.a(abi.o)
__cxa_pure_virtual                                C:\Users\USER\Documents\Workspace\ArduinoCore\328P_16MHz\libArduinoCore.a(abi.o)
                                                  C:\Users\USER\Documents\Workspace\ArduinoCore\328P_16MHz\libArduinoCore.a(Print.o)
                                                  ./lib_src/SoftwareSerial/SoftwareSerial.o
__data_end                                        c:/arduino/hardware/tools/avr/bin/../lib/gcc/avr/4.8.1/avr5\libgcc.a(_copy_data.o)
__data_load_start                                 c:/arduino/hardware/tools/avr/bin/../lib/gcc/avr/4.8.1/avr5\libgcc.a(_copy_data.o)
__data_start                                      c:/arduino/hardware/tools/avr/bin/../lib/gcc/avr/4.8.1/avr5\libgcc.a(_copy_data.o)
__divmodhi4                                       c:/arduino/hardware/tools/avr/bin/../lib/gcc/avr/4.8.1/avr5\libgcc.a(_divmodhi4.o)
                                                  ./lib_src/Time/Time.o
__divsf3                                          c:/arduino/hardware/tools/avr/bin/../lib/gcc/avr/4.8.1/../../../../avr/lib/avr5\libm.a(divsf3.o)
                                                  C:\Users\USER\Documents\Workspace\ArduinoCore\328P_16MHz\libArduinoCore.a(Print.o)
                                                  ./lib_src/HomeAutoLight/HomeAutoLight.o
__divsf3_pse                                      c:/arduino/hardware/tools/avr/bin/../lib/gcc/avr/4.8.1/../../../../avr/lib/avr5\libm.a(divsf3x.o)
__divsf3x                                         c:/arduino/hardware/tools/avr/bin/../lib/gcc/avr/4.8.1/../../../../avr/lib/avr5\libm.a(divsf3x.o)
                                                  c:/arduino/hardware/tools/avr/bin/../lib/gcc/avr/4.8.1/../../../../avr/lib/avr5\libm.a(divsf3.o)
__do_clear_bss                                    c:/arduino/hardware/tools/avr/bin/../lib/gcc/avr/4.8.1/avr5\libgcc.a(_clear_bss.o)
                                                  C:\Users\USER\Documents\Workspace\ArduinoCore\328P_16MHz\libArduinoCore.a(wiring.o)
                                                  C:\Users\USER\Documents\Workspace\ArduinoCore\328P_16MHz\libArduinoCore.a(WInterrupts.o)
                                                  C:\Users\USER\Documents\Workspace\ArduinoCore\328P_16MHz\libArduinoCore.a(HardwareSerial0.o)
                                                  ./main.o
                                                  ./lib_src/RCSwitch/RCSwitch.o
                                                  ./lib_src/SoftwareSerial/SoftwareSerial.o
                                                  ./lib_src/Time/Time.o
                                                  ./lib_src/Time/DateStrings.o
__do_copy_data                                    c:/arduino/hardware/tools/avr/bin/../lib/gcc/avr/4.8.1/avr5\libgcc.a(_copy_data.o)
                                                  C:\Users\USER\Documents\Workspace\ArduinoCore\328P_16MHz\libArduinoCore.a(wiring_analog.o)
                                                  C:\Users\USER\Documents\Workspace\ArduinoCore\328P_16MHz\libArduinoCore.a(Print.o)
                                                  C:\Users\USER\Documents\Workspace\ArduinoCore\328P_16MHz\libArduinoCore.a(HardwareSerial.o)
                                                  ./lib_src/HomeAutoLight/HomeAutoLight.o
                                                  ./lib_src/RCSwitch/RCSwitch.o
                                                  ./lib_src/SoftwareSerial/SoftwareSerial.o
                                                  ./lib_src/Time/Time.o
__do_global_ctors                                 c:/arduino/hardware/tools/avr/bin/../lib/gcc/avr/4.8.1/avr5\libgcc.a(_ctors.o)
                                                  C:\Users\USER\Documents\Workspace\ArduinoCore\328P_16MHz\libArduinoCore.a(HardwareSerial0.o)
                                                  ./main.o
__eqsf2                                           c:/arduino/hardware/tools/avr/bin/../lib/gcc/avr/4.8.1/../../../../avr/lib/avr5\libm.a(cmpsf2.o)
__fixsfsi                                         c:/arduino/hardware/tools/avr/bin/../lib/gcc/avr/4.8.1/../../../../avr/lib/avr5\libm.a(fixsfsi.o)
                                                  C:\Users\USER\Documents\Workspace\ArduinoCore\328P_16MHz\libArduinoCore.a(Print.o)
                                                  ./lib_src/HomeAutoLight/HomeAutoLight.o
__fixunssfsi                                      c:/arduino/hardware/tools/avr/bin/../lib/gcc/avr/4.8.1/../../../../avr/lib/avr5\libm.a(fixunssfsi.o)
                                                  c:/arduino/hardware/tools/avr/bin/../lib/gcc/avr/4.8.1/../../../../avr/lib/avr5\libm.a(fixsfsi.o)
                                                  C:\Users\USER\Documents\Workspace\ArduinoCore\328P_16MHz\libArduinoCore.a(Print.o)
                                                  ./lib_src/RCSwitch/RCSwitch.o
__floatsisf                                       c:/arduino/hardware/tools/avr/bin/../lib/gcc/avr/4.8.1/../../../../avr/lib/avr5\libm.a(floatsisf.o)
                                                  C:\Users\USER\Documents\Workspace\ArduinoCore\328P_16MHz\libArduinoCore.a(Print.o)
                                                  ./lib_src/HomeAutoLight/HomeAutoLight.o
__floatunsisf                                     c:/arduino/hardware/tools/avr/bin/../lib/gcc/avr/4.8.1/../../../../avr/lib/avr5\libm.a(floatsisf.o)
                                                  C:\Users\USER\Documents\Workspace\ArduinoCore\328P_16MHz\libArduinoCore.a(Print.o)
                                                  ./lib_src/RCSwitch/RCSwitch.o
__fp_cmp                                          c:/arduino/hardware/tools/avr/bin/../lib/gcc/avr/4.8.1/../../../../avr/lib/avr5\libm.a(fp_cmp.o)
                                                  c:/arduino/hardware/tools/avr/bin/../lib/gcc/avr/4.8.1/../../../../avr/lib/avr5\libm.a(unordsf2.o)
                                                  c:/arduino/hardware/tools/avr/bin/../lib/gcc/avr/4.8.1/../../../../avr/lib/avr5\libm.a(gesf2.o)
                                                  c:/arduino/hardware/tools/avr/bin/../lib/gcc/avr/4.8.1/../../../../avr/lib/avr5\libm.a(cmpsf2.o)
__fp_inf                                          c:/arduino/hardware/tools/avr/bin/../lib/gcc/avr/4.8.1/../../../../avr/lib/avr5\libm.a(fp_inf.o)
                                                  c:/arduino/hardware/tools/avr/bin/../lib/gcc/avr/4.8.1/../../../../avr/lib/avr5\libm.a(mulsf3x.o)
                                                  c:/arduino/hardware/tools/avr/bin/../lib/gcc/avr/4.8.1/../../../../avr/lib/avr5\libm.a(divsf3x.o)
                                                  c:/arduino/hardware/tools/avr/bin/../lib/gcc/avr/4.8.1/../../../../avr/lib/avr5\libm.a(addsf3x.o)
__fp_nan                                          c:/arduino/hardware/tools/avr/bin/../lib/gcc/avr/4.8.1/../../../../avr/lib/avr5\libm.a(fp_nan.o)
                                                  c:/arduino/hardware/tools/avr/bin/../lib/gcc/avr/4.8.1/../../../../avr/lib/avr5\libm.a(mulsf3x.o)
                                                  c:/arduino/hardware/tools/avr/bin/../lib/gcc/avr/4.8.1/../../../../avr/lib/avr5\libm.a(divsf3x.o)
                                                  c:/arduino/hardware/tools/avr/bin/../lib/gcc/avr/4.8.1/../../../../avr/lib/avr5\libm.a(addsf3x.o)
__fp_pscA                                         c:/arduino/hardware/tools/avr/bin/../lib/gcc/avr/4.8.1/../../../../avr/lib/avr5\libm.a(fp_pscA.o)
                                                  c:/arduino/hardware/tools/avr/bin/../lib/gcc/avr/4.8.1/../../../../avr/lib/avr5\libm.a(mulsf3x.o)
                                                  c:/arduino/hardware/tools/avr/bin/../lib/gcc/avr/4.8.1/../../../../avr/lib/avr5\libm.a(divsf3x.o)
                                                  c:/arduino/hardware/tools/avr/bin/../lib/gcc/avr/4.8.1/../../../../avr/lib/avr5\libm.a(addsf3x.o)
__fp_pscB                                         c:/arduino/hardware/tools/avr/bin/../lib/gcc/avr/4.8.1/../../../../avr/lib/avr5\libm.a(fp_pscB.o)
                                                  c:/arduino/hardware/tools/avr/bin/../lib/gcc/avr/4.8.1/../../../../avr/lib/avr5\libm.a(mulsf3x.o)
                                                  c:/arduino/hardware/tools/avr/bin/../lib/gcc/avr/4.8.1/../../../../avr/lib/avr5\libm.a(divsf3x.o)
                                                  c:/arduino/hardware/tools/avr/bin/../lib/gcc/avr/4.8.1/../../../../avr/lib/avr5\libm.a(addsf3x.o)
__fp_round                                        c:/arduino/hardware/tools/avr/bin/../lib/gcc/avr/4.8.1/../../../../avr/lib/avr5\libm.a(fp_round.o)
                                                  c:/arduino/hardware/tools/avr/bin/../lib/gcc/avr/4.8.1/../../../../avr/lib/avr5\libm.a(mulsf3.o)
                                                  c:/arduino/hardware/tools/avr/bin/../lib/gcc/avr/4.8.1/../../../../avr/lib/avr5\libm.a(divsf3.o)
                                                  c:/arduino/hardware/tools/avr/bin/../lib/gcc/avr/4.8.1/../../../../avr/lib/avr5\libm.a(addsf3.o)
__fp_split3                                       c:/arduino/hardware/tools/avr/bin/../lib/gcc/avr/4.8.1/../../../../avr/lib/avr5\libm.a(fp_split3.o)
                                                  c:/arduino/hardware/tools/avr/bin/../lib/gcc/avr/4.8.1/../../../../avr/lib/avr5\libm.a(mulsf3x.o)
                                                  c:/arduino/hardware/tools/avr/bin/../lib/gcc/avr/4.8.1/../../../../avr/lib/avr5\libm.a(divsf3x.o)
                                                  c:/arduino/hardware/tools/avr/bin/../lib/gcc/avr/4.8.1/../../../../avr/lib/avr5\libm.a(addsf3x.o)
__fp_splitA                                       c:/arduino/hardware/tools/avr/bin/../lib/gcc/avr/4.8.1/../../../../avr/lib/avr5\libm.a(fp_split3.o)
                                                  c:/arduino/hardware/tools/avr/bin/../lib/gcc/avr/4.8.1/../../../../avr/lib/avr5\libm.a(fixunssfsi.o)
__fp_szero                                        c:/arduino/hardware/tools/avr/bin/../lib/gcc/avr/4.8.1/../../../../avr/lib/avr5\libm.a(fp_zero.o)
                                                  c:/arduino/hardware/tools/avr/bin/../lib/gcc/avr/4.8.1/../../../../avr/lib/avr5\libm.a(mulsf3x.o)
                                                  c:/arduino/hardware/tools/avr/bin/../lib/gcc/avr/4.8.1/../../../../avr/lib/avr5\libm.a(fixsfsi.o)
                                                  c:/arduino/hardware/tools/avr/bin/../lib/gcc/avr/4.8.1/../../../../avr/lib/avr5\libm.a(divsf3x.o)
__fp_zero                                         c:/arduino/hardware/tools/avr/bin/../lib/gcc/avr/4.8.1/../../../../avr/lib/avr5\libm.a(fp_zero.o)
                                                  c:/arduino/hardware/tools/avr/bin/../lib/gcc/avr/4.8.1/../../../../avr/lib/avr5\libm.a(fixunssfsi.o)
                                                  c:/arduino/hardware/tools/avr/bin/../lib/gcc/avr/4.8.1/../../../../avr/lib/avr5\libm.a(addsf3x.o)
__gesf2                                           c:/arduino/hardware/tools/avr/bin/../lib/gcc/avr/4.8.1/../../../../avr/lib/avr5\libm.a(gesf2.o)
__gtsf2                                           c:/arduino/hardware/tools/avr/bin/../lib/gcc/avr/4.8.1/../../../../avr/lib/avr5\libm.a(gesf2.o)
                                                  C:\Users\USER\Documents\Workspace\ArduinoCore\328P_16MHz\libArduinoCore.a(Print.o)
__heap_end                                        c:/arduino/hardware/tools/avr/bin/../lib/gcc/avr/4.8.1/../../../../avr/lib/avr5/crtm328p.o
__init                                            c:/arduino/hardware/tools/avr/bin/../lib/gcc/avr/4.8.1/../../../../avr/lib/avr5/crtm328p.o
__lesf2                                           c:/arduino/hardware/tools/avr/bin/../lib/gcc/avr/4.8.1/../../../../avr/lib/avr5\libm.a(cmpsf2.o)
                                                  C:\Users\USER\Documents\Workspace\ArduinoCore\328P_16MHz\libArduinoCore.a(Print.o)
__ltsf2                                           c:/arduino/hardware/tools/avr/bin/../lib/gcc/avr/4.8.1/../../../../avr/lib/avr5\libm.a(cmpsf2.o)
                                                  C:\Users\USER\Documents\Workspace\ArduinoCore\328P_16MHz\libArduinoCore.a(Print.o)
__mulohisi3                                       c:/arduino/hardware/tools/avr/bin/../lib/gcc/avr/4.8.1/avr5\libgcc.a(_mulshisi3.o)
__mulsf3                                          c:/arduino/hardware/tools/avr/bin/../lib/gcc/avr/4.8.1/../../../../avr/lib/avr5\libm.a(mulsf3.o)
                                                  C:\Users\USER\Documents\Workspace\ArduinoCore\328P_16MHz\libArduinoCore.a(Print.o)
                                                  ./lib_src/RCSwitch/RCSwitch.o
__mulsf3_pse                                      c:/arduino/hardware/tools/avr/bin/../lib/gcc/avr/4.8.1/../../../../avr/lib/avr5\libm.a(mulsf3x.o)
__mulsf3x                                         c:/arduino/hardware/tools/avr/bin/../lib/gcc/avr/4.8.1/../../../../avr/lib/avr5\libm.a(mulsf3x.o)
                                                  c:/arduino/hardware/tools/avr/bin/../lib/gcc/avr/4.8.1/../../../../avr/lib/avr5\libm.a(mulsf3.o)
__mulshisi3                                       c:/arduino/hardware/tools/avr/bin/../lib/gcc/avr/4.8.1/avr5\libgcc.a(_mulshisi3.o)
                                                  ./lib_src/Time/Time.o
__muluhisi3                                       c:/arduino/hardware/tools/avr/bin/../lib/gcc/avr/4.8.1/avr5\libgcc.a(_muluhisi3.o)
                                                  c:/arduino/hardware/tools/avr/bin/../lib/gcc/avr/4.8.1/avr5\libgcc.a(_mulshisi3.o)
                                                  C:\Users\USER\Documents\Workspace\ArduinoCore\328P_16MHz\libArduinoCore.a(wiring_pulse.o)
                                                  ./lib_src/Time/Time.o
__nesf2                                           c:/arduino/hardware/tools/avr/bin/../lib/gcc/avr/4.8.1/../../../../avr/lib/avr5\libm.a(cmpsf2.o)
__stack                                           c:/arduino/hardware/tools/avr/bin/../lib/gcc/avr/4.8.1/../../../../avr/lib/avr5/crtm328p.o
__subsf3                                          c:/arduino/hardware/tools/avr/bin/../lib/gcc/avr/4.8.1/../../../../avr/lib/avr5\libm.a(addsf3.o)
                                                  C:\Users\USER\Documents\Workspace\ArduinoCore\328P_16MHz\libArduinoCore.a(Print.o)
__tablejump2__                                    c:/arduino/hardware/tools/avr/bin/../lib/gcc/avr/4.8.1/avr5\libgcc.a(_tablejump.o)
                                                  ./lib_src/RCSwitch/RCSwitch.o
__tablejump__                                     c:/arduino/hardware/tools/avr/bin/../lib/gcc/avr/4.8.1/avr5\libgcc.a(_tablejump.o)
                                                  c:/arduino/hardware/tools/avr/bin/../lib/gcc/avr/4.8.1/avr5\libgcc.a(_ctors.o)
__udivmodhi4                                      c:/arduino/hardware/tools/avr/bin/../lib/gcc/avr/4.8.1/avr5\libgcc.a(_udivmodhi4.o)
                                                  c:/arduino/hardware/tools/avr/bin/../lib/gcc/avr/4.8.1/avr5\libgcc.a(_divmodhi4.o)
__udivmodsi4                                      c:/arduino/hardware/tools/avr/bin/../lib/gcc/avr/4.8.1/avr5\libgcc.a(_udivmodsi4.o)
                                                  C:\Users\USER\Documents\Workspace\ArduinoCore\328P_16MHz\libArduinoCore.a(Print.o)
                                                  C:\Users\USER\Documents\Workspace\ArduinoCore\328P_16MHz\libArduinoCore.a(HardwareSerial.o)
                                                  ./lib_src/SoftwareSerial/SoftwareSerial.o
                                                  ./lib_src/Time/Time.o
__umulhisi3                                       c:/arduino/hardware/tools/avr/bin/../lib/gcc/avr/4.8.1/avr5\libgcc.a(_umulhisi3.o)
                                                  c:/arduino/hardware/tools/avr/bin/../lib/gcc/avr/4.8.1/avr5\libgcc.a(_muluhisi3.o)
                                                  c:/arduino/hardware/tools/avr/bin/../lib/gcc/avr/4.8.1/avr5\libgcc.a(_usmulhisi3.o)
                                                  ./lib_src/RCSwitch/RCSwitch.o
                                                  ./lib_src/Time/Time.o
__unordsf2                                        c:/arduino/hardware/tools/avr/bin/../lib/gcc/avr/4.8.1/../../../../avr/lib/avr5\libm.a(unordsf2.o)
                                                  C:\Users\USER\Documents\Workspace\ArduinoCore\328P_16MHz\libArduinoCore.a(Print.o)
__usmulhisi3                                      c:/arduino/hardware/tools/avr/bin/../lib/gcc/avr/4.8.1/avr5\libgcc.a(_usmulhisi3.o)
                                                  ./lib_src/RCSwitch/RCSwitch.o
__usmulhisi3_tail                                 c:/arduino/hardware/tools/avr/bin/../lib/gcc/avr/4.8.1/avr5\libgcc.a(_usmulhisi3.o)
__vector_1                                        C:\Users\USER\Documents\Workspace\ArduinoCore\328P_16MHz\libArduinoCore.a(WInterrupts.o)
                                                  c:/arduino/hardware/tools/avr/bin/../lib/gcc/avr/4.8.1/../../../../avr/lib/avr5/crtm328p.o
__vector_10                                       c:/arduino/hardware/tools/avr/bin/../lib/gcc/avr/4.8.1/../../../../avr/lib/avr5/crtm328p.o
__vector_11                                       c:/arduino/hardware/tools/avr/bin/../lib/gcc/avr/4.8.1/../../../../avr/lib/avr5/crtm328p.o
__vector_12                                       c:/arduino/hardware/tools/avr/bin/../lib/gcc/avr/4.8.1/../../../../avr/lib/avr5/crtm328p.o
__vector_13                                       c:/arduino/hardware/tools/avr/bin/../lib/gcc/avr/4.8.1/../../../../avr/lib/avr5/crtm328p.o
__vector_14                                       c:/arduino/hardware/tools/avr/bin/../lib/gcc/avr/4.8.1/../../../../avr/lib/avr5/crtm328p.o
__vector_15                                       c:/arduino/hardware/tools/avr/bin/../lib/gcc/avr/4.8.1/../../../../avr/lib/avr5/crtm328p.o
__vector_16                                       C:\Users\USER\Documents\Workspace\ArduinoCore\328P_16MHz\libArduinoCore.a(wiring.o)
                                                  c:/arduino/hardware/tools/avr/bin/../lib/gcc/avr/4.8.1/../../../../avr/lib/avr5/crtm328p.o
__vector_17                                       c:/arduino/hardware/tools/avr/bin/../lib/gcc/avr/4.8.1/../../../../avr/lib/avr5/crtm328p.o
__vector_18                                       C:\Users\USER\Documents\Workspace\ArduinoCore\328P_16MHz\libArduinoCore.a(HardwareSerial0.o)
                                                  c:/arduino/hardware/tools/avr/bin/../lib/gcc/avr/4.8.1/../../../../avr/lib/avr5/crtm328p.o
__vector_19                                       C:\Users\USER\Documents\Workspace\ArduinoCore\328P_16MHz\libArduinoCore.a(HardwareSerial0.o)
                                                  c:/arduino/hardware/tools/avr/bin/../lib/gcc/avr/4.8.1/../../../../avr/lib/avr5/crtm328p.o
__vector_2                                        C:\Users\USER\Documents\Workspace\ArduinoCore\328P_16MHz\libArduinoCore.a(WInterrupts.o)
                                                  c:/arduino/hardware/tools/avr/bin/../lib/gcc/avr/4.8.1/../../../../avr/lib/avr5/crtm328p.o
__vector_20                                       c:/arduino/hardware/tools/avr/bin/../lib/gcc/avr/4.8.1/../../../../avr/lib/avr5/crtm328p.o
__vector_21                                       c:/arduino/hardware/tools/avr/bin/../lib/gcc/avr/4.8.1/../../../../avr/lib/avr5/crtm328p.o
__vector_22                                       c:/arduino/hardware/tools/avr/bin/../lib/gcc/avr/4.8.1/../../../../avr/lib/avr5/crtm328p.o
__vector_23                                       c:/arduino/hardware/tools/avr/bin/../lib/gcc/avr/4.8.1/../../../../avr/lib/avr5/crtm328p.o
__vector_24                                       c:/arduino/hardware/tools/avr/bin/../lib/gcc/avr/4.8.1/../../../../avr/lib/avr5/crtm328p.o
__vector_25                                       c:/arduino/hardware/tools/avr/bin/../lib/gcc/avr/4.8.1/../../../../avr/lib/avr5/crtm328p.o
__vector_3                                        ./lib_src/SoftwareSerial/SoftwareSerial.o
                                                  c:/arduino/hardware/tools/avr/bin/../lib/gcc/avr/4.8.1/../../../../avr/lib/avr5/crtm328p.o
__vector_4                                        ./lib_src/SoftwareSerial/SoftwareSerial.o
                                                  c:/arduino/hardware/tools/avr/bin/../lib/gcc/avr/4.8.1/../../../../avr/lib/avr5/crtm328p.o
__vector_5                                        ./lib_src/SoftwareSerial/SoftwareSerial.o
                                                  c:/arduino/hardware/tools/avr/bin/../lib/gcc/avr/4.8.1/../../../../avr/lib/avr5/crtm328p.o
__vector_6                                        c:/arduino/hardware/tools/avr/bin/../lib/gcc/avr/4.8.1/../../../../avr/lib/avr5/crtm328p.o
__vector_7                                        c:/arduino/hardware/tools/avr/bin/../lib/gcc/avr/4.8.1/../../../../avr/lib/avr5/crtm328p.o
__vector_8                                        c:/arduino/hardware/tools/avr/bin/../lib/gcc/avr/4.8.1/../../../../avr/lib/avr5/crtm328p.o
__vector_9                                        c:/arduino/hardware/tools/avr/bin/../lib/gcc/avr/4.8.1/../../../../avr/lib/avr5/crtm328p.o
__vector_default                                  c:/arduino/hardware/tools/avr/bin/../lib/gcc/avr/4.8.1/../../../../avr/lib/avr5/crtm328p.o
__vectors                                         c:/arduino/hardware/tools/avr/bin/../lib/gcc/avr/4.8.1/../../../../avr/lib/avr5/crtm328p.o
_div                                              c:/arduino/hardware/tools/avr/bin/../lib/gcc/avr/4.8.1/avr5\libgcc.a(_divmodhi4.o)
_exit                                             c:/arduino/hardware/tools/avr/bin/../lib/gcc/avr/4.8.1/avr5\libgcc.a(_exit.o)
                                                  c:/arduino/hardware/tools/avr/bin/../lib/gcc/avr/4.8.1/../../../../avr/lib/avr5\libc.a(abort.o)
abort                                             c:/arduino/hardware/tools/avr/bin/../lib/gcc/avr/4.8.1/../../../../avr/lib/avr5\libc.a(abort.o)
                                                  C:\Users\USER\Documents\Workspace\ArduinoCore\328P_16MHz\libArduinoCore.a(abi.o)
analogRead                                        C:\Users\USER\Documents\Workspace\ArduinoCore\328P_16MHz\libArduinoCore.a(wiring_analog.o)
                                                  ./lib_src/HomeAutoLight/HomeAutoLight.o
analogReference                                   C:\Users\USER\Documents\Workspace\ArduinoCore\328P_16MHz\libArduinoCore.a(wiring_analog.o)
analogWrite                                       C:\Users\USER\Documents\Workspace\ArduinoCore\328P_16MHz\libArduinoCore.a(wiring_analog.o)
analog_reference                                  C:\Users\USER\Documents\Workspace\ArduinoCore\328P_16MHz\libArduinoCore.a(wiring_analog.o)
atexit                                            C:\Users\USER\Documents\Workspace\ArduinoCore\328P_16MHz\libArduinoCore.a(main.o)
attachInterrupt                                   C:\Users\USER\Documents\Workspace\ArduinoCore\328P_16MHz\libArduinoCore.a(WInterrupts.o)
                                                  ./lib_src/HomeAutoLight/HomeAutoLight.o
                                                  ./lib_src/RCSwitch/RCSwitch.o
delay                                             C:\Users\USER\Documents\Workspace\ArduinoCore\328P_16MHz\libArduinoCore.a(wiring.o)
                                                  ./lib_src/HomeAutoLight/HomeAutoLight.o
delayMicroseconds                                 C:\Users\USER\Documents\Workspace\ArduinoCore\328P_16MHz\libArduinoCore.a(wiring.o)
                                                  ./lib_src/HomeAutoLight/HomeAutoLight.o
                                                  ./lib_src/RCSwitch/RCSwitch.o
detachInterrupt                                   C:\Users\USER\Documents\Workspace\ArduinoCore\328P_16MHz\libArduinoCore.a(WInterrupts.o)
                                                  ./lib_src/HomeAutoLight/HomeAutoLight.o
                                                  ./lib_src/RCSwitch/RCSwitch.o
digitalRead                                       C:\Users\USER\Documents\Workspace\ArduinoCore\328P_16MHz\libArduinoCore.a(wiring_digital.o)
                                                  ./lib_src/HomeAutoLight/HomeAutoLight.o
digitalWrite                                      C:\Users\USER\Documents\Workspace\ArduinoCore\328P_16MHz\libArduinoCore.a(wiring_digital.o)
                                                  C:\Users\USER\Documents\Workspace\ArduinoCore\328P_16MHz\libArduinoCore.a(wiring_analog.o)
                                                  ./lib_src/HomeAutoLight/HomeAutoLight.o
                                                  ./lib_src/RCSwitch/RCSwitch.o
                                                  ./lib_src/SoftwareSerial/SoftwareSerial.o
digital_pin_to_bit_mask_PGM                       C:\Users\USER\Documents\Workspace\ArduinoCore\328P_16MHz\libArduinoCore.a(wiring_digital.o)
                                                  C:\Users\USER\Documents\Workspace\ArduinoCore\328P_16MHz\libArduinoCore.a(wiring_pulse.o)
                                                  ./lib_src/SoftwareSerial/SoftwareSerial.o
digital_pin_to_port_PGM                           C:\Users\USER\Documents\Workspace\ArduinoCore\328P_16MHz\libArduinoCore.a(wiring_digital.o)
                                                  C:\Users\USER\Documents\Workspace\ArduinoCore\328P_16MHz\libArduinoCore.a(wiring_pulse.o)
                                                  ./lib_src/SoftwareSerial/SoftwareSerial.o
digital_pin_to_timer_PGM                          C:\Users\USER\Documents\Workspace\ArduinoCore\328P_16MHz\libArduinoCore.a(wiring_digital.o)
                                                  C:\Users\USER\Documents\Workspace\ArduinoCore\328P_16MHz\libArduinoCore.a(wiring_analog.o)
exit                                              c:/arduino/hardware/tools/avr/bin/../lib/gcc/avr/4.8.1/avr5\libgcc.a(_exit.o)
                                                  c:/arduino/hardware/tools/avr/bin/../lib/gcc/avr/4.8.1/../../../../avr/lib/avr5/crtm328p.o
getTimePtr                                        ./lib_src/Time/Time.o
init                                              C:\Users\USER\Documents\Workspace\ArduinoCore\328P_16MHz\libArduinoCore.a(wiring.o)
                                                  C:\Users\USER\Documents\Workspace\ArduinoCore\328P_16MHz\libArduinoCore.a(main.o)
initVariant                                       C:\Users\USER\Documents\Workspace\ArduinoCore\328P_16MHz\libArduinoCore.a(main.o)
loop                                              ./main.o
                                                  C:\Users\USER\Documents\Workspace\ArduinoCore\328P_16MHz\libArduinoCore.a(main.o)
main                                              C:\Users\USER\Documents\Workspace\ArduinoCore\328P_16MHz\libArduinoCore.a(main.o)
                                                  c:/arduino/hardware/tools/avr/bin/../lib/gcc/avr/4.8.1/../../../../avr/lib/avr5/crtm328p.o
micros                                            C:\Users\USER\Documents\Workspace\ArduinoCore\328P_16MHz\libArduinoCore.a(wiring.o)
                                                  ./lib_src/RCSwitch/RCSwitch.o
millis                                            C:\Users\USER\Documents\Workspace\ArduinoCore\328P_16MHz\libArduinoCore.a(wiring.o)
                                                  ./lib_src/Time/Time.o
pinMode                                           C:\Users\USER\Documents\Workspace\ArduinoCore\328P_16MHz\libArduinoCore.a(wiring_digital.o)
                                                  C:\Users\USER\Documents\Workspace\ArduinoCore\328P_16MHz\libArduinoCore.a(wiring_analog.o)
                                                  ./lib_src/HomeAutoLight/HomeAutoLight.o
                                                  ./lib_src/RCSwitch/RCSwitch.o
                                                  ./lib_src/SoftwareSerial/SoftwareSerial.o
port_to_input_PGM                                 C:\Users\USER\Documents\Workspace\ArduinoCore\328P_16MHz\libArduinoCore.a(wiring_digital.o)
                                                  C:\Users\USER\Documents\Workspace\ArduinoCore\328P_16MHz\libArduinoCore.a(wiring_pulse.o)
                                                  ./lib_src/SoftwareSerial/SoftwareSerial.o
port_to_mode_PGM                                  C:\Users\USER\Documents\Workspace\ArduinoCore\328P_16MHz\libArduinoCore.a(wiring_digital.o)
port_to_output_PGM                                C:\Users\USER\Documents\Workspace\ArduinoCore\328P_16MHz\libArduinoCore.a(wiring_digital.o)
                                                  ./lib_src/SoftwareSerial/SoftwareSerial.o
pulseIn                                           C:\Users\USER\Documents\Workspace\ArduinoCore\328P_16MHz\libArduinoCore.a(wiring_pulse.o)
                                                  ./lib_src/HomeAutoLight/HomeAutoLight.o
setup                                             ./main.o
                                                  C:\Users\USER\Documents\Workspace\ArduinoCore\328P_16MHz\libArduinoCore.a(main.o)
strcpy_P                                          c:/arduino/hardware/tools/avr/bin/../lib/gcc/avr/4.8.1/../../../../avr/lib/avr5\libc.a(strcpy_P.o)
                                                  ./lib_src/Time/DateStrings.o
timer0_millis                                     C:\Users\USER\Doc