Archive member included to satisfy reference by file (symbol)

C:\Users\USER\Documents\Workspace\ArduinoCore\328P_16MHz\libArduinoCore.a(HardwareSerial.o)
                              ./lib_src/HomeAutoLight/HomeAutoLight.o (_ZN14HardwareSerial9availableEv)
C:\Users\USER\Documents\Workspace\ArduinoCore\328P_16MHz\libArduinoCore.a(HardwareSerial0.o)
                              ./lib_src/HomeAutoLight/HomeAutoLight.o (Serial)
C:\Users\USER\Documents\Workspace\ArduinoCore\328P_16MHz\libArduinoCore.a(Print.o)
                              ./lib_src/SoftwareSerial/SoftwareSerial.o (_ZN5Print5writeEPKhj)
C:\Users\USER\Documents\Workspace\ArduinoCore\328P_16MHz\libArduinoCore.a(WInterrupts.o)
                              ./lib_src/RCSwitch/RCSwitch.o (attachInterrupt)
C:\Users\USER\Documents\Workspace\ArduinoCore\328P_16MHz\libArduinoCore.a(abi.o)
                              ./lib_src/SoftwareSerial/SoftwareSerial.o (__cxa_pure_virtual)
C:\Users\USER\Documents\Workspace\ArduinoCore\328P_16MHz\libArduinoCore.a(main.o)
                              c:/arduino/hardware/tools/avr/bin/../lib/gcc/avr/4.8.1/../../../../avr/lib/avr5/crtm328p.o (main)
C:\Users\USER\Documents\Workspace\ArduinoCore\328P_16MHz\libArduinoCore.a(wiring.o)
                              ./lib_src/Time/Time.o (millis)
C:\Users\USER\Documents\Workspace\ArduinoCore\328P_16MHz\libArduinoCore.a(wiring_analog.o)
                              ./lib_src/HomeAutoLight/HomeAutoLight.o (analogRead)
C:\Users\USER\Documents\Workspace\ArduinoCore\328P_16MHz\libArduinoCore.a(wiring_digital.o)
                              ./lib_src/SoftwareSerial/SoftwareSerial.o (pinMode)
C:\Users\USER\Documents\Workspace\ArduinoCore\328P_16MHz\libArduinoCore.a(wiring_pulse.o)
                              ./lib_src/HomeAutoLight/HomeAutoLight.o (pulseIn)
C:\Users\USER\Documents\Workspace\ArduinoCore\328P_16MHz\libArduinoCore.a(hooks.o)
                              C:\Users\USER\Documents\Workspace\ArduinoCore\328P_16MHz\libArduinoCore.a(wiring.o) (yield)
c:/arduino/hardware/tools/avr/bin/../lib/gcc/avr/4.8.1/avr5\libgcc.a(_divmodhi4.o)
                              ./lib_src/Time/Time.o (__divmodhi4)
c:/arduino/hardware/tools/avr/bin/../lib/gcc/avr/4.8.1/avr5\libgcc.a(_udivmodsi4.o)
                              ./lib_src/Time/Time.o (__udivmodsi4)
c:/arduino/hardware/tools/avr/bin/../lib/gcc/avr/4.8.1/avr5\libgcc.a(_divmodsi4.o)
                              ./lib_src/HomeAutoLight/HomeAutoLight.o (__divmodsi4)
c:/arduino/hardware/tools/avr/bin/../lib/gcc/avr/4.8.1/avr5\libgcc.a(_negsi2.o)
                              c:/arduino/hardware/tools/avr/bin/../lib/gcc/avr/4.8.1/avr5\libgcc.a(_divmodsi4.o) (__negsi2)
c:/arduino/hardware/tools/avr/bin/../lib/gcc/avr/4.8.1/avr5\libgcc.a(_exit.o)
                              c:/arduino/hardware/tools/avr/bin/../lib/gcc/avr/4.8.1/../../../../avr/lib/avr5/crtm328p.o (exit)
c:/arduino/hardware/tools/avr/bin/../lib/gcc/avr/4.8.1/avr5\libgcc.a(_tablejump.o)
                              ./lib_src/RCSwitch/RCSwitch.o (__tablejump2__)
c:/arduino/hardware/tools/avr/bin/../lib/gcc/avr/4.8.1/avr5\libgcc.a(_copy_data.o)
                              ./lib_src/Time/Time.o (__do_copy_data)
c:/arduino/hardware/tools/avr/bin/../lib/gcc/avr/4.8.1/avr5\libgcc.a(_clear_bss.o)
                              ./lib_src/Time/DateStrings.o (__do_clear_bss)
c:/arduino/hardware/tools/avr/bin/../lib/gcc/avr/4.8.1/avr5\libgcc.a(_ctors.o)
                              ./main.o (__do_global_ctors)
c:/arduino/hardware/tools/avr/bin/../lib/gcc/avr/4.8.1/avr5\libgcc.a(_umulhisi3.o)
                              ./lib_src/Time/Time.o (__umulhisi3)
c:/arduino/hardware/tools/avr/bin/../lib/gcc/avr/4.8.1/avr5\libgcc.a(_usmulhisi3.o)
                              ./lib_src/RCSwitch/RCSwitch.o (__usmulhisi3)
c:/arduino/hardware/tools/avr/bin/../lib/gcc/avr/4.8.1/avr5\libgcc.a(_muluhisi3.o)
                              ./lib_src/Time/Time.o (__muluhisi3)
c:/arduino/hardware/tools/avr/bin/../lib/gcc/avr/4.8.1/avr5\libgcc.a(_mulshisi3.o)
                              ./lib_src/Time/Time.o (__mulshisi3)
c:/arduino/hardware/tools/avr/bin/../lib/gcc/avr/4.8.1/avr5\libgcc.a(_udivmodhi4.o)
                              c:/arduino/hardware/tools/avr/bin/../lib/gcc/avr/4.8.1/avr5\libgcc.a(_divmodhi4.o) (__udivmodhi4)
c:/arduino/hardware/tools/avr/bin/../lib/gcc/avr/4.8.1/../../../../avr/lib/avr5\libm.a(addsf3.o)
                              C:\Users\USER\Documents\Workspace\ArduinoCore\328P_16MHz\libArduinoCore.a(Print.o) (__subsf3)
c:/arduino/hardware/tools/avr/bin/../lib/gcc/avr/4.8.1/../../../../avr/lib/avr5\libm.a(addsf3x.o)
                              c:/arduino/hardware/tools/avr/bin/../lib/gcc/avr/4.8.1/../../../../avr/lib/avr5\libm.a(addsf3.o) (__addsf3x)
c:/arduino/hardware/tools/avr/bin/../lib/gcc/avr/4.8.1/../../../../avr/lib/avr5\libm.a(cmpsf2.o)
[...]
Memory Configuration

Name             Origin             Length             Attributes
text             0x00000000         0x00020000         xr
data             0x00800060         0x0000ffa0         rw !x
eeprom           0x00810000         0x00010000         rw !x
fuse             0x00820000         0x00000400         rw !x
lock             0x00830000         0x00000400         rw !x
signature        0x00840000         0x00000400         rw !x
*default*        0x00000000         0xffffffff

Linker script and memory map

Address of section .data set to 0x800100
LOAD c:/arduino/hardware/tools/avr/bin/../lib/gcc/avr/4.8.1/../../../../avr/lib/avr5/crtm328p.o
LOAD ./lib_src/Time/DateStrings.o
LOAD ./lib_src/Time/Time.o
LOAD ./lib_src/SoftwareSerial/SoftwareSerial.o
LOAD ./lib_src/RCSwitch/RCSwitch.o
LOAD ./lib_src/HomeAutoLight/HomeAutoLight.o
LOAD ./main.o
LOAD C:\Users\USER\Documents\Workspace\ArduinoCore\328P_16MHz\libArduinoCore.a
LOAD c:/arduino/hardware/tools/avr/bin/../lib/gcc/avr/4.8.1/avr5\libgcc.a
LOAD c:/arduino/hardware/tools/avr/bin/../lib/gcc/avr/4.8.1/../../../../avr/lib/avr5\libm.a
START GROUP
LOAD c:/arduino/hardware/tools/avr/bin/../lib/gcc/avr/4.8.1/avr5\libgcc.a
LOAD c:/arduino/hardware/tools/avr/bin/../lib/gcc/avr/4.8.1/../../../../avr/lib/avr5\libm.a
LOAD c:/arduino/hardware/tools/avr/bin/../lib/gcc/avr/4.8.1/../../../../avr/lib/avr5\libc.a
END GROUP

.hash
 *(.hash)

.dynsym
 *(.dynsym)

.dynstr
 *(.dynstr)

.gnu.version
 *(.gnu.version)

.gnu.version_d
 *(.gnu.version_d)

.gnu.version_r
 *(.gnu.version_r)

.rel.init
 *(.rel.init)

.rela.init
 *(.rela.init)

.rel.text
 *(.rel.text)
 *(.rel.text.*)
 *(.rel.gnu.linkonce.t*)

.rela.text
 *(.rela.text)
 *(.rela.text.*)
 *(.rela.gnu.linkonce.t*)

.rel.fini
 *(.rel.fini)

.rela.fini
 *(.rela.fini)

.rel.rodata
 *(.rel.rodata)
 *(.rel.rodata.*)
 *(.rel.gnu.linkonce.r*)

.rela.rodata
 *(.rela.rodata)
 *(.rela.rodata.*)
 *(.rela.gnu.linkonce.r*)

.rel.data
 *(.rel.data)
 *(.rel.data.*)
 *(.rel.gnu.linkonce.d*)

.rela.data
 *(.rela.data)
 *(.rela.data.*)
 *(.rela.gnu.linkonce.d*)

.rel.ctors
 *(.rel.ctors)

.rela.ctors
 *(.rela.ctors)

.rel.dtors
 *(.rel.dtors)

.rela.dtors
 *(.rela.dtors)

.rel.got
 *(.rel.got)

.rela.got
 *(.rela.got)

.rel.bss
 *(.rel.bss)

.rela.bss
 *(.rela.bss)

.rel.plt
 *(.rel.plt)

.rela.plt
 *(.rela.plt)

.text           0x00000000     0x2604
 *(.vectors)
 .vectors       0x00000000       0x68 c:/arduino/hardware/tools/avr/bin/../lib/gcc/avr/4.8.1/../../../../avr/lib/avr5/crtm328p.o
                0x00000000                __vector_default
                0x00000000                __vectors
 *(.vectors)
 *(.progmem.gcc*)
                0x00000068                . = ALIGN (0x2)
                0x00000068                __trampolines_start = .
 *(.trampolines)
 .trampolines   0x00000068        0x0 linker stubs
 *(.trampolines*)
                0x00000068                __trampolines_end = .
 *(.progmem*)
 .progmem.data.digital_pin_to_timer_PGM
                0x00000068       0x14 C:\Users\USER\Documents\Workspace\ArduinoCore\328P_16MHz\libArduinoCore.a(wiring_digital.o)
                0x00000068                digital_pin_to_timer_PGM
 .progmem.data.digital_pin_to_bit_mask_PGM
                0x0000007c       0x14 C:\Users\USER\Documents\Workspace\ArduinoCore\328P_16MHz\libArduinoCore.a(wiring_digital.o)
                0x0000007c                digital_pin_to_bit_mask_PGM
 .progmem.data.digital_pin_to_port_PGM
                0x00000090       0x14 C:\Users\USER\Documents\Workspace\ArduinoCore\328P_16MHz\libArduinoCore.a(wiring_digital.o)
                0x00000090                digital_pin_to_port_PGM
 .progmem.data.port_to_input_PGM
                0x000000a4        0xa C:\Users\USER\Documents\Workspace\ArduinoCore\328P_16MHz\libArduinoCore.a(wiring_digital.o)
                0x000000a4                port_to_input_PGM
 .progmem.data.port_to_output_PGM
                0x000000ae        0xa C:\Users\USER\Documents\Workspace\ArduinoCore\328P_16MHz\libArduinoCore.a(wiring_digital.o)
                0x000000ae                port_to_output_PGM
 .progmem.data.port_to_mode_PGM
                0x000000b8        0xa C:\Users\USER\Documents\Workspace\ArduinoCore\328P_16MHz\libArduinoCore.a(wiring_digital.o)
                0x000000b8                port_to_mode_PGM
                0x000000c2                . = ALIGN (0x2)
 *(.jumptables)
 *(.jumptables*)
 *(.lowtext)
 *(.lowtext*)
                0x000000c2                __ctors_start = .
 *(.ctors)
 .ctors         0x000000c2        0x2 ./main.o
 .ctors         0x000000c4        0x2 C:\Users\USER\Documents\Workspace\ArduinoCore\328P_16MHz\libArduinoCore.a(HardwareSerial0.o)
                0x000000c6                __ctors_end = .
                0x000000c6                __dtors_start = .
 *(.dtors)
                0x000000c6                __dtors_end = .
 SORT(*)(.ctors)
 SORT(*)(.dtors)
 *(.init0)
 .init0         0x000000c6        0x0 c:/arduino/hardware/tools/avr/bin/../lib/gcc/avr/4.8.1/../../../../avr/lib/avr5/crtm328p.o
                0x000000c6                __init
 *(.init0)
 *(.init1)
 *(.init1)
 *(.init2)
 .init2         0x000000c6        0xc c:/arduino/hardware/tools/avr/bin/../lib/gcc/avr/4.8.1/../../../../avr/lib/avr5/crtm328p.o
 *(.init2)
 *(.init3)
 *(.init3)
 *(.init4)
 .init4         0x000000d2       0x16 c:/arduino/hardware/tools/avr/bin/../lib/gcc/avr/4.8.1/avr5\libgcc.a(_copy_data.o)
                0x000000d2                __do_copy_data
 .init4         0x000000e8       0x10 c:/arduino/hardware/tools/avr/bin/../lib/gcc/avr/4.8.1/avr5\libgcc.a(_clear_bss.o)
                0x000000e8                __do_clear_bss
 *(.init4)
 *(.init5)
 *(.init5)
 *(.init6)
 .init6         0x000000f8       0x16 c:/arduino/hardware/tools/avr/bin/../lib/gcc/avr/4.8.1/avr5\libgcc.a(_ctors.o)
                0x000000f8                __do_global_ctors
 *(.init6)
 *(.init7)
 *(.init7)
 *(.init8)
 *(.init8)
 *(.init9)
 .init9         0x0000010e        0x8 c:/arduino/hardware/tools/avr/bin/../lib/gcc/avr/4.8.1/../../../../avr/lib/avr5/crtm328p.o
 *(.init9)
 *(.text)
 .text          0x00000116        0x2 c:/arduino/hardware/tools/avr/bin/../lib/gcc/avr/4.8.1/../../../../avr/lib/avr5/crtm328p.o
                0x00000116                __vector_22
                0x00000116                __vector_24
                0x00000116                __vector_12
                0x00000116                __bad_interrupt
                0x00000116                __vector_6
                0x00000116                __vector_23
                0x00000116                __vector_25
                0x00000116                __vector_11
                0x00000116                __vector_13
                0x00000116                __vector_17
                0x00000116                __vector_7
                0x00000116                __vector_9
                0x00000116                __vector_21
                0x00000116                __vector_15
                0x00000116                __vector_8
                0x00000116                __vector_14
                0x00000116                __vector_10
                0x00000116                __vector_20
                0x00000118                . = ALIGN (0x2)
 *(.text.*)
 .text.__vector_3
                0x00000118       0xfc ./lib_src/SoftwareSerial/SoftwareSerial.o
                0x00000118                __vector_5
                0x00000118                __vector_4
                0x00000118                __vector_3
 .text._ZN8RCSwitchC2Ev
                0x00000214       0x40 ./lib_src/RCSwitch/RCSwitch.o
                0x00000214                _ZN8RCSwitchC2Ev
                0x00000214                _ZN8RCSwitchC1Ev
 .text._ZN8RCSwitch17setRepeatTransmitEi
                0x00000254        0x8 ./lib_src/RCSwitch/RCSwitch.o
                0x00000254                _ZN8RCSwitch17setRepeatTransmitEi
 .text._ZN8RCSwitch14enableTransmitEi
                0x0000025c        0xe ./lib_src/RCSwitch/RCSwitch.o
                0x0000025c                _ZN8RCSwitch14enableTransmitEi
 .text._ZN8RCSwitch13enableReceiveEv
                0x0000026a       0x34 ./lib_src/RCSwitch/RCSwitch.o
                0x0000026a                _ZN8RCSwitch13enableReceiveEv
 .text._ZN8RCSwitch8transmitEii
                0x0000029e       0xbe ./lib_src/RCSwitch/RCSwitch.o
                0x0000029e                _ZN8RCSwitch8transmitEii
 .text._ZN8RCSwitch5send0Ev
                0x0000035c       0x30 ./lib_src/RCSwitch/RCSwitch.o
                0x0000035c                _ZN8RCSwitch5send0Ev
 .text._ZN8RCSwitch5send1Ev
                0x0000038c       0x30 ./lib_src/RCSwitch/RCSwitch.o
                0x0000038c                _ZN8RCSwitch5send1Ev
 .text._ZN8RCSwitch8sendSyncEv
                0x000003bc       0x30 ./lib_src/RCSwitch/RCSwitch.o
                0x000003bc                _ZN8RCSwitch8sendSyncEv
 .text._ZN8RCSwitch4sendEPc
                0x000003ec       0x84 ./lib_src/RCSwitch/RCSwitch.o
                0x000003ec                _ZN8RCSwitch4sendEPc
 .text._ZN8RCSwitch16receiveProtocol1Ej
                0x00000470      0x27c ./lib_src/RCSwitch/RCSwitch.o
                0x00000470                _ZN8RCSwitch16receiveProtocol1Ej
 .text._ZN8RCSwitch16receiveProtocol2Ej
                0x000006ec      0x294 ./lib_src/RCSwitch/RCSwitch.o
                0x000006ec                _ZN8RCSwitch16receiveProtocol2Ej
 .text._ZN8RCSwitch16receiveProtocol3Ej
                0x00000980      0x368 ./lib_src/RCSwitch/RCSwitch.o
                0x00000980                _ZN8RCSwitch16receiveProtocol3Ej
 .text._ZN8RCSwitch15handleInterruptEv
                0x00000ce8       0xf4 ./lib_src/RCSwitch/RCSwitch.o
                0x00000ce8                _ZN8RCSwitch15handleInterruptEv
 .text._ZN8RCSwitch16dec2binWcharfillEmjc
                0x00000ddc       0x86 ./lib_src/RCSwitch/RCSwitch.o
                0x00000ddc                _ZN8RCSwitch16dec2binWcharfillEmjc
 .text._ZN8RCSwitch4sendEmj
                0x00000e62       0x1a ./lib_src/RCSwitch/RCSwitch.o
                0x00000e62                _ZN8RCSwitch4sendEmj
 .text._ZN5Print6printfEPKcz
                0x00000e7c       0xa0 ./lib_src/HomeAutoLight/HomeAutoLight.o
                0x00000e7c                _ZN5Print6printfEPKcz
 .text._ZN6LedOutC2Ev
                0x00000f1c       0x18 ./lib_src/HomeAutoLight/HomeAutoLight.o
                0x00000f1c                _ZN6LedOutC1Ev
                0x00000f1c                _ZN6LedOutC2Ev
 .text._ZN9CCDSensorC2Eii
                0x00000f34       0x68 ./lib_src/HomeAutoLight/HomeAutoLight.o
                0x00000f34                _ZN9CCDSensorC1Eii
                0x00000f34                _ZN9CCDSensorC2Eii
 .text._ZN10RCfunctionC2Ev
                0x00000f9c       0x2c ./lib_src/HomeAutoLight/HomeAutoLight.o
                0x00000f9c                _ZN10RCfunctionC2Ev
                0x00000f9c                _ZN10RCfunctionC1Ev
 .text._ZN10RCfunction11Send_SignalEc
                0x00000fc8       0x28 ./lib_src/HomeAutoLight/HomeAutoLight.o
                0x00000fc8                _ZN10RCfunction11Send_SignalEc
 .text._ZN15Distance_SensorC2Eii
                0x00000ff0       0x36 ./lib_src/HomeAutoLight/HomeAutoLight.o
                0x00000ff0                _ZN15Distance_SensorC1Eii
                0x00000ff0                _ZN15Distance_SensorC2Eii
 .text._ZN15Distance_Sensor23HC_SR04_generate_signalEv
                0x00001026       0x1e ./lib_src/HomeAutoLight/HomeAutoLight.o
                0x00001026                _ZN15Distance_Sensor23HC_SR04_generate_signalEv
 .text._ZN15Distance_Sensor21HC_SR04_decode_signalEv
                0x00001044       0x32 ./lib_src/HomeAutoLight/HomeAutoLight.o
                0x00001044                _ZN15Distance_Sensor21HC_SR04_decode_signalEv
 .text._ZN4HALS16Autolight_SenderEv
                0x00001076       0xd6 ./lib_src/HomeAutoLight/HomeAutoLight.o
                0x00001076                _ZN4HALS16Autolight_SenderEv
 .text.setup    0x0000114c       0x10 ./main.o
                0x0000114c                setup
 .text.loop     0x0000115c        0x6 ./main.o
                0x0000115c                loop
 .text.startup._GLOBAL__sub_I_light_app
                0x00001162       0x30 ./main.o
 .text._ZN14HardwareSerial9availableEv
                0x00001192       0x16 C:\Users\USER\Documents\Workspace\ArduinoCore\328P_16MHz\libArduinoCore.a(HardwareSerial.o)
                0x00001192                _ZN14HardwareSerial9availableEv
 .text._ZN14HardwareSerial4peekEv
                0x000011a8       0x1c C:\Users\USER\Documents\Workspace\ArduinoCore\328P_16MHz\libArduinoCore.a(HardwareSerial.o)
                0x000011a8                _ZN14HardwareSerial4peekEv
 .text._ZN14HardwareSerial4readEv
                0x000011c4       0x28 C:\Users\USER\Documents\Workspace\ArduinoCore\328P_16MHz\libArduinoCore.a(HardwareSerial.o)
                0x000011c4                _ZN14HardwareSerial4readEv
 .text._Z14serialEventRunv
                0x000011ec       0x1a C:\Users\USER\Documents\Workspace\ArduinoCore\328P_16MHz\libArduinoCore.a(HardwareSerial.o)
                0x000011ec                _Z14serialEventRunv
 .text._ZN14HardwareSerial17_tx_udr_empty_irqEv
                0x00001206       0x42 C:\Users\USER\Documents\Workspace\ArduinoCore\328P_16MHz\libArduinoCore.a(HardwareSerial.o)
                0x00001206                _ZN14HardwareSerial17_tx_udr_empty_irqEv
 .text._ZN14HardwareSerial5flushEv
                0x00001248       0x42 C:\Users\USER\Documents\Workspace\ArduinoCore\328P_16MHz\libArduinoCore.a(HardwareSerial.o)
                0x00001248                _ZN14HardwareSerial5flushEv
 .text._ZN14HardwareSerial5writeEh
                0x0000128a       0xc8 C:\Users\USER\Documents\Workspace\ArduinoCore\328P_16MHz\libArduinoCore.a(HardwareSerial.o)
                0x0000128a                _ZN14HardwareSerial5writeEh
 .text._ZN14HardwareSerial5beginEmh
                0x00001352       0xc0 C:\Users\USER\Documents\Workspace\ArduinoCore\328P_16MHz\libArduinoCore.a(HardwareSerial.o)
                0x00001352                _ZN14HardwareSerial5beginEmh
 .text.__vector_18
                0x00001412       0x64 C:\Users\USER\Documents\Workspace\ArduinoCore\328P_16MHz\libArduinoCore.a(HardwareSerial0.o)
                0x00001412                __vector_18
 .text.__vector_19
                0x00001476       0x4a C:\Users\USER\Documents\Workspace\ArduinoCore\328P_16MHz\libArduinoCore.a(HardwareSerial0.o)
                0x00001476                __vector_19
 .text._Z17Serial0_availablev
                0x000014c0       0x12 C:\Users\USER\Documents\Workspace\ArduinoCore\328P_16MHz\libArduinoCore.a(HardwareSerial0.o)
                0x000014c0                _Z17Serial0_availablev
 .text.startup._GLOBAL__sub_I___vector_18
                0x000014d2       0x86 C:\Users\USER\Documents\Workspace\ArduinoCore\328P_16MHz\libArduinoCore.a(HardwareSerial0.o)
 .text._ZN5Print5writeEPKhj
                0x00001558       0x50 C:\Users\USER\Documents\Workspace\ArduinoCore\328P_16MHz\libArduinoCore.a(Print.o)
                0x00001558                _ZN5Print5writeEPKhj
 .text._ZN5Print5writeEPKc
                0x000015a8       0x2c C:\Users\USER\Documents\Workspace\ArduinoCore\328P_16MHz\libArduinoCore.a(Print.o)
                0x000015a8                _ZN5Print5writeEPKc
 .text._ZN5Print5printEPKc
                0x000015d4        0x2 C:\Users\USER\Documents\Workspace\ArduinoCore\328P_16MHz\libArduinoCore.a(Print.o)
                0x000015d4                _ZN5Print5printEPKc
 .text._ZN5Print5printEc
                0x000015d6        0xe C:\Users\USER\Documents\Workspace\ArduinoCore\328P_16MHz\libArduinoCore.a(Print.o)
                0x000015d6                _ZN5Print5printEc
 .text._ZN5Print7printlnEv
                0x000015e4       0x24 C:\Users\USER\Documents\Workspace\ArduinoCore\328P_16MHz\libArduinoCore.a(Print.o)
                0x000015e4                _ZN5Print7printlnEv
 .text._ZN5Print7printlnEPKc
                0x00001608       0x20 C:\Users\USER\Documents\Workspace\ArduinoCore\328P_16MHz\libArduinoCore.a(Print.o)
                0x00001608                _ZN5Print7printlnEPKc
 .text._ZN5Print11printNumberEmh
                0x00001628       0xae C:\Users\USER\Documents\Workspace\ArduinoCore\328P_16MHz\libArduinoCore.a(Print.o)
                0x00001628                _ZN5Print11printNumberEmh
 .text._ZN5Print5printEli
                0x000016d6       0x8e C:\Users\USER\Documents\Workspace\ArduinoCore\328P_16MHz\libArduinoCore.a(Print.o)
                0x000016d6                _ZN5Print5printEli
 .text._ZN5Print7printlnEli
                0x00001764       0x20 C:\Users\USER\Documents\Workspace\ArduinoCore\328P_16MHz\libArduinoCore.a(Print.o)
                0x00001764                _ZN5Print7printlnEli
 .text.attachInterrupt
                0x00001784       0x40 C:\Users\USER\Documents\Workspace\ArduinoCore\328P_16MHz\libArduinoCore.a(WInterrupts.o)
                0x00001784                attachInterrupt
 .text.detachInterrupt
                0x000017c4       0x20 C:\Users\USER\Documents\Workspace\ArduinoCore\328P_16MHz\libArduinoCore.a(WInterrupts.o)
                0x000017c4                detachInterrupt
 .text.__vector_1
                0x000017e4       0x5a C:\Users\USER\Documents\Workspace\ArduinoCore\328P_16MHz\libArduinoCore.a(WInterrupts.o)
                0x000017e4                __vector_1
 .text.__vector_2
                0x0000183e       0x5a C:\Users\USER\Documents\Workspace\ArduinoCore\328P_16MHz\libArduinoCore.a(WInterrupts.o)
                0x0000183e                __vector_2
 .text.initVariant
                0x00001898        0x2 C:\Users\USER\Documents\Workspace\ArduinoCore\328P_16MHz\libArduinoCore.a(main.o)
                0x00001898                initVariant
 .text.startup.main
                0x0000189a       0x14 C:\Users\USER\Documents\Workspace\ArduinoCore\328P_16MHz\libArduinoCore.a(main.o)
                0x0000189a                main
 .text.__vector_16
                0x000018ae       0x94 C:\Users\USER\Documents\Workspace\ArduinoCore\328P_16MHz\libArduinoCore.a(wiring.o)
                0x000018ae                __vector_16
 .text.micros   0x00001942       0x46 C:\Users\USER\Documents\Workspace\ArduinoCore\328P_16MHz\libArduinoCore.a(wiring.o)
                0x00001942                micros
 .text.delay    0x00001988       0x4a C:\Users\USER\Documents\Workspace\ArduinoCore\328P_16MHz\libArduinoCore.a(wiring.o)
                0x00001988                delay
 .text.delayMicroseconds
                0x000019d2       0x14 C:\Users\USER\Documents\Workspace\ArduinoCore\328P_16MHz\libArduinoCore.a(wiring.o)
                0x000019d2                delayMicroseconds
 .text.init     0x000019e6       0x76 C:\Users\USER\Documents\Workspace\ArduinoCore\328P_16MHz\libArduinoCore.a(wiring.o)
                0x000019e6                init
 .text.turnOffPWM
                0x00001a5c       0x52 C:\Users\USER\Documents\Workspace\ArduinoCore\328P_16MHz\libArduinoCore.a(wiring_digital.o)
 .text.pinMode  0x00001aae       0x72 C:\Users\USER\Documents\Workspace\ArduinoCore\328P_16MHz\libArduinoCore.a(wiring_digital.o)
                0x00001aae                pinMode
 .text.digitalWrite
                0x00001b20       0x6a C:\Users\USER\Documents\Workspace\ArduinoCore\328P_16MHz\libArduinoCore.a(wiring_digital.o)
                0x00001b20                digitalWrite
 .text.pulseIn  0x00001b8a      0x108 C:\Users\USER\Documents\Workspace\ArduinoCore\328P_16MHz\libArduinoCore.a(wiring_pulse.o)
                0x00001b8a                pulseIn
 .text.__empty  0x00001c92        0x2 C:\Users\USER\Documents\Workspace\ArduinoCore\328P_16MHz\libArduinoCore.a(hooks.o)
                0x00001c92                yield
 .text.libgcc.div
                0x00001c94       0x44 c:/arduino/hardware/tools/avr/bin/../lib/gcc/avr/4.8.1/avr5\libgcc.a(_udivmodsi4.o)
                0x00001c94                __udivmodsi4
 .text.libgcc.div
                0x00001cd8       0x28 c:/arduino/hardware/tools/avr/bin/../lib/gcc/avr/4.8.1/avr5\libgcc.a(_divmodsi4.o)
                0x00001cd8                __divmodsi4
 .text.libgcc.div
                0x00001d00       0x10 c:/arduino/hardware/tools/avr/bin/../lib/gcc/avr/4.8.1/avr5\libgcc.a(_negsi2.o)
                0x00001d00                __negsi2
 .text.libgcc   0x00001d10        0xc c:/arduino/hardware/tools/avr/bin/../lib/gcc/avr/4.8.1/avr5\libgcc.a(_tablejump.o)
                0x00001d10                __tablejump2__
                0x00001d14                __tablejump__
 .text.libgcc.mul
                0x00001d1c       0x1e c:/arduino/hardware/tools/avr/bin/../lib/gcc/avr/4.8.1/avr5\libgcc.a(_umulhisi3.o)
                0x00001d1c                __umulhisi3
 .text.libgcc.mul
                0x00001d3a        0xc c:/arduino/hardware/tools/avr/bin/../lib/gcc/avr/4.8.1/avr5\libgcc.a(_usmulhisi3.o)
                0x00001d3a                __usmulhisi3
                0x00001d3c                __usmulhisi3_tail
 .text.libgcc.mul
                0x00001d46       0x14 c:/arduino/hardware/tools/avr/bin/../lib/gcc/avr/4.8.1/avr5\libgcc.a(_muluhisi3.o)
                0x00001d46                __muluhisi3
 .text.avr-libc.fplib
                0x00001d5a        0x4 c:/arduino/hardware/tools/avr/bin/../lib/gcc/avr/4.8.1/../../../../avr/lib/avr5\libm.a(divsf3.o)
                0x00001d5a                __divsf3
 .text.avr-libc.fplib
                0x00001d5e       0xcc c:/arduino/hardware/tools/avr/bin/../lib/gcc/avr/4.8.1/../../../../avr/lib/avr5\libm.a(divsf3x.o)
                0x00001d74                __divsf3x
                0x00001d78                __divsf3_pse
 .text.avr-libc.fplib
                0x00001e2a        0xa c:/arduino/hardware/tools/avr/bin/../lib/gcc/avr/4.8.1/../../../../avr/lib/avr5\libm.a(fixsfsi.o)
                0x00001e2a                __fixsfsi
 .text.avr-libc.fplib
                0x00001e34       0x58 c:/arduino/hardware/tools/avr/bin/../lib/gcc/avr/4.8.1/../../../../avr/lib/avr5\libm.a(fixunssfsi.o)
                0x00001e34                __fixunssfsi
 .text.avr-libc.fplib
                0x00001e8c       0x7a c:/arduino/hardware/tools/avr/bin/../lib/gcc/avr/4.8.1/../../../../avr/lib/avr5\libm.a(floatsisf.o)
                0x00001e8c                __floatunsisf
                0x00001e90                __floatsisf
 .text.avr-libc.fplib
                0x00001f06        0xc c:/arduino/hardware/tools/avr/bin/../lib/gcc/avr/4.8.1/../../../../avr/lib/avr5\libm.a(fp_inf.o)
                0x00001f06                __fp_inf
 .text.avr-libc.fplib
                0x00001f12        0x6 c:/arduino/hardware/tools/avr/bin/../lib/gcc/avr/4.8.1/../../../../avr/lib/avr5\libm.a(fp_nan.o)
                0x00001f12                __fp_nan
 .text.avr-libc.fplib
                0x00001f18        0xe c:/arduino/hardware/tools/avr/bin/../lib/gcc/avr/4.8.1/../../../../avr/lib/avr5\libm.a(fp_pscA.o)
                0x00001f18                __fp_pscA
 .text.avr-libc.fplib
                0x00001f26        0xe c:/arduino/hardware/tools/avr/bin/../lib/gcc/avr/4.8.1/../../../../avr/lib/avr5\libm.a(fp_pscB.o)
                0x00001f26                __fp_pscB
 .text.avr-libc.fplib
                0x00001f34       0x22 c:/arduino/hardware/tools/avr/bin/../lib/gcc/avr/4.8.1/../../../../avr/lib/avr5\libm.a(fp_round.o)
                0x00001f34                __fp_round
 .text.avr-libc.fplib
                0x00001f56       0x44 c:/arduino/hardware/tools/avr/bin/../lib/gcc/avr/4.8.1/../../../../avr/lib/avr5\libm.a(fp_split3.o)
                0x00001f56                __fp_split3
                0x00001f66                __fp_splitA
 .text.avr-libc.fplib
                0x00001f9a        0xe c:/arduino/hardware/tools/avr/bin/../lib/gcc/avr/4.8.1/../../../../avr/lib/avr5\libm.a(fp_zero.o)
                0x00001f9a                __fp_zero
                0x00001f9c                __fp_szero
 .text.avr-libc.fplib
                0x00001fa8        0x4 c:/arduino/hardware/tools/avr/bin/../lib/gcc/avr/4.8.1/../../../../avr/lib/avr5\libm.a(mulsf3.o)
                0x00001fa8                __mulsf3
 .text.avr-libc.fplib
                0x00001fac       0xc2 c:/arduino/hardware/tools/avr/bin/../lib/gcc/avr/4.8.1/../../../../avr/lib/avr5\libm.a(mulsf3x.o)
                0x00001fc0                __mulsf3x
                0x00001fc4                __mulsf3_pse
 .text.avr-libc
                0x0000206e       0x52 c:/arduino/hardware/tools/avr/bin/../lib/gcc/avr/4.8.1/../../../../avr/lib/avr5\libc.a(vsnprintf.o)
                0x0000206e                vsnprintf
 .text.avr-libc
                0x000020c0      0x386 c:/arduino/hardware/tools/avr/bin/../lib/gcc/avr/4.8.1/../../../../avr/lib/avr5\libc.a(vfprintf_std.o)
                0x000020c0                vfprintf
 .text.avr-libc
                0x00002446       0x16 c:/arduino/hardware/tools/avr/bin/../lib/gcc/avr/4.8.1/../../../../avr/lib/avr5\libc.a(strnlen_P.o)
                0x00002446                strnlen_P
 .text.avr-libc
                0x0000245c       0x16 c:/arduino/hardware/tools/avr/bin/../lib/gcc/avr/4.8.1/../../../../avr/lib/avr5\libc.a(strnlen.o)
                0x0000245c                strnlen
 .text.avr-libc
                0x00002472       0x64 c:/arduino/hardware/tools/avr/bin/../lib/gcc/avr/4.8.1/../../../../avr/lib/avr5\libc.a(fputc.o)
                0x00002472                fputc
 .text.avr-libc
                0x000024d6       0xbc c:/arduino/hardware/tools/avr/bin/../lib/gcc/avr/4.8.1/../../../../avr/lib/avr5\libc.a(ultoa_invert.o)
                0x000024d6                __ultoa_invert
 .text.libgcc.prologue
                0x00002592       0x38 c:/arduino/hardware/tools/avr/bin/../lib/gcc/avr/4.8.1/avr5\libgcc.a(_prologue.o)
                0x00002592                __prologue_saves__
 .text.libgcc.prologue
                0x000025ca       0x36 c:/arduino/hardware/tools/avr/bin/../lib/gcc/avr/4.8.1/avr5\libgcc.a(_epilogue.o)
                0x000025ca                __epilogue_restores__
                0x00002600                . = ALIGN (0x2)
 *(.fini9)
 .fini9         0x00002600        0x0 c:/arduino/hardware/tools/avr/bin/../lib/gcc/avr/4.8.1/avr5\libgcc.a(_exit.o)
                0x00002600                _exit
                0x00002600                exit
 *(.fini9)
 *(.fini8)
 *(.fini8)
 *(.fini7)
 *(.fini7)
 *(.fini6)
 *(.fini6)
 *(.fini5)
 *(.fini5)
 *(.fini4)
 *(.fini4)
 *(.fini3)
 *(.fini3)
 *(.fini2)
 *(.fini2)
 *(.fini1)
 *(.fini1)
 *(.fini0)
 .fini0         0x00002600        0x4 c:/arduino/hardware/tools/avr/bin/../lib/gcc/avr/4.8.1/avr5\libgcc.a(_exit.o)
 *(.fini0)
                0x00002604                _etext = .

.data           0x00800100      0x246 load address 0x00002604
                0x00800100                PROVIDE (__data_start, .)
 *(.data)
 .data          0x00800100        0x0 c:/arduino/hardware/tools/avr/bin/../lib/gcc/avr/4.8.1/../../../../avr/lib/avr5/crtm328p.o
 .data          0x00800100        0x0 ./lib_src/Time/DateStrings.o
 .data          0x00800100        0x0 ./lib_src/Time/Time.o
 .data          0x00800100        0x0 ./lib_src/SoftwareSerial/SoftwareSerial.o
 .data          0x00800100        0x0 ./lib_src/RCSwitch/RCSwitch.o
 .data          0x00800100        0x0 ./lib_src/HomeAutoLight/HomeAutoLight.o
 .data          0x00800100        0x0 ./main.o
 .data          0x00800100        0x0 C:\Users\USER\Documents\Workspace\ArduinoCore\328P_16MHz\libArduinoCore.a(HardwareSerial.o)
 .data          0x00800100        0x0 C:\Users\USER\Documents\Workspace\ArduinoCore\328P_16MHz\libArduinoCore.a(HardwareSerial0.o)
 .data          0x00800100        0x0 C:\Users\USER\Documents\Workspace\ArduinoCore\328P_16MHz\libArduinoCore.a(Print.o)
 .data          0x00800100        0x0 C:\Users\USER\Documents\Workspace\ArduinoCore\328P_16MHz\libArduinoCore.a(WInterrupts.o)
 .data          0x00800100        0x0 C:\Users\USER\Documents\Workspace\ArduinoCore\328P_16MHz\libArduinoCore.a(abi.o)
 .data          0x00800100        0x0 C:\Users\USER\Documents\Workspace\ArduinoCore\328P_16MHz\libArduinoCore.a(main.o)
 .data          0x00800100        0x0 C:\Users\USER\Documents\Workspace\ArduinoCore\328P_16MHz\libArduinoCore.a(wiring.o)
 .data          0x00800100        0x0 C:\Users\USER\Documents\Workspace\ArduinoCore\328P_16MHz\libArduinoCore.a(wiring_analog.o)
 .data          0x00800100        0x0 C:\Users\USER\Documents\Workspace\ArduinoCore\328P_16MHz\libArduinoCore.a(wiring_digital.o)
 .data          0x00800100        0x0 C:\Users\USER\Documents\Workspace\ArduinoCore\328P_16MHz\libArduinoCore.a(wiring_pulse.o)
 .data          0x00800100        0x0 C:\Users\USER\Documents\Workspace\ArduinoCore\328P_16MHz\libArduinoCore.a(hooks.o)
 .data          0x00800100        0x0 c:/arduino/hardware/tools/avr/bin/../lib/gcc/avr/4.8.1/avr5\libgcc.a(_divmodhi4.o)
 .data          0x00800100        0x0 c:/arduino/hardware/tools/avr/bin/../lib/gcc/avr/4.8.1/avr5\libgcc.a(_udivmodsi4.o)
 .data          0x00800100        0x0 c:/arduino/hardware/tools/avr/bin/../lib/gcc/avr/4.8.1/avr5\libgcc.a(_divmodsi4.o)
 .data          0x00800100        0x0 c:/arduino/hardware/tools/avr/bin/../lib/gcc/avr/4.8.1/avr5\libgcc.a(_negsi2.o)
 .data          0x00800100        0x0 c:/arduino/hardware/tools/avr/bin/../lib/gcc/avr/4.8.1/avr5\libgcc.a(_exit.o)
 .data          0x00800100        0x0 c:/arduino/hardware/tools/avr/bin/../lib/gcc/avr/4.8.1/avr5\libgcc.a(_tablejump.o)
 .data          0x00800100        0x0 c:/arduino/hardware/tools/avr/bin/../lib/gcc/avr/4.8.1/avr5\libgcc.a(_copy_data.o)
 .data          0x00800100        0x0 c:/arduino/hardware/tools/avr/bin/../lib/gcc/avr/4.8.1/avr5\libgcc.a(_clear_bss.o)
 .data          0x00800100        0x0 c:/arduino/hardware/tools/avr/bin/../lib/gcc/avr/4.8.1/avr5\libgcc.a(_ctors.o)
 .data          0x00800100        0x0 c:/arduino/hardware/tools/avr/bin/../lib/gcc/avr/4.8.1/avr5\libgcc.a(_umulhisi3.o)
 .data          0x00800100        0x0 c:/arduino/hardware/tools/avr/bin/../lib/gcc/avr/4.8.1/avr5\libgcc.a(_usmulhisi3.o)
 .data          0x00800100        0x0 c:/arduino/hardware/tools/avr/bin/../lib/gcc/avr/4.8.1/avr5\libgcc.a(_muluhisi3.o)
 .data          0x00800100        0x0 c:/arduino/hardware/tools/avr/bin/../lib/gcc/avr/4.8.1/avr5\libgcc.a(_mulshisi3.o)
 .data          0x00800100        0x0 c:/arduino/hardware/tools/avr/bin/../lib/gcc/avr/4.8.1/avr5\libgcc.a(_udivmodhi4.o)
 .data          0x00800100        0x0 c:/arduino/hardware/tools/avr/bin/../lib/gcc/avr/4.8.1/../../../../avr/lib/avr5\libm.a(addsf3.o)
 .data          0x00800100        0x0 c:/arduino/hardware/tools/avr/bin/../lib/gcc/avr/4.8.1/../../../../avr/lib/avr5\libm.a(addsf3x.o)
 .data          0x00800100        0x0 c:/arduino/hardware/tools/avr/bin/../lib/gcc/avr/4.8.1/../../../../avr/lib/avr5\libm.a(cmpsf2.o)
 .data          0x00800100        0x0 c:/arduino/hardware/tools/avr/bin/../lib/gcc/avr/4.8.1/../../../../avr/lib/avr5\libm.a(divsf3.o)
 .data          0x00800100        0x0 c:/arduino/hardware/tools/avr/bin/../lib/gcc/avr/4.8.1/../../../../avr/lib/avr5\libm.a(divsf3x.o)
 .data          0x00800100        0x0 c:/arduino/hardware/tools/avr/bin/../lib/gcc/avr/4.8.1/../../../../avr/lib/avr5\libm.a(fixsfsi.o)
 .data          0x00800100        0x0 c:/arduino/hardware/tools/avr/bin/../lib/gcc/avr/4.8.1/../../../../avr/lib/avr5\libm.a(fixunssfsi.o)
 .data          0x00800100        0x0 c:/arduino/hardware/tools/avr/bin/../lib/gcc/avr/4.8.1/../../../../avr/lib/avr5\libm.a(floatsisf.o)
 .data          0x00800100        0x0 c:/arduino/hardware/tools/avr/bin/../lib/gcc/avr/4.8.1/../../../../avr/lib/avr5\libm.a(fp_cmp.o)
 .data          0x00800100        0x0 c:/arduino/hardware/tools/avr/bin/../lib/gcc/avr/4.8.1/../../../../avr/lib/avr5\libm.a(fp_inf.o)
 .data          0x00800100        0x0 c:/arduino/hardware/tools/avr/bin/../lib/gcc/avr/4.8.1/../../../../avr/lib/avr5\libm.a(fp_nan.o)
 .data          0x00800100        0x0 c:/arduino/hardware/tools/avr/bin/../lib/gcc/avr/4.8.1/../../../../avr/lib/avr5\libm.a(fp_pscA.o)
 .data          0x00800100        0x0 c:/arduino/hardware/tools/avr/bin/../lib/gcc/avr/4.8.1/../../../../avr/lib/avr5\libm.a(fp_pscB.o)
 .data          0x00800100        0x0 c:/arduino/hardware/tools/avr/bin/../lib/gcc/avr/4.8.1/../../../../avr/lib/avr5\libm.a(fp_round.o)
 .data          0x00800100        0x0 c:/arduino/hardware/tools/avr/bin/../lib/gcc/avr/4.8.1/../../../../avr/lib/avr5\libm.a(fp_split3.o)
 .data          0x00800100        0x0 c:/arduino/hardware/tools/avr/bin/../lib/gcc/avr/4.8.1/../../../../avr/lib/avr5\libm.a(fp_zero.o)
 .data          0x00800100        0x0 c:/arduino/hardware/tools/avr/bin/../lib/gcc/avr/4.8.1/../../../../avr/lib/avr5\libm.a(gesf2.o)
 .data          0x00800100        0x0 c:/arduino/hardware/tools/avr/bin/../lib/gcc/avr/4.8.1/../../../../avr/lib/avr5\libm.a(mulsf3.o)
 .data          0x00800100        0x0 c:/arduino/hardware/tools/avr/bin/../lib/gcc/avr/4.8.1/../../../../avr/lib/avr5\libm.a(mulsf3x.o)
 .data          0x00800100        0x0 c:/arduino/hardware/tools/avr/bin/../lib/gcc/avr/4.8.1/../../../../avr/lib/avr5\libm.a(unordsf2.o)
 .data          0x00800100        0x0 c:/arduino/hardware/tools/avr/bin/../lib/gcc/avr/4.8.1/../../../../avr/lib/avr5\libc.a(abort.o)
 .data          0x00800100        0x0 c:/arduino/hardware/tools/avr/bin/../lib/gcc/avr/4.8.1/../../../../avr/lib/avr5\libc.a(strcpy_P.o)
 .data          0x00800100        0x0 c:/arduino/hardware/tools/avr/bin/../lib/gcc/avr/4.8.1/../../../../avr/lib/avr5\libc.a(vsnprintf.o)
 .data          0x00800100        0x0 c:/arduino/hardware/tools/avr/bin/../lib/gcc/avr/4.8.1/../../../../avr/lib/avr5\libc.a(vfprintf_std.o)
 .data          0x00800100        0x0 c:/arduino/hardware/tools/avr/bin/../lib/gcc/avr/4.8.1/../../../../avr/lib/avr5\libc.a(strnlen_P.o)
 .data          0x00800100        0x0 c:/arduino/hardware/tools/avr/bin/../lib/gcc/avr/4.8.1/../../../../avr/lib/avr5\libc.a(strnlen.o)
 .data          0x00800100        0x0 c:/arduino/hardware/tools/avr/bin/../lib/gcc/avr/4.8.1/../../../../avr/lib/avr5\libc.a(fputc.o)
 .data          0x00800100        0x0 c:/arduino/hardware/tools/avr/bin/../lib/gcc/avr/4.8.1/../../../../avr/lib/avr5\libc.a(ultoa_invert.o)
 .data          0x00800100        0x0 c:/arduino/hardware/tools/avr/bin/../lib/gcc/avr/4.8.1/avr5\libgcc.a(_prologue.o)
 .data          0x00800100        0x0 c:/arduino/hardware/tools/avr/bin/../lib/gcc/avr/4.8.1/avr5\libgcc.a(_epilogue.o)
 *(.data*)
 .data._ZN8RCSwitch17nReceiveToleranceE
                0x00800100        0x2 ./lib_src/RCSwitch/RCSwitch.o
                0x00800100                _ZN8RCSwitch17nReceiveToleranceE
 *(.rodata)
 *(.rodata*)
 .rodata.str1.1
                0x00800102      0x234 ./lib_src/HomeAutoLight/HomeAutoLight.o
                                0x240 (size before relaxing)
 .rodata._ZTV14HardwareSerial
                0x00800336       0x10 C:\Users\USER\Documents\Workspace\ArduinoCore\328P_16MHz\libArduinoCore.a(HardwareSerial.o)
                0x00800336                _ZTV14HardwareSerial
 *(.gnu.linkonce.d*)
                0x00800346                . = ALIGN (0x2)
                0x00800346                _edata = .
                0x00800346                PROVIDE (__data_end, .)

.bss            0x00800346      0x1fd
                0x00800346                PROVIDE (__bss_start, .)
 *(.bss)
 *(.bss*)
 .bss._ZN14SoftwareSerial20_receive_buffer_headE
                0x00800346        0x1 ./lib_src/SoftwareSerial/SoftwareSerial.o
                0x00800346                _ZN14SoftwareSerial20_receive_buffer_headE
 .bss._ZN14SoftwareSerial20_receive_buffer_tailE
                0x00800347        0x1 ./lib_src/SoftwareSerial/SoftwareSerial.o
                0x00800347                _ZN14SoftwareSerial20_receive_buffer_tailE
 .bss._ZN14SoftwareSerial15_receive_bufferE
                0x00800348       0x40 ./lib_src/SoftwareSerial/SoftwareSerial.o
                0x00800348                _ZN14SoftwareSerial15_receive_bufferE
 .bss._ZN14SoftwareSerial13active_objectE
                0x00800388        0x2 ./lib_src/SoftwareSerial/SoftwareSerial.o
                0x00800388                _ZN14SoftwareSerial13active_objectE
 .bss._ZZN8RCSwitch16dec2binWcharfillEmjcE3bin
                0x0080038a       0x40 ./lib_src/RCSwitch/RCSwitch.o
 .bss._ZZN8RCSwitch15handleInterruptEvE11changeCount
                0x008003ca        0x2 ./lib_src/RCSwitch/RCSwitch.o
 .bss._ZZN8RCSwitch15handleInterruptEvE11repeatCount
                0x008003cc        0x2 ./lib_src/RCSwitch/RCSwitch.o
 .bss._ZZN8RCSwitch15handleInterruptEvE8duration
                0x008003ce        0x2 ./lib_src/RCSwitch/RCSwitch.o
 .bss._ZZN8RCSwitch15handleInterruptEvE8lastTime
                0x008003d0        0x4 ./lib_src/RCSwitch/RCSwitch.o
 .bss._ZN8RCSwitch7timingsE
                0x008003d4       0x86 ./lib_src/RCSwitch/RCSwitch.o
                0x008003d4                _ZN8RCSwitch7timingsE
 .bss._ZN8RCSwitch17nReceivedProtocolE
                0x0080045a        0x2 ./lib_src/RCSwitch/RCSwitch.o
                0x0080045a                _ZN8RCSwitch17nReceivedProtocolE
 .bss._ZN8RCSwitch14nReceivedDelayE
                0x0080045c        0x2 ./lib_src/RCSwitch/RCSwitch.o
                0x0080045c                _ZN8RCSwitch14nReceivedDelayE
 .bss._ZN8RCSwitch18nReceivedBitlengthE
                0x0080045e        0x2 ./lib_src/RCSwitch/RCSwitch.o
                0x0080045e                _ZN8RCSwitch18nReceivedBitlengthE
 .bss._ZN8RCSwitch14nReceivedValueE
                0x00800460        0x4 ./lib_src/RCSwitch/RCSwitch.o
                0x00800460                _ZN8RCSwitch14nReceivedValueE
 .bss.Sensor    0x00800464       0x13 ./main.o
                0x00800464                Sensor
 .bss.light_app
                0x00800477       0x22 ./main.o
                0x00800477                light_app
 .bss.Serial    0x00800499       0x9d C:\Users\USER\Documents\Workspace\ArduinoCore\328P_16MHz\libArduinoCore.a(HardwareSerial0.o)
                0x00800499                Serial
 .bss.intFunc   0x00800536        0x4 C:\Users\USER\Documents\Workspace\ArduinoCore\328P_16MHz\libArduinoCore.a(WInterrupts.o)
 .bss.timer0_fract
                0x0080053a        0x1 C:\Users\USER\Documents\Workspace\ArduinoCore\328P_16MHz\libArduinoCore.a(wiring.o)
 .bss.timer0_millis
                0x0080053b        0x4 C:\Users\USER\Documents\Workspace\ArduinoCore\328P_16MHz\libArduinoCore.a(wiring.o)
                0x0080053b                timer0_millis
 .bss.timer0_overflow_count
                0x0080053f        0x4 C:\Users\USER\Documents\Workspace\ArduinoCore\328P_16MHz\libArduinoCore.a(wiring.o)
                0x0080053f                timer0_overflow_count
 *(COMMON)
                0x00800543                PROVIDE (__bss_end, .)
                0x00002604                __data_load_start = LOADADDR (.data)
                0x0000284a                __data_load_end = (__data_load_start + SIZEOF (.data))

.noinit         0x00800543        0x0
                0x00800543                PROVIDE (__noinit_start, .)
 *(.noinit*)
                0x00800543                PROVIDE (__noinit_end, .)
                0x00800543                _end = .
                0x00800543                PROVIDE (__heap_start, .)

.eeprom         0x00810000        0x0
 *(.eeprom*)
                0x00810000                __eeprom_end = .

.fuse
 *(.fuse)
 *(.lfuse)
 *(.hfuse)
 *(.efuse)

.lock
 *(.lock*)

.signature
 *(.signature*)

.stab
 *(.stab)

.stabstr
 *(.stabstr)

.stab.excl
 *(.stab.excl)

.stab.exclstr
 *(.stab.exclstr)

.stab.index
 *(.stab.index)

.stab.indexstr
 *(.stab.indexstr)

.comment        0x00000000       0x11
 *(.comment)
 .comment       0x00000000       0x11 ./lib_src/Time/DateStrings.o
                                 0x12 (size before relaxing)
 .comment       0x00000011       0x12 ./lib_src/Time/Time.o
 .comment       0x00000011       0x12 ./lib_src/SoftwareSerial/SoftwareSerial.o
 .comment       0x00000011       0x12 ./lib_src/RCSwitch/RCSwitch.o
 .comment       0x00000011       0x12 ./lib_src/HomeAutoLight/HomeAutoLight.o
 .comment       0x00000011       0x12 ./main.o
 .comment       0x00000011       0x12 C:\Users\USER\Documents\Workspace\ArduinoCore\328P_16MHz\libArduinoCore.a(HardwareSerial.o)
 .comment       0x00000011       0x12 C:\Users\USER\Documents\Workspace\ArduinoCore\328P_16MHz\libArduinoCore.a(HardwareSerial0.o)
 .comment       0x00000011       0x12 C:\Users\USER\Documents\Workspace\ArduinoCore\328P_16MHz\libArduinoCore.a(Print.o)
 .comment       0x00000011       0x12 C:\Users\USER\Documents\Workspace\ArduinoCore\328P_16MHz\libArduinoCore.a(WInterrupts.o)
 .comment       0x00000011       0x12 C:\Users\USER\Documents\Workspace\ArduinoCore\328P_16MHz\libArduinoCore.a(abi.o)
 .comment       0x00000011       0x12 C:\Users\USER\Documents\Workspace\ArduinoCore\328P_16MHz\libArduinoCore.a(main.o)
 .comment       0x00000011       0x12 C:\Users\USER\Documents\Workspace\ArduinoCore\328P_16MHz\libArduinoCore.a(wiring.o)
 .comment       0x00000011       0x12 C:\Users\USER\Documents\Workspace\ArduinoCore\328P_16MHz\libArduinoCore.a(wiring_analog.o)
 .comment       0x00000011       0x12 C:\Users\USER\Documents\Workspace\ArduinoCore\328P_16MHz\libArduinoCore.a(wiring_digital.o)
 .comment       0x00000011       0x12 C:\Users\USER\Documents\Workspace\ArduinoCore\328P_16MHz\libArduinoCore.a(wiring_pulse.o)
 .comment       0x00000011       0x12 C:\Users\USER\Documents\Workspace\ArduinoCore\328P_16MHz\libArduinoCore.a(hooks.o)
 .comment       0x00000011       0x12 c:/arduino/hardware/tools/avr/bin/../lib/gcc/avr/4.8.1/../../../../avr/lib/avr5\libc.a(vsnprintf.o)
 .comment       0x00000011       0x12 c:/arduino/hardware/tools/avr/bin/../lib/gcc/avr/4.8.1/../../../../avr/lib/avr5\libc.a(vfprintf_std.o)
 .comment       0x00000011       0x12 c:/arduino/hardware/tools/avr/bin/../lib/gcc/avr/4.8.1/../../../../avr/lib/avr5\libc.a(fputc.o)

.note.gnu.build-id
 *(.note.gnu.build-id)

.debug
 *(.debug)

.line
 *(.line)

.debug_srcinfo
 *(.debug_srcinfo)

.debug_sfnames
 *(.debug_sfnames)

.debug_aranges
 *(.debug_aranges)

.debug_pubnames
 *(.debug_pubnames)

.debug_info
 *(.debug_info .gnu.linkonce.wi.*)

.debug_abbrev
 *(.debug_abbrev)

.debug_line
 *(.debug_line .debug_line.* .debug_line_end)

.debug_frame
 *(.debug_frame)

.debug_str
 *(.debug_str)

.debug_loc
 *(.debug_loc)

.debug_macinfo
 *(.debug_macinfo)

.debug_weaknames
 *(.debug_weaknames)

.debug_funcnames
 *(.debug_funcnames)

.debug_typenames
 *(.debug_typenames)

.debug_varnames
 *(.debug_varnames)

.debug_pubtypes
 *(.debug_pubtypes)

.debug_ranges
 *(.debug_ranges)

.debug_macro
 *(.debug_macro)
OUTPUT(Light_Project.elf elf32-avr)
LOAD linker stubs

Cross Reference Table

Symbol                                            File
Get_Time_Data                                     ./lib_src/HomeAutoLight/HomeAutoLight.o
Sensor                                            ./main.o
Serial                                            C:\Users\USER\Documents\Workspace\ArduinoCore\328P_16MHz\libArduinoCore.a(HardwareSerial0.o)
                                                  ./main.o
                                                  ./lib_src/HomeAutoLight/HomeAutoLight.o
_Z10adjustTimel                                   ./lib_src/Time/Time.o
_Z10timeStatusv                                   ./lib_src/Time/Time.o
_Z11dayShortStrh                                  ./lib_src/Time/DateStrings.o
_Z11serialEventv                                  C:\Users\USER\Documents\Workspace\ArduinoCore\328P_16MHz\libArduinoCore.a(HardwareSerial.o)
_Z12hourFormat12m                                 ./lib_src/Time/Time.o
_Z12hourFormat12v                                 ./lib_src/Time/Time.o
_Z12refreshCachem                                 ./lib_src/Time/Time.o
_Z13monthShortStrh                                ./lib_src/Time/DateStrings.o
_Z14serialEventRunv                               C:\Users\USER\Documents\Workspace\ArduinoCore\328P_16MHz\libArduinoCore.a(HardwareSerial.o)
                                                  C:\Users\USER\Documents\Workspace\ArduinoCore\328P_16MHz\libArduinoCore.a(main.o)
_Z15setSyncIntervalm                              ./lib_src/Time/Time.o
_Z15setSyncProviderPFmvE                          ./lib_src/Time/Time.o
_Z17Serial0_availablev                            C:\Users\USER\Documents\Workspace\ArduinoCore\328P_16MHz\libArduinoCore.a(HardwareSerial0.o)
                                                  C:\Users\USER\Documents\Workspace\ArduinoCore\328P_16MHz\libArduinoCore.a(HardwareSerial.o)
_Z3daym                                           ./lib_src/Time/Time.o
_Z3dayv                                           ./lib_src/Time/Time.o
_Z3nowv                                           ./lib_src/Time/Time.o
_Z4hourm                                          ./lib_src/Time/Time.o
_Z4hourv                                          ./lib_src/Time/Time.o
_Z4isAMm                                          ./lib_src/Time/Time.o
_Z4isAMv                                          ./lib_src/Time/Time.o
_Z4isPMm                                          ./lib_src/Time/Time.o
_Z4isPMv                                          ./lib_src/Time/Time.o
_Z4yearm                                          ./lib_src/Time/Time.o
_Z4yearv                                          ./lib_src/Time/Time.o
_Z5monthm                                         ./lib_src/Time/Time.o
_Z5monthv                                         ./lib_src/Time/Time.o
_Z6dayStrh                                        ./lib_src/Time/DateStrings.o
_Z6minutem                                        ./lib_src/Time/Time.o
_Z6minutev                                        ./lib_src/Time/Time.o
_Z6secondm                                        ./lib_src/Time/Time.o
_Z6secondv                                        ./lib_src/Time/Time.o
_Z7setTimeiiiiii                                  ./lib_src/Time/Time.o
_Z7setTimem                                       ./lib_src/Time/Time.o
_Z7weekdaym                                       ./lib_src/Time/Time.o
_Z7weekdayv                                       ./lib_src/Time/Time.o
_Z8makeTimeR12tmElements_t                        ./lib_src/Time/Time.o
_Z8monthStrh                                      ./lib_src/Time/DateStrings.o
_Z9breakTimemR12tmElements_t                      ./lib_src/Time/Time.o
_ZN10RCfunction11Send_SignalEc                    ./lib_src/HomeAutoLight/HomeAutoLight.o
_ZN10RCfunction13Recive_SiganlEv                  ./lib_src/HomeAutoLight/HomeAutoLight.o
_ZN10RCfunctionC1Ev                               ./lib_src/HomeAutoLight/HomeAutoLight.o
                                                  ./main.o
_ZN10RCfunctionC2Ev                               ./lib_src/HomeAutoLight/HomeAutoLight.o
_ZN14HardwareSerial17_tx_udr_empty_irqEv          C:\Users\USER\Documents\Workspace\ArduinoCore\328P_16MHz\libArduinoCore.a(HardwareSerial.o)
                                                  C:\Users\USER\Documents\Workspace\ArduinoCore\328P_16MHz\libArduinoCore.a(HardwareSerial0.o)
_ZN14HardwareSerial17availableForWriteEv          C:\Users\USER\Documents\Workspace\ArduinoCore\328P_16MHz\libArduinoCore.a(HardwareSerial.o)
_ZN14HardwareSerial3endEv                         C:\Users\USER\Documents\Workspace\ArduinoCore\328P_16MHz\libArduinoCore.a(HardwareSerial.o)
_ZN14HardwareSerial4peekEv                        C:\Users\USER\Documents\Workspace\ArduinoCore\328P_16MHz\libArduinoCore.a(HardwareSerial.o)
_ZN14HardwareSerial4readEv                        C:\Users\USER\Documents\Workspace\ArduinoCore\328P_16MHz\libArduinoCore.a(HardwareSerial.o)
                                                  ./lib_src/HomeAutoLight/HomeAutoLight.o
_ZN14HardwareSerial5beginEmh                      C:\Users\USER\Documents\Workspace\ArduinoCore\328P_16MHz\libArduinoCore.a(HardwareSerial.o)
                                                  ./main.o
                                                  ./lib_src/HomeAutoLight/HomeAutoLight.o
_ZN14HardwareSerial5flushEv                       C:\Users\USER\Documents\Workspace\ArduinoCore\328P_16MHz\libArduinoCore.a(HardwareSerial.o)
_ZN14HardwareSerial5writeEh                       C:\Users\USER\Documents\Workspace\ArduinoCore\328P_16MHz\libArduinoCore.a(HardwareSerial.o)
_ZN14HardwareSerial9availableEv                   C:\Users\USER\Documents\Workspace\ArduinoCore\328P_16MHz\libArduinoCore.a(HardwareSerial.o)
                                                  C:\Users\USER\Documents\Workspace\ArduinoCore\328P_16MHz\libArduinoCore.a(HardwareSerial0.o)
                                                  ./lib_src/HomeAutoLight/HomeAutoLight.o
_ZN14SoftwareSerial11rx_pin_readEv                ./lib_src/SoftwareSerial/SoftwareSerial.o
_ZN14SoftwareSerial11setRxIntMskEb                ./lib_src/SoftwareSerial/SoftwareSerial.o
_ZN14SoftwareSerial12subtract_capEjj              ./lib_src/SoftwareSerial/SoftwareSerial.o
_ZN14SoftwareSerial13active_objectE               ./lib_src/SoftwareSerial/SoftwareSerial.o
_ZN14SoftwareSerial13stopListeningEv              ./lib_src/SoftwareSerial/SoftwareSerial.o
_ZN14SoftwareSerial15_receive_bufferE             ./lib_src/SoftwareSerial/SoftwareSerial.o
_ZN14SoftwareSerial20_receive_buffer_headE        ./lib_src/SoftwareSerial/SoftwareSerial.o
_ZN14SoftwareSerial20_receive_buffer_tailE        ./lib_src/SoftwareSerial/SoftwareSerial.o
_ZN14SoftwareSerial3endEv                         ./lib_src/SoftwareSerial/SoftwareSerial.o
_ZN14SoftwareSerial4peekEv                        ./lib_src/SoftwareSerial/SoftwareSerial.o
_ZN14SoftwareSerial4readEv                        ./lib_src/SoftwareSerial/SoftwareSerial.o
_ZN14SoftwareSerial4recvEv                        ./lib_src/SoftwareSerial/SoftwareSerial.o
_ZN14SoftwareSerial5beginEl                       ./lib_src/SoftwareSerial/SoftwareSerial.o
_ZN14SoftwareSerial5flushEv                       ./lib_src/SoftwareSerial/SoftwareSerial.o
_ZN14SoftwareSerial5setRXEh                       ./lib_src/SoftwareSerial/SoftwareSerial.o
_ZN14SoftwareSerial5setTXEh                       ./lib_src/SoftwareSerial/SoftwareSerial.o
_ZN14SoftwareSerial5writeEh                       ./lib_src/SoftwareSerial/SoftwareSerial.o
_ZN14SoftwareSerial6listenEv                      ./lib_src/SoftwareSerial/SoftwareSerial.o
_ZN14SoftwareSerial9availableEv                   ./lib_src/SoftwareSerial/SoftwareSerial.o
_ZN14SoftwareSerialC1Ehhb                         ./lib_src/SoftwareSerial/SoftwareSerial.o
_ZN14SoftwareSerialC2Ehhb                         ./lib_src/SoftwareSerial/SoftwareSerial.o
_ZN14SoftwareSerialD1Ev                           ./lib_src/SoftwareSerial/SoftwareSerial.o
_ZN14SoftwareSerialD2Ev                           ./lib_src/SoftwareSerial/SoftwareSerial.o
_ZN15Distance_Sensor21HC_SR04_decode_signalEv     ./lib_src/HomeAutoLight/HomeAutoLight.o
_ZN15Distance_Sensor23HC_SR04_generate_signalEv   ./lib_src/HomeAutoLight/HomeAutoLight.o
_ZN15Distance_SensorC1Eii                         ./lib_src/HomeAutoLight/HomeAutoLight.o
                                                  ./main.o
_ZN15Distance_SensorC2Eii                         ./lib_src/HomeAutoLight/HomeAutoLight.o
_ZN4HALS14Autolight_BodyEv                        ./lib_src/HomeAutoLight/HomeAutoLight.o
_ZN4HALS16Autolight_SenderEv                      ./lib_src/HomeAutoLight/HomeAutoLight.o
                                                  ./main.o
_ZN5Print10printFloatEdh                          C:\Users\USER\Documents\Workspace\ArduinoCore\328P_16MHz\libArduinoCore.a(Print.o)
_ZN5Print11printNumberEmh                         C:\Users\USER\Documents\Workspace\ArduinoCore\328P_16MHz\libArduinoCore.a(Print.o)
_ZN5Print5TraceEiPKcz                             ./lib_src/HomeAutoLight/HomeAutoLight.o
_ZN5Print5printEPK19__FlashStringHelper           C:\Users\USER\Documents\Workspace\ArduinoCore\328P_16MHz\libArduinoCore.a(Print.o)
_ZN5Print5printEPKc                               C:\Users\USER\Documents\Workspace\ArduinoCore\328P_16MHz\libArduinoCore.a(Print.o)
                                                  ./lib_src/HomeAutoLight/HomeAutoLight.o
_ZN5Print5printERK6String                         C:\Users\USER\Documents\Workspace\ArduinoCore\328P_16MHz\libArduinoCore.a(Print.o)
_ZN5Print5printERK9Printable                      C:\Users\USER\Documents\Workspace\ArduinoCore\328P_16MHz\libArduinoCore.a(Print.o)
_ZN5Print5printEc                                 C:\Users\USER\Documents\Workspace\ArduinoCore\328P_16MHz\libArduinoCore.a(Print.o)
_ZN5Print5printEdi                                C:\Users\USER\Documents\Workspace\ArduinoCore\328P_16MHz\libArduinoCore.a(Print.o)
_ZN5Print5printEhi                                C:\Users\USER\Documents\Workspace\ArduinoCore\328P_16MHz\libArduinoCore.a(Print.o)
_ZN5Print5printEii                                C:\Users\USER\Documents\Workspace\ArduinoCore\328P_16MHz\libArduinoCore.a(Print.o)
                                                  ./lib_src/HomeAutoLight/HomeAutoLight.o
_ZN5Print5printEji                                C:\Users\USER\Documents\Workspace\ArduinoCore\328P_16MHz\libArduinoCore.a(Print.o)
                                                  ./lib_src/HomeAutoLight/HomeAutoLight.o
_ZN5Print5printEli                                C:\Users\USER\Documents\Workspace\ArduinoCore\328P_16MHz\libArduinoCore.a(Print.o)
_ZN5Print5printEmi                                C:\Users\USER\Documents\Workspace\ArduinoCore\328P_16MHz\libArduinoCore.a(Print.o)
                                                  ./lib_src/HomeAutoLight/HomeAutoLight.o
_ZN5Print5writeEPKc                               C:\Users\USER\Documents\Workspace\ArduinoCore\328P_16MHz\libArduinoCore.a(Print.o)
_ZN5Print5writeEPKhj                              C:\Users\USER\Documents\Workspace\ArduinoCore\328P_16MHz\libArduinoCore.a(Print.o)
                                                  C:\Users\USER\Documents\Workspace\ArduinoCore\328P_16MHz\libArduinoCore.a(HardwareSerial.o)
                                                  ./lib_src/SoftwareSerial/SoftwareSerial.o
_ZN5Print6printfEPKcz                             ./lib_src/HomeAutoLight/HomeAutoLight.o
_ZN5Print7printlnEPK19__FlashStringHelper         C:\Users\USER\Documents\Workspace\ArduinoCore\328P_16MHz\libArduinoCore.a(Print.o)
_ZN5Print7printlnEPKc                             C:\Users\USER\Documents\Workspace\ArduinoCore\328P_16MHz\libArduinoCore.a(Print.o)
                                                  ./lib_src/HomeAutoLight/HomeAutoLight.o
_ZN5Print7printlnERK6String                       C:\Users\USER\Documents\Workspace\ArduinoCore\328P_16MHz\libArduinoCore.a(Print.o)
_ZN5Print7printlnERK9Printable                    C:\Users\USER\Documents\Workspace\ArduinoCore\328P_16MHz\libArduinoCore.a(Print.o)
_ZN5Print7printlnEc                               C:\Users\USER\Documents\Workspace\ArduinoCore\328P_16MHz\libArduinoCore.a(Print.o)
_ZN5Print7printlnEdi                              C:\Users\USER\Documents\Workspace\ArduinoCore\328P_16MHz\libArduinoCore.a(Print.o)
_ZN5Print7printlnEhi                              C:\Users\USER\Documents\Workspace\ArduinoCore\328P_16MHz\libArduinoCore.a(Print.o)
_ZN5Print7printlnEii                              C:\Users\USER\Documents\Workspace\ArduinoCore\328P_16MHz\libArduinoCore.a(Print.o)
                                                  ./lib_src/HomeAutoLight/HomeAutoLight.o
_ZN5Print7printlnEji                              C:\Users\USER\Documents\Workspace\ArduinoCore\328P_16MHz\libArduinoCore.a(Print.o)
                                                  ./lib_src/HomeAutoLight/HomeAutoLight.o
_ZN5Print7printlnEli                              C:\Users\USER\Documents\Workspace\ArduinoCore\328P_16MHz\libArduinoCore.a(Print.o)
                                                  ./lib_src/HomeAutoLight/HomeAutoLight.o
_ZN5Print7printlnEmi                              C:\Users\USER\Documents\Workspace\ArduinoCore\328P_16MHz\libArduinoCore.a(Print.o)
_ZN5Print7printlnEv                               C:\Users\USER\Documents\Workspace\ArduinoCore\328P_16MHz\libArduinoCore.a(Print.o)
                                                  ./lib_src/HomeAutoLight/HomeAutoLight.o
_ZN6LedOut11Event_flashEv                         ./lib_src/HomeAutoLight/HomeAutoLight.o
_ZN6LedOut5flashEii                               ./lib_src/HomeAutoLight/HomeAutoLight.o
_ZN6LedOutC1Ev                                    ./lib_src/HomeAutoLight/HomeAutoLight.o
_ZN6LedOutC2Ev                                    ./lib_src/HomeAutoLight/HomeAutoLight.o
_ZN8RCSwitch11setProtocolEi                       ./lib_src/RCSwitch/RCSwitch.o
_ZN8RCSwitch11setProtocolEii                      ./lib_src/RCSwitch/RCSwitch.o
_ZN8RCSwitch12getCodeWordAEPcS0_b                 ./lib_src/RCSwitch/RCSwitch.o
_ZN8RCSwitch12getCodeWordBEiib                    ./lib_src/RCSwitch/RCSwitch.o
_ZN8RCSwitch12getCodeWordCEciib                   ./lib_src/RCSwitch/RCSwitch.o
_ZN8RCSwitch12getCodeWordDEcib                    ./lib_src/RCSwitch/RCSwitch.o
_ZN8RCSwitch12sendTriStateEPc                     ./lib_src/RCSwitch/RCSwitch.o
_ZN8RCSwitch13enableReceiveEi                     ./lib_src/RCSwitch/RCSwitch.o
_ZN8RCSwitch13enableReceiveEv                     ./lib_src/RCSwitch/RCSwitch.o
_ZN8RCSwitch14disableReceiveEv                    ./lib_src/RCSwitch/RCSwitch.o
_ZN8RCSwitch14enableTransmitEi                    ./lib_src/RCSwitch/RCSwitch.o
                                                  ./lib_src/HomeAutoLight/HomeAutoLight.o
_ZN8RCSwitch14nReceivedDelayE                     ./lib_src/RCSwitch/RCSwitch.o
_ZN8RCSwitch14nReceivedValueE                     ./lib_src/RCSwitch/RCSwitch.o
_ZN8RCSwitch14resetAvailableEv                    ./lib_src/RCSwitch/RCSwitch.o
                                                  ./lib_src/HomeAutoLight/HomeAutoLight.o
_ZN8RCSwitch14setPulseLengthEi                    ./lib_src/RCSwitch/RCSwitch.o
_ZN8RCSwitch15disableTransmitEv                   ./lib_src/RCSwitch/RCSwitch.o
_ZN8RCSwitch15handleInterruptEv                   ./lib_src/RCSwitch/RCSwitch.o
_ZN8RCSwitch16dec2binWcharfillEmjc                ./lib_src/RCSwitch/RCSwitch.o
_ZN8RCSwitch16dec2binWzerofillEmj                 ./lib_src/RCSwitch/RCSwitch.o
_ZN8RCSwitch16getReceivedDelayEv                  ./lib_src/RCSwitch/RCSwitch.o
_ZN8RCSwitch16getReceivedValueEv                  ./lib_src/RCSwitch/RCSwitch.o
                                                  ./lib_src/HomeAutoLight/HomeAutoLight.o
_ZN8RCSwitch16receiveProtocol1Ej                  ./lib_src/RCSwitch/RCSwitch.o
_ZN8RCSwitch16receiveProtocol2Ej                  ./lib_src/RCSwitch/RCSwitch.o
_ZN8RCSwitch16receiveProtocol3Ej                  ./lib_src/RCSwitch/RCSwitch.o
_ZN8RCSwitch17nReceiveToleranceE                  ./lib_src/RCSwitch/RCSwitch.o
_ZN8RCSwitch17nReceivedProtocolE                  ./lib_src/RCSwitch/RCSwitch.o
_ZN8RCSwitch17setRepeatTransmitEi                 ./lib_src/RCSwitch/RCSwitch.o
                                                  ./lib_src/HomeAutoLight/HomeAutoLight.o
_ZN8RCSwitch18getReceivedRawdataEv                ./lib_src/RCSwitch/RCSwitch.o
_ZN8RCSwitch18nReceivedBitlengthE                 ./lib_src/RCSwitch/RCSwitch.o
_ZN8RCSwitch19getReceivedProtocolEv               ./lib_src/RCSwitch/RCSwitch.o
                                                  ./lib_src/HomeAutoLight/HomeAutoLight.o
_ZN8RCSwitch19setReceiveToleranceEi               ./lib_src/RCSwitch/RCSwitch.o
_ZN8RCSwitch20getReceivedBitlengthEv              ./lib_src/RCSwitch/RCSwitch.o
                                                  ./lib_src/HomeAutoLight/HomeAutoLight.o
_ZN8RCSwitch4sendEPc                              ./lib_src/RCSwitch/RCSwitch.o
_ZN8RCSwitch4sendEmj                              ./lib_src/RCSwitch/RCSwitch.o
                                                  ./lib_src/HomeAutoLight/HomeAutoLight.o
_ZN8RCSwitch5send0Ev                              ./lib_src/RCSwitch/RCSwitch.o
_ZN8RCSwitch5send1Ev                              ./lib_src/RCSwitch/RCSwitch.o
_ZN8RCSwitch6sendT0Ev                             ./lib_src/RCSwitch/RCSwitch.o
_ZN8RCSwitch6sendT1Ev                             ./lib_src/RCSwitch/RCSwitch.o
_ZN8RCSwitch6sendTFEv                             ./lib_src/RCSwitch/RCSwitch.o
_ZN8RCSwitch7timingsE                             ./lib_src/RCSwitch/RCSwitch.o
_ZN8RCSwitch8sendSyncEv                           ./lib_src/RCSwitch/RCSwitch.o
_ZN8RCSwitch8switchOnEPcS0_                       ./lib_src/RCSwitch/RCSwitch.o
_ZN8RCSwitch8switchOnEPci                         ./lib_src/RCSwitch/RCSwitch.o
_ZN8RCSwitch8switchOnEci                          ./lib_src/RCSwitch/RCSwitch.o
_ZN8RCSwitch8switchOnEcii                         ./lib_src/RCSwitch/RCSwitch.o
_ZN8RCSwitch8switchOnEii                          ./lib_src/RCSwitch/RCSwitch.o
_ZN8RCSwitch8transmitEii                          ./lib_src/RCSwitch/RCSwitch.o
_ZN8RCSwitch9availableEv                          ./lib_src/RCSwitch/RCSwitch.o
                                                  ./lib_src/HomeAutoLight/HomeAutoLight.o
_ZN8RCSwitch9switchOffEPcS0_                      ./lib_src/RCSwitch/RCSwitch.o
_ZN8RCSwitch9switchOffEPci                        ./lib_src/RCSwitch/RCSwitch.o
_ZN8RCSwitch9switchOffEci                         ./lib_src/RCSwitch/RCSwitch.o
_ZN8RCSwitch9switchOffEcii                        ./lib_src/RCSwitch/RCSwitch.o
_ZN8RCSwitch9switchOffEii                         ./lib_src/RCSwitch/RCSwitch.o
_ZN8RCSwitchC1Ev                                  ./lib_src/RCSwitch/RCSwitch.o
                                                  ./lib_src/HomeAutoLight/HomeAutoLight.o
_ZN8RCSwitchC2Ev                                  ./lib_src/RCSwitch/RCSwitch.o
_ZN9CCDSensor11print_ValueEv                      ./lib_src/HomeAutoLight/HomeAutoLight.o
_ZN9CCDSensor18get_anal_light_valEv               ./lib_src/HomeAutoLight/HomeAutoLight.o
_ZN9CCDSensor19get_digit_light_valEv              ./lib_src/HomeAutoLight/HomeAutoLight.o
_ZN9CCDSensor20check_state_go_sleepEv             ./lib_src/HomeAutoLight/HomeAutoLight.o
_ZN9CCDSensor27AutoLight_Power_Saving_MainEv      ./lib_src/HomeAutoLight/HomeAutoLight.o
_ZN9CCDSensorC1Eii                                ./lib_src/HomeAutoLight/HomeAutoLight.o
                                                  ./main.o
_ZN9CCDSensorC2Eii                                ./lib_src/HomeAutoLight/HomeAutoLight.o
_ZN9SleepMode8sleepNowEv                          ./lib_src/HomeAutoLight/HomeAutoLight.o
_ZN9SleepModeC1Ev                                 ./lib_src/HomeAutoLight/HomeAutoLight.o
_ZN9SleepModeC2Ev                                 ./lib_src/HomeAutoLight/HomeAutoLight.o
_ZTV14HardwareSerial                              C:\Users\USER\Documents\Workspace\ArduinoCore\328P_16MHz\libArduinoCore.a(HardwareSerial.o)
                                                  C:\Users\USER\Documents\Workspace\ArduinoCore\328P_16MHz\libArduinoCore.a(HardwareSerial0.o)
_ZTV14SoftwareSerial                              ./lib_src/SoftwareSerial/SoftwareSerial.o
_ZTV5Print                                        C:\Users\USER\Documents\Workspace\ArduinoCore\328P_16MHz\libArduinoCore.a(Print.o)
_ZTV6Stream                                       ./lib_src/SoftwareSerial/SoftwareSerial.o
__addsf3                                          c:/arduino/hardware/tools/avr/bin/../lib/gcc/avr/4.8.1/../../../../avr/lib/avr5\libm.a(addsf3.o)
                                                  C:\Users\USER\Documents\Workspace\ArduinoCore\328P_16MHz\libArduinoCore.a(Print.o)
__addsf3x                                         c:/arduino/hardware/tools/avr/bin/../lib/gcc/avr/4.8.1/../../../../avr/lib/avr5\libm.a(addsf3x.o)
                                                  c:/arduino/hardware/tools/avr/bin/../lib/gcc/avr/4.8.1/../../../../avr/lib/avr5\libm.a(addsf3.o)
__bad_interrupt                                   c:/arduino/hardware/tools/avr/bin/../lib/gcc/avr/4.8.1/../../../../avr/lib/avr5/crtm328p.o
__bss_end                                         c:/arduino/hardware/tools/avr/bin/../lib/gcc/avr/4.8.1/avr5\libgcc.a(_clear_bss.o)
__bss_start                                       c:/arduino/hardware/tools/avr/bin/../lib/gcc/avr/4.8.1/avr5\libgcc.a(_clear_bss.o)
__cmpsf2                                          c:/arduino/hardware/tools/avr/bin/../lib/gcc/avr/4.8.1/../../../../avr/lib/avr5\libm.a(cmpsf2.o)
__ctors_end                                       c:/arduino/hardware/tools/avr/bin/../lib/gcc/avr/4.8.1/avr5\libgcc.a(_ctors.o)
__ctors_start                                     c:/arduino/hardware/tools/avr/bin/../lib/gcc/avr/4.8.1/avr5\libgcc.a(_ctors.o)
__cxa_deleted_virtual                             C:\Users\USER\Documents\Workspace\ArduinoCore\328P_16MHz\libArduinoCore.a(abi.o)
__cxa_pure_virtual                                C:\Users\USER\Documents\Workspace\ArduinoCore\328P_16MHz\libArduinoCore.a(abi.o)
                                                  C:\Users\USER\Documents\Workspace\ArduinoCore\328P_16MHz\libArduinoCore.a(Print.o)
                                                  ./lib_src/SoftwareSerial/SoftwareSerial.o
__data_end                                        c:/arduino/hardware/tools/avr/bin/../lib/gcc/avr/4.8.1/avr5\libgcc.a(_copy_data.o)
__data_load_start                                 c:/arduino/hardware/tools/avr/bin/../lib/gcc/avr/4.8.1/avr5\libgcc.a(_copy_data.o)
__data_start                                      c:/arduino/hardware/tools/avr/bin/../lib/gcc/avr/4.8.1/avr5\libgcc.a(_copy_data.o)
__divmodhi4                                       c:/arduino/hardware/tools/avr/bin/../lib/gcc/avr/4.8.1/avr5\libgcc.a(_divmodhi4.o)
                                                  ./lib_src/Time/Time.o
__divmodsi4                                       c:/arduino/hardware/tools/avr/bin/../lib/gcc/avr/4.8.1/avr5\libgcc.a(_divmodsi4.o)
                                                  ./lib_src/HomeAutoLight/HomeAutoLight.o
__divsf3                                          c:/arduino/hardware/tools/avr/bin/../lib/gcc/avr/4.8.1/../../../../avr/lib/avr5\libm.a(divsf3.o)
                                                  C:\Users\USER\Documents\Workspace\ArduinoCore\328P_16MHz\libArduinoCore.a(Print.o)
                                                  ./lib_src/HomeAutoLight/HomeAutoLight.o
__divsf3_pse                                      c:/arduino/hardware/tools/avr/bin/../lib/gcc/avr/4.8.1/../../../../avr/lib/avr5\libm.a(divsf3x.o)
__divsf3x                                         c:/arduino/hardware/tools/avr/bin/../lib/gcc/avr/4.8.1/../../../../avr/lib/avr5\libm.a(divsf3x.o)
                                                  c:/arduino/hardware/tools/avr/bin/../lib/gcc/avr/4.8.1/../../../../avr/lib/avr5\libm.a(divsf3.o)
__do_clear_bss                                    c:/arduino/hardware/tools/avr/bin/../lib/gcc/avr/4.8.1/avr5\libgcc.a(_clear_bss.o)
                                                  C:\Users\USER\Documents\Workspace\ArduinoCore\328P_16MHz\libArduinoCore.a(wiring.o)
                                                  C:\Users\USER\Documents\Workspace\ArduinoCore\328P_16MHz\libArduinoCore.a(WInterrupts.o)
                                                  C:\Users\USER\Documents\Workspace\ArduinoCore\328P_16MHz\libArduinoCore.a(HardwareSerial0.o)
                                                  ./main.o
                                                  ./lib_src/RCSwitch/RCSwitch.o
                                                  ./lib_src/SoftwareSerial/SoftwareSerial.o
                                                  ./lib_src/Time/Time.o
                                                  ./lib_src/Time/DateStrings.o
__do_copy_data                                    c:/arduino/hardware/tools/avr/bin/../lib/gcc/avr/4.8.1/avr5\libgcc.a(_copy_data.o)
                                                  C:\Users\USER\Documents\Workspace\ArduinoCore\328P_16MHz\libArduinoCore.a(wiring_analog.o)
                                                  C:\Users\USER\Documents\Workspace\ArduinoCore\328P_16MHz\libArduinoCore.a(Print.o)
                                                  C:\Users\USER\Documents\Workspace\ArduinoCore\328P_16MHz\libArduinoCore.a(HardwareSerial.o)
                                                  ./lib_src/HomeAutoLight/HomeAutoLight.o
                                                  ./lib_src/RCSwitch/RCSwitch.o
                                                  ./lib_src/SoftwareSerial/SoftwareSerial.o
                                                  ./lib_src/Time/Time.o
__do_global_ctors                                 c:/arduino/hardware/tools/avr/bin/../lib/gcc/avr/4.8.1/avr5\libgcc.a(_ctors.o)
                                                  C:\Users\USER\Documents\Workspace\ArduinoCore\328P_16MHz\libArduinoCore.a(HardwareSerial0.o)
                                                  ./main.o
__epilogue_restores__                             c:/arduino/hardware/tools/avr/bin/../lib/gcc/avr/4.8.1/avr5\libgcc.a(_epilogue.o)
                                                  c:/arduino/hardware/tools/avr/bin/../lib/gcc/avr/4.8.1/../../../../avr/lib/avr5\libc.a(vfprintf_std.o)
                                                  c:/arduino/hardware/tools/avr/bin/../lib/gcc/avr/4.8.1/../../../../avr/lib/avr5\libc.a(vsnprintf.o)
__eqsf2                                           c:/arduino/hardware/tools/avr/bin/../lib/gcc/avr/4.8.1/../../../../avr/lib/avr5\libm.a(cmpsf2.o)
__fixsfsi                                         c:/arduino/hardware/tools/avr/bin/../lib/gcc/avr/4.8.1/../../../../avr/lib/avr5\libm.a(fixsfsi.o)
                                                  C:\Users\USER\Documents\Workspace\ArduinoCore\328P_16MHz\libArduinoCore.a(Print.o)
                                                  ./lib_src/HomeAutoLight/HomeAutoLight.o
__fixunssfsi                                      c:/arduino/hardware/tools/avr/bin/../lib/gcc/avr/4.8.1/../../../../avr/lib/avr5\libm.a(fixunssfsi.o)
                                                  c:/arduino/hardware/tools/avr/bin/../lib/gcc/avr/4.8.1/../../../../avr/lib/avr5\libm.a(fixsfsi.o)
                                                  C:\Users\USER\Documents\Workspace\ArduinoCore\328P_16MHz\libArduinoCore.a(Print.o)
                                                  ./lib_src/RCSwitch/RCSwitch.o
__floatsisf                                       c:/arduino/hardware/tools/avr/bin/../lib/gcc/avr/4.8.1/../../../../avr/lib/avr5\libm.a(floatsisf.o)
                                                  C:\Users\USER\Documents\Workspace\ArduinoCore\328P_16MHz\libArduinoCore.a(Print.o)
                                                  ./lib_src/HomeAutoLight/HomeAutoLight.o
__floatunsisf                                     c:/arduino/hardware/tools/avr/bin/../lib/gcc/avr/4.8.1/../../../../avr/lib/avr5\libm.a(floatsisf.o)
                                                  C:\Users\USER\Documents\Workspace\ArduinoCore\328P_16MHz\libArduinoCore.a(Print.o)
                                                  ./lib_src/RCSwitch/RCSwitch.o
__fp_cmp                                          c:/arduino/hardware/tools/avr/bin/../lib/gcc/avr/4.8.1/../../../../avr/lib/avr5\libm.a(fp_cmp.o)
                                                  c:/arduino/hardware/tools/avr/bin/../lib/gcc/avr/4.8.1/../../../../avr/lib/avr5\libm.a(unordsf2.o)
                                                  c:/arduino/hardware/tools/avr/bin/../lib/gcc/avr/4.8.1/../../../../avr/lib/avr5\libm.a(gesf2.o)
                                                  c:/arduino/hardware/tools/avr/bin/../lib/gcc/avr/4.8.1/../../../../avr/lib/avr5\libm.a(cmpsf2.o)
__fp_inf                                          c:/arduino/hardware/tools/avr/bin/../lib/gcc/avr/4.8.1/../../../../avr/lib/avr5\libm.a(fp_inf.o)
                                                  c:/arduino/hardware/tools/avr/bin/../lib/gcc/avr/4.8.1/../../../../avr/lib/avr5\libm.a(mulsf3x.o)
                                                  c:/arduino/hardware/tools/avr/bin/../lib/gcc/avr/4.8.1/../../../../avr/lib/avr5\libm.a(divsf3x.o)
                                                  c:/arduino/hardware/tools/avr/bin/../lib/gcc/avr/4.8.1/../../../../avr/lib/avr5\libm.a(addsf3x.o)
__fp_nan                                          c:/arduino/hardware/tools/avr/bin/../lib/gcc/avr/4.8.1/../../../../avr/lib/avr5\libm.a(fp_nan.o)
                                                  c:/arduino/hardware/tools/avr/bin/../lib/gcc/avr/4.8.1/../../../../avr/lib/avr5\libm.a(mulsf3x.o)
                                                  c:/arduino/hardware/tools/avr/bin/../lib/gcc/avr/4.8.1/../../../../avr/lib/avr5\libm.a(divsf3x.o)
                                                  c:/arduino/hardware/tools/avr/bin/../lib/gcc/avr/4.8.1/../../../../avr/lib/avr5\libm.a(addsf3x.o)
__fp_pscA                                         c:/arduino/hardware/tools/avr/bin/../lib/gcc/avr/4.8.1/../../../../avr/lib/avr5\libm.a(fp_pscA.o)
                                                  c:/arduino/hardware/tools/avr/bin/../lib/gcc/avr/4.8.1/../../../../avr/lib/avr5\libm.a(mulsf3x.o)
                                                  c:/arduino/hardware/tools/avr/bin/../lib/gcc/avr/4.8.1/../../../../avr/lib/avr5\libm.a(divsf3x.o)
                                                  c:/arduino/hardware/tools/avr/bin/../lib/gcc/avr/4.8.1/../../../../avr/lib/avr5\libm.a(addsf3x.o)
__fp_pscB                                         c:/arduino/hardware/tools/avr/bin/../lib/gcc/avr/4.8.1/../../../../avr/lib/avr5\libm.a(fp_pscB.o)
                                                  c:/arduino/hardware/tools/avr/bin/../lib/gcc/avr/4.8.1/../../../../avr/lib/avr5\libm.a(mulsf3x.o)
                                                  c:/arduino/hardware/tools/avr/bin/../lib/gcc/avr/4.8.1/../../../../avr/lib/avr5\libm.a(divsf3x.o)
                                                  c:/arduino/hardware/tools/avr/bin/../lib/gcc/avr/4.8.1/../../../../avr/lib/avr5\libm.a(addsf3x.o)
__fp_round                                        c:/arduino/hardware/tools/avr/bin/../lib/gcc/avr/4.8.1/../../../../avr/lib/avr5\libm.a(fp_round.o)
                                                  c:/arduino/hardware/tools/avr/bin/../lib/gcc/avr/4.8.1/../../../../avr/lib/avr5\libm.a(mulsf3.o)
                                                  c:/arduino/hardware/tools/avr/bin/../lib/gcc/avr/4.8.1/../../../../avr/lib/avr5\libm.a(divsf3.o)
                                                  c:/arduino/hardware/tools/avr/bin/../lib/gcc/avr/4.8.1/../../../../avr/lib/avr5\libm.a(addsf3.o)
__fp_split3                                       c:/arduino/hardware/tools/avr/bin/../lib/gcc/avr/4.8.1/../../../../avr/lib/avr5\libm.a(fp_split3.o)
                                                  c:/arduino/hardware/tools/avr/bin/../lib/gcc/avr/4.8.1/../../../../avr/lib/avr5\libm.a(mulsf3x.o)
                                                  c:/arduino/hardware/tools/avr/bin/../lib/gcc/avr/4.8.1/../../../../avr/lib/avr5\libm.a(divsf3x.o)
                                                  c:/arduino/hardware/tools/avr/bin/../lib/gcc/avr/4.8.1/../../../../avr/lib/avr5\libm.a(addsf3x.o)
__fp_splitA                                       c:/arduino/hardware/tools/avr/bin/../lib/gcc/avr/4.8.1/../../../../avr/lib/avr5\libm.a(fp_split3.o)
                                                  c:/arduino/hardware/tools/avr/bin/../lib/gcc/avr/4.8.1/../../../../avr/lib/avr5\libm.a(fixunssfsi.o)
__fp_szero                                        c:/arduino/hardware/tools/avr/bin/../lib/gcc/avr/4.8.1/../../../../avr/lib/avr5\libm.a(fp_zero.o)
                                                  c:/arduino/hardware/tools/avr/bin/../lib/gcc/avr/4.8.1/../../../../avr/lib/avr5\libm.a(mulsf3x.o)
                                                  c:/arduino/hardware/tools/avr/bin/../lib/gcc/avr/4.8.1/../../../../avr/lib/avr5\libm.a(fixsfsi.o)
                                                  c:/arduino/hardware/tools/avr/bin/../lib/gcc/avr/4.8.1/../../../../avr/lib/avr5\libm.a(divsf3x.o)
__fp_zero                                         c:/arduino/hardware/tools/avr/bin/../lib/gcc/avr/4.8.1/../../../../avr/lib/avr5\libm.a(fp_zero.o)
                                                  c:/arduino/hardware/tools/avr/bin/../lib/gcc/avr/4.8.1/../../../../avr/lib/avr5\libm.a(fixunssfsi.o)
                                                  c:/arduino/hardware/tools/avr/bin/../lib/gcc/avr/4.8.1/../../../../avr/lib/avr5\libm.a(addsf3x.o)
__gesf2                                           c:/arduino/hardware/tools/avr/bin/../lib/gcc/avr/4.8.1/../../../../avr/lib/avr5\libm.a(gesf2.o)
__gtsf2                                           c:/arduino/hardware/tools/avr/bin/../lib/gcc/avr/4.8.1/../../../../avr/lib/avr5\libm.a(gesf2.o)
                                                  C:\Users\USER\Documents\Workspace\ArduinoCore\328P_16MHz\libArduinoCore.a(Print.o)
__heap_end                                        c:/arduino/hardware/tools/avr/bin/../lib/gcc/avr/4.8.1/../../../../avr/lib/avr5/crtm328p.o
__init                                            c:/arduino/hardware/tools/avr/bin/../lib/gcc/avr/4.8.1/../../../../avr/lib/avr5/crtm328p.o
__lesf2                                           c:/arduino/hardware/tools/avr/bin/../lib/gcc/avr/4.8.1/../../../../avr/lib/avr5\libm.a(cmpsf2.o)
                                                  C:\Users\USER\Documents\Workspace\ArduinoCore\328P_16MHz\libArduinoCore.a(Print.o)
__ltsf2                                           c:/arduino/hardware/tools/avr/bin/../lib/gcc/avr/4.8.1/../../../../avr/lib/avr5\libm.a(cmpsf2.o)
                                                  C:\Users\USER\Documents\Workspace\ArduinoCore\328P_16MHz\libArduinoCore.a(Print.o)
__mulohisi3                                       c:/arduino/hardware/tools/avr/bin/../lib/gcc/avr/4.8.1/avr5\libgcc.a(_mulshisi3.o)
__mulsf3                                          c:/arduino/hardware/tools/avr/bin/../lib/gcc/avr/4.8.1/../../../../avr/lib/avr5\libm.a(mulsf3.o)
                                                  C:\Users\USER\Documents\Workspace\ArduinoCore\328P_16MHz\libArduinoCore.a(Print.o)
                                                  ./lib_src/RCSwitch/RCSwitch.o
__mulsf3_pse                                      c:/arduino/hardware/tools/avr/bin/../lib/gcc/avr/4.8.1/../../../../avr/lib/avr5\libm.a(mulsf3x.o)
__mulsf3x                                         c:/arduino/hardware/tools/avr/bin/../lib/gcc/avr/4.8.1/../../../../avr/lib/avr5\libm.a(mulsf3x.o)
                                                  c:/arduino/hardware/tools/avr/bin/../lib/gcc/avr/4.8.1/../../../../avr/lib/avr5\libm.a(mulsf3.o)
__mulshisi3                                       c:/arduino/hardware/tools/avr/bin/../lib/gcc/avr/4.8.1/avr5\libgcc.a(_mulshisi3.o)
                                                  ./lib_src/Time/Time.o
__muluhisi3                                       c:/arduino/hardware/tools/avr/bin/../lib/gcc/avr/4.8.1/avr5\libgcc.a(_muluhisi3.o)
                                                  c:/arduino/hardware/tools/avr/bin/../lib/gcc/avr/4.8.1/avr5\libgcc.a(_mulshisi3.o)
                                                  C:\Users\USER\Documents\Workspace\ArduinoCore\328P_16MHz\libArduinoCore.a(wiring_pulse.o)
                                                  ./lib_src/Time/Time.o
__negsi2                                          c:/arduino/hardware/tools/avr/bin/../lib/gcc/avr/4.8.1/avr5\libgcc.a(_negsi2.o)
                                                  c:/arduino/hardware/tools/avr/bin/../lib/gcc/avr/4.8.1/avr5\libgcc.a(_divmodsi4.o)
__nesf2                                           c:/arduino/hardware/tools/avr/bin/../lib/gcc/avr/4.8.1/../../../../avr/lib/avr5\libm.a(cmpsf2.o)
__prologue_saves__                                c:/arduino/hardware/tools/avr/bin/../lib/gcc/avr/4.8.1/avr5\libgcc.a(_prologue.o)
                                                  c:/arduino/hardware/tools/avr/bin/../lib/gcc/avr/4.8.1/../../../../avr/lib/avr5\libc.a(vfprintf_std.o)
                                                  c:/arduino/hardware/tools/avr/bin/../lib/gcc/avr/4.8.1/../../../../avr/lib/avr5\libc.a(vsnprintf.o)
__stack                                           c:/arduino/hardware/tools/avr/bin/../lib/gcc/avr/4.8.1/../../../../avr/lib/avr5/crtm328p.o
__subsf3                                          c:/arduino/hardware/tools/avr/bin/../lib/gcc/avr/4.8.1/../../../../avr/lib/avr5\libm.a(addsf3.o)
                                                  C:\Users\USER\Documents\Workspace\ArduinoCore\328P_16MHz\libArduinoCore.a(Print.o)
__tablejump2__                                    c:/arduino/hardware/tools/avr/bin/../lib/gcc/avr/4.8.1/avr5\libgcc.a(_tablejump.o)
                                                  ./lib_src/RCSwitch/RCSwitch.o
__tablejump__                                     c:/arduino/hardware/tools/avr/bin/../lib/gcc/avr/4.8.1/avr5\libgcc.a(_tablejump.o)
                                                  c:/arduino/hardware/tools/avr/bin/../lib/gcc/avr/4.8.1/avr5\libgcc.a(_ctors.o)
__udivmodhi4                                      c:/arduino/hardware/tools/avr/bin/../lib/gcc/avr/4.8.1/avr5\libgcc.a(_udivmodhi4.o)
                                                  c:/arduino/hardware/tools/avr/bin/../lib/gcc/avr/4.8.1/avr5\libgcc.a(_divmodhi4.o)
__udivmodsi4                                      c:/arduino/hardware/tools/avr/bin/../lib/gcc/avr/4.8.1/avr5\libgcc.a(_udivmodsi4.o)
                                                  c:/arduino/hardware/tools/avr/bin/../lib/gcc/avr/4.8.1/avr5\libgcc.a(_divmodsi4.o)
                                                  C:\Users\USER\Documents\Workspace\ArduinoCore\328P_16MHz\libArduinoCore.a(Print.o)
                                                  C:\Users\USER\Documents\Workspace\ArduinoCore\328P_16MHz\libArduinoCore.a(HardwareSerial.o)
                                                  ./lib_src/SoftwareSerial/SoftwareSerial.o
                                                  ./lib_src/Time/Time.o
__ultoa_invert                                    c:/arduino/hardware/tools/avr/bin/../lib/gcc/avr/4.8.1/../../../../avr/lib/avr5\libc.a(ultoa_invert.o)
                                                  c:/arduino/hardware/tools/avr/bin/../lib/gcc/avr/4.8.1/../../../../avr/lib/avr5\libc.a(vfprintf_std.o)
__umulhisi3                                       c:/arduino/hardware/tools/avr/bin/../lib/gcc/avr/4.8.1/avr5\libgcc.a(_umulhisi3.o)
                                                  c:/arduino/hardware/tools/avr/bin/../lib/gcc/avr/4.8.1/avr5\libgcc.a(_muluhisi3.o)
                                                  c:/arduino/hardware/tools/avr/bin/../lib/gcc/avr/4.8.1/avr5\libgcc.a(_usmulhisi3.o)
                                                  ./lib_src/RCSwitch/RCSwitch.o
                                                  ./lib_src/Time/Time.o
__unordsf2                                        c:/arduino/hardware/tools/avr/bin/../lib/gcc/avr/4.8.1/../../../../avr/lib/avr5\libm.a(unordsf2.o)
                                                  C:\Users\USER\Documents\Workspace\ArduinoCore\328P_16MHz\libArduinoCore.a(Print.o)
__usmulhisi3                                      c:/arduino/hardware/tools/avr/bin/../lib/gcc/avr/4.8.1/avr5\libgcc.a(_usmulhisi3.o)
                                                  ./lib_src/RCSwitch/RCSwitch.o
__usmulhisi3_tail                                 c:/arduino/hardware/tools/avr/bin/../lib/gcc/avr/4.8.1/avr5\libgcc.a(_usmulhisi3.o)
__vector_1                                        C:\Users\USER\Documents\Workspace\ArduinoCore\328P_16MHz\libArduinoCore.a(WInterrupts.o)
                                                  c:/arduino/hardware/tools/avr/bin/../lib/gcc/avr/4.8.1/../../../../avr/lib/avr5/crtm328p.o
__vector_10                                       c:/arduino/hardware/tools/avr/bin/../lib/gcc/avr/4.8.1/../../../../avr/lib/avr5/crtm328p.o
__vector_11                                       c:/arduino/hardware/tools/avr/bin/../lib/gcc/avr/4.8.1/../../../../avr/lib/avr5/crtm328p.o
__vector_12                                       c:/arduino/hardware/tools/avr/bin/../lib/gcc/avr/4.8.1/../../../../avr/lib/avr5/crtm328p.o
__vector_13                                       c:/arduino/hardware/tools/avr/bin/../lib/gcc/avr/4.8.1/../../../../avr/lib/avr5/crtm328p.o
__vector_14                                       c:/arduino/hardware/tools/avr/bin/../lib/gcc/avr/4.8.1/../../../../avr/lib/avr5/crtm328p.o
__vector_15                                       c:/arduino/hardware/tools/avr/bin/../lib/gcc/avr/4.8.1/../../../../avr/lib/avr5/crtm328p.o
__vector_16                                       C:\Users\USER\Documents\Workspace\ArduinoCore\328P_16MHz\libArduinoCore.a(wiring.o)
                                                  c:/arduino/hardware/tools/avr/bin/../lib/gcc/avr/4.8.1/../../../../avr/lib/avr5/crtm328p.o
__vector_17                                       c:/arduino/hardware/tools/avr/bin/../lib/gcc/avr/4.8.1/../../../../avr/lib/avr5/crtm328p.o
__vector_18                                       C:\Users\USER\Documents\Workspace\ArduinoCore\328P_16MHz\libArduinoCore.a(HardwareSerial0.o)
                                                  c:/arduino/hardware/tools/avr/bin/../lib/gcc/avr/4.8.1/../../../../avr/lib/avr5/crtm328p.o
__vector_19                                       C:\Users\USER\Documents\Workspace\ArduinoCore\328P_16MHz\libArduinoCore.a(HardwareSerial0.o)
                                                  c:/arduino/hardware/tools/avr/bin/../lib/gcc/avr/4.8.1/../../../../avr/lib/avr5/crtm328p.o
__vector_2                                        C:\Users\USER\Documents\Workspace\ArduinoCore\328P_16MHz\libArduinoCore.a(WInterrupts.o)
                                                  c:/arduino/hardware/tools/avr/bin/../lib/gcc/avr/4.8.1/../../../../avr/lib/avr5/crtm328p.o
__vector_20                                       c:/arduino/hardware/tools/avr/bin/../lib/gcc/avr/4.8.1/../../../../avr/lib/avr5/crtm328p.o
__vector_21                                       c:/arduino/hardware/tools/avr/bin/../lib/gcc/avr/4.8.1/../../../../avr/lib/avr5/crtm328p.o
__vector_22                                       c:/arduino/hardware/tools/avr/bin/../lib/gcc/avr/4.8.1/../../../../avr/lib/avr5/crtm328p.o
__vector_23                                       c:/arduino/hardware/tools/avr/bin/../lib/gcc/avr/4.8.1/../../../../avr/lib/avr5/crtm328p.o
__vector_24                                       c:/arduino/hardware/tools/avr/bin/../lib/gcc/avr/4.8.1/../../../../avr/lib/avr5/crtm328p.o
__vector_25                                       c:/arduino/hardware/tools/avr/bin/../lib/gcc/avr/4.8.1/../../../../avr/lib/avr5/crtm328p.o
__vector_3                                        ./lib_src/SoftwareSerial/SoftwareSerial.o
                                                  c:/arduino/hardware/tools/avr/bin/../lib/gcc/avr/4.8.1/../../../../avr/lib/avr5/crtm328p.o
__vector_4                                        ./lib_src/SoftwareSerial/SoftwareSerial.o
                                                  c:/arduino/hardware/tools/avr/bin/../lib/gcc/avr/4.8.1/../../../../avr/lib/avr5/crtm328p.o
__vector_5                                        ./lib_src/SoftwareSerial/SoftwareSerial.o
                                                  c:/arduino/hardware/tools/avr/bin/../lib/gcc/avr/4.8.1/../../../../avr/lib/avr5/crtm328p.o
__vector_6                                        c:/arduino/hardware/tools/avr/bin/../lib/gcc/avr/4.8.1/../../../../avr/lib/avr5/crtm328p.o
__vector_7                                        c:/arduino/hardware/tools/avr/bin/../lib/gcc/avr/4.8.1/../../../../avr/lib/avr5/crtm328p.o
__vector_8                                        c:/arduino/hardware/tools/avr/bin/../lib/gcc/avr/4.8.1/../../../../avr/lib/avr5/crtm328p.o
__vector_9                                        c:/arduino/hardware/tools/avr/bin/../lib/gcc/avr/4.8.1/../../../../avr/lib/avr5/crtm328p.o
__vector_default                                  c:/arduino/hardware/tools/avr/bin/../lib/gcc/avr/4.8.1/../../../../avr/lib/avr5/crtm328p.o
__vectors                                         c:/arduino/hardware/tools/avr/bin/../lib/gcc/avr/4.8.1/../../../../avr/lib/avr5/crtm328p.o
_div                                              c:/arduino/hardware/tools/avr/bin/../lib/gcc/avr/4.8.1/avr5\libgcc.a(_divmodhi4.o)
_exit                                             c:/arduino/hardware/tools/avr/bin/../lib/gcc/avr/4.8.1/avr5\libgcc.a(_exit.o)
                                                  c:/arduino/hardware/tools/avr/bin/../lib/gcc/avr/4.8.1/../../../../avr/lib/avr5\libc.a(abort.o)
abort                                             c:/arduino/hardware/tools/avr/bin/../lib/gcc/avr/4.8.1/../../../../avr/lib/avr5\libc.a(abort.o)
                                                  C:\Users\USER\Documents\Workspace\ArduinoCore\328P_16MHz\libArduinoCore.a(abi.o)
analogRead                                        C:\Users\USER\Documents\Workspace\ArduinoCore\328P_16MHz\libArduinoCore.a(wiring_analog.o)
                                                  ./lib_src/HomeAutoLight/HomeAutoLight.o
analogReference                                   C:\Users\USER\Documents\Workspace\ArduinoCore\328P_16MHz\libArduinoCore.a(wiring_analog.o)
analogWrite                                       C:\Users\USER\Documents\Workspace\ArduinoCore\328P_16MHz\libArduinoCore.a(wiring_analog.o)
analog_reference                                  C:\Users\USER\Documents\Workspace\ArduinoCore\328P_16MHz\libArduinoCore.a(wiring_analog.o)
atexit                                            C:\Users\USER\Documents\Workspace\ArduinoCore\328P_16MHz\libArduinoCore.a(main.o)
attachInterrupt                                   C:\Users\USER\Documents\Workspace\ArduinoCore\328P_16MHz\libArduinoCore.a(WInterrupts.o)
                                                  ./lib_src/HomeAutoLight/HomeAutoLight.o
                                                  ./lib_src/RCSwitch/RCSwitch.o
delay                                             C:\Users\USER\Documents\Workspace\ArduinoCore\328P_16MHz\libArduinoCore.a(wiring.o)
                                                  ./lib_src/HomeAutoLight/HomeAutoLight.o
delayMicroseconds                                 C:\Users\USER\Documents\Workspace\ArduinoCore\328P_16MHz\libArduinoCore.a(wiring.o)
                                                  ./lib_src/HomeAutoLight/HomeAutoLight.o
                                                  ./lib_src/RCSwitch/RCSwitch.o
detachInterrupt                                   C:\Users\USER\Documents\Workspace\ArduinoCore\328P_16MHz\libArduinoCore.a(WInterrupts.o)
                                                  ./lib_src/HomeAutoLight/HomeAutoLight.o
                                                  ./lib_src/RCSwitch/RCSwitch.o
digitalRead                                       C:\Users\USER\Documents\Workspace\ArduinoCore\328P_16MHz\libArduinoCore.a(wiring_digital.o)
                                                  ./lib_src/HomeAutoLight/HomeAutoLight.o
digitalWrite                                      C:\Users\USER\Documents\Workspace\ArduinoCore\328P_16MHz\libArduinoCore.a(wiring_digital.o)
                                                  C:\Users\USER\Documents\Workspace\ArduinoCore\328P_16MHz\libArduinoCore.a(wiring_analog.o)
                                                  ./lib_src/HomeAutoLight/HomeAutoLight.o
                                                  ./lib_src/RCSwitch/RCSwitch.o
                                                  ./lib_src/SoftwareSerial/SoftwareSerial.o
digital_pin_to_bit_mask_PGM                       C:\Users\USER\Documents\Workspace\ArduinoCore\328P_16MHz\libArduinoCore.a(wiring_digital.o)
                                                  C:\Users\USER\Documents\Workspace\ArduinoCore\328P_16MHz\libArduinoCore.a(wiring_pulse.o)
                                                  ./lib_src/SoftwareSerial/SoftwareSerial.o
digital_pin_to_port_PGM                           C:\Users\USER\Documents\Workspace\ArduinoCore\328P_16MHz\libArduinoCore.a(wiring_digital.o)
                                                  C:\Users\USER\Documents\Workspace\ArduinoCore\328P_16MHz\libArduinoCore.a(wiring_pulse.o)
                                                  ./lib_src/SoftwareSerial/SoftwareSerial.o
digital_pin_to_timer_PGM                          C:\Users\USER\Documents\Workspace\ArduinoCore\328P_16MHz\libArduinoCore.a(wiring_digital.o)
                                                  C:\Users\USER\Documents\Workspace\ArduinoCore\328P_16MHz\libArduinoCore.a(wiring_analog.o)
exit                                              c:/arduino/hardware/tools/avr/bin/../lib/gcc/avr/4.8.1/avr5\libgcc.a(_exit.o)
                                                  c:/arduino/hardware/tools/avr/bin/../lib/gcc/avr/4.8.1/../../../../avr/lib/avr5/crtm328p.o
fputc                                             c:/arduino/hardware/tools/avr/bin/../lib/gcc/avr/4.8.1/../../../../avr/lib/avr5\libc.a(fputc.o)
                                                  c:/arduino/hardware/tools/avr/bin/../lib/gcc/avr/4.8.1/../../../../avr/lib/avr5\libc.a(vfprintf_std.o)
getTimePtr                                        ./lib_src/Time/Time.o
get_reliable_data                                 ./lib_src/HomeAutoLight/HomeAutoLight.o
init                                              C:\Users\USER\Documents\Workspace\ArduinoCore\328P_16MHz\libArduinoCore.a(wiring.o)
                                                  C:\Users\USER\Documents\Workspace\ArduinoCore\328P_16MHz\libArduinoCore.a(main.o)
initVariant                                       C:\Users\USER\Documents\Workspace\ArduinoCore\328P_16MHz\libArduinoCore.a(main.o)
light_app                                         ./main.o
loop                                              ./main.o
                                                  C:\Users\USER\Documents\Workspace\ArduinoCore\328P_16MHz\libArduinoCore.a(main.o)
main                                              C:\Users\USER\Documents\Workspace\ArduinoCore\328P_16MHz\libArduinoCore.a(main.o)